#
# There is insufficient memory for the Java Runtime Environment to continue.
# Native memory allocation (malloc) failed to allocate 1876176 bytes. Error detail: Chunk::new
# Possible reasons:
#   The system is out of physical RAM or swap space
#   This process is running with CompressedOops enabled, and the Java Heap may be blocking the growth of the native heap
# Possible solutions:
#   Reduce memory load on the system
#   Increase physical memory or swap space
#   Check if swap backing store is full
#   Decrease Java heap size (-Xmx/-Xms)
#   Decrease number of Java threads
#   Decrease Java thread stack sizes (-Xss)
#   Set larger code cache with -XX:ReservedCodeCacheSize=
#   JVM is running with Unscaled Compressed Oops mode in which the Java heap is
#     placed in the first 4GB address space. The Java Heap base address is the
#     maximum limit for the native heap growth. Please use -XX:HeapBaseMinAddress
#     to set the Java Heap base and to place the Java Heap above 4GB virtual address.
# This output file may be truncated or incomplete.
#
#  Out of Memory Error (arena.cpp:168), pid=32280, tid=33092
#
# JRE version: OpenJDK Runtime Environment Temurin-21.0.9+10 (21.0.9+10) (build 21.0.9+10-LTS)
# Java VM: OpenJDK 64-Bit Server VM Temurin-21.0.9+10 (21.0.9+10-LTS, mixed mode, sharing, tiered, compressed oops, compressed class ptrs, parallel gc, windows-amd64)
# No core dump will be written. Minidumps are not enabled by default on client versions of Windows
#

---------------  S U M M A R Y ------------

Command Line: --add-modules=ALL-SYSTEM --add-opens=java.base/java.util=ALL-UNNAMED --add-opens=java.base/java.lang=ALL-UNNAMED --add-opens=java.base/sun.nio.fs=ALL-UNNAMED -Declipse.application=org.eclipse.jdt.ls.core.id1 -Dosgi.bundles.defaultStartLevel=4 -Declipse.product=org.eclipse.jdt.ls.core.product -Djava.import.generatesMetadataFilesAtProjectRoot=false -DDetectVMInstallationsJob.disabled=true -Dfile.encoding=utf8 -XX:+UseParallelGC -XX:GCTimeRatio=4 -XX:AdaptiveSizePolicyWeight=90 -Dsun.zip.disableMemoryMapping=true -Xmx2G -Xms100m -Xlog:disable -javaagent:c:\Users\HP\.vscode\extensions\redhat.java-1.50.0-win32-x64\lombok\lombok-1.18.39-4050.jar -XX:+HeapDumpOnOutOfMemoryError -XX:HeapDumpPath=c:\Users\HP\AppData\Roaming\Code\User\workspaceStorage\1c8da4d1c9dacf3607822161d7de60ba\redhat.java -Daether.dependencyCollector.impl=bf c:\Users\HP\.vscode\extensions\redhat.java-1.50.0-win32-x64\server\plugins\org.eclipse.equinox.launcher_1.7.100.v20251111-0406.jar -configuration c:\Users\HP\AppData\Roaming\Code\User\globalStorage\redhat.java\1.50.0\config_win -data c:\Users\HP\AppData\Roaming\Code\User\workspaceStorage\1c8da4d1c9dacf3607822161d7de60ba\redhat.java\jdt_ws --pipe=\\.\pipe\lsp-190152b9e79ddbed683e808611cd305f-sock

Host: 12th Gen Intel(R) Core(TM) i5-1235U, 12 cores, 15G,  Windows 11 , 64 bit Build 26100 (10.0.26100.7309)
Time: Mon Dec 15 12:40:39 2025 Sri Lanka Standard Time elapsed time: 16.936313 seconds (0d 0h 0m 16s)

---------------  T H R E A D  ---------------

Current thread (0x000002c5f8f92c00):  JavaThread "C2 CompilerThread2" daemon [_thread_in_native, id=33092, stack(0x000000c9b9b00000,0x000000c9b9c00000) (1024K)]


Current CompileTask:
C2:16936 4940   !   4       org.eclipse.osgi.internal.loader.classpath.ClasspathManager::defineClass (636 bytes)

Stack: [0x000000c9b9b00000,0x000000c9b9c00000]
Native frames: (J=compiled Java code, j=interpreted, Vv=VM code, C=native code)
V  [jvm.dll+0x6d6e29]
V  [jvm.dll+0x8b4b76]
V  [jvm.dll+0x8b712e]
V  [jvm.dll+0x8b7813]
V  [jvm.dll+0x283d86]
V  [jvm.dll+0xc66ed]
V  [jvm.dll+0xc6c31]
V  [jvm.dll+0x3be53b]
V  [jvm.dll+0x38ab92]
V  [jvm.dll+0x389fda]
V  [jvm.dll+0x24bfa0]
V  [jvm.dll+0x24b580]
V  [jvm.dll+0x1cb13e]
V  [jvm.dll+0x25b29d]
V  [jvm.dll+0x25982a]
V  [jvm.dll+0x3f7ea6]
V  [jvm.dll+0x85e9ad]
V  [jvm.dll+0x6d565d]
C  [ucrtbase.dll+0x37b0]
C  [KERNEL32.DLL+0x2e8d7]
C  [ntdll.dll+0x8c53c]


---------------  P R O C E S S  ---------------

Threads class SMR info:
_java_thread_list=0x000002c5fa5832a0, length=44, elements={
0x000002c59795f1d0, 0x000002c5f3100080, 0x000002c5f3103bc0, 0x000002c5f310b4b0,
0x000002c5f310c380, 0x000002c5f310ede0, 0x000002c5f310f830, 0x000002c5f3110660,
0x000002c5f3187340, 0x000002c5f339be00, 0x000002c5f346de10, 0x000002c5f39c5010,
0x000002c5f81d5ec0, 0x000002c5f80163c0, 0x000002c5f8016e30, 0x000002c5f85ec430,
0x000002c5f84c4500, 0x000002c5f3af2d90, 0x000002c5f8ed4840, 0x000002c5f3624cb0,
0x000002c5f3625340, 0x000002c5f3624620, 0x000002c5f36259d0, 0x000002c5fb057ab0,
0x000002c5fb0559e0, 0x000002c5f3279b80, 0x000002c5f8f92c00, 0x000002c5fb058140,
0x000002c5fb0587d0, 0x000002c5fb058e60, 0x000002c5fb056d90, 0x000002c5fb0594f0,
0x000002c5fb056700, 0x000002c5fb056070, 0x000002c5fb059b80, 0x000002c5fb05a210,
0x000002c5fb05a8a0, 0x000002c5fb057420, 0x000002c5fb05af30, 0x000002c5fb05bc50,
0x000002c5fb05c2e0, 0x000002c5fb05c970, 0x000002c5fb05b5c0, 0x000002c5fb05d000
}

Java Threads: ( => current thread )
  0x000002c59795f1d0 JavaThread "main"                              [_thread_blocked, id=28692, stack(0x000000c9b7300000,0x000000c9b7400000) (1024K)]
  0x000002c5f3100080 JavaThread "Reference Handler"          daemon [_thread_blocked, id=31980, stack(0x000000c9b7700000,0x000000c9b7800000) (1024K)]
  0x000002c5f3103bc0 JavaThread "Finalizer"                  daemon [_thread_blocked, id=21652, stack(0x000000c9b7800000,0x000000c9b7900000) (1024K)]
  0x000002c5f310b4b0 JavaThread "Signal Dispatcher"          daemon [_thread_blocked, id=28260, stack(0x000000c9b7900000,0x000000c9b7a00000) (1024K)]
  0x000002c5f310c380 JavaThread "Attach Listener"            daemon [_thread_blocked, id=12680, stack(0x000000c9b7a00000,0x000000c9b7b00000) (1024K)]
  0x000002c5f310ede0 JavaThread "Service Thread"             daemon [_thread_blocked, id=30836, stack(0x000000c9b7b00000,0x000000c9b7c00000) (1024K)]
  0x000002c5f310f830 JavaThread "Monitor Deflation Thread"   daemon [_thread_blocked, id=21476, stack(0x000000c9b7c00000,0x000000c9b7d00000) (1024K)]
  0x000002c5f3110660 JavaThread "C2 CompilerThread0"         daemon [_thread_in_native, id=18756, stack(0x000000c9b7d00000,0x000000c9b7e00000) (1024K)]
  0x000002c5f3187340 JavaThread "C1 CompilerThread0"         daemon [_thread_blocked, id=4656, stack(0x000000c9b7e00000,0x000000c9b7f00000) (1024K)]
  0x000002c5f339be00 JavaThread "Common-Cleaner"             daemon [_thread_blocked, id=16460, stack(0x000000c9b7f00000,0x000000c9b8000000) (1024K)]
  0x000002c5f346de10 JavaThread "Notification Thread"        daemon [_thread_blocked, id=18708, stack(0x000000c9b8000000,0x000000c9b8100000) (1024K)]
  0x000002c5f39c5010 JavaThread "Active Thread: Equinox Container: 16c47630-10c8-4a04-85ed-5db14c6d3ee1"        [_thread_blocked, id=16916, stack(0x000000c9b8200000,0x000000c9b8300000) (1024K)]
  0x000002c5f81d5ec0 JavaThread "Refresh Thread: Equinox Container: 16c47630-10c8-4a04-85ed-5db14c6d3ee1" daemon [_thread_blocked, id=31284, stack(0x000000c9b8100000,0x000000c9b8200000) (1024K)]
  0x000002c5f80163c0 JavaThread "Framework Event Dispatcher: Equinox Container: 16c47630-10c8-4a04-85ed-5db14c6d3ee1" daemon [_thread_blocked, id=11128, stack(0x000000c9b8a00000,0x000000c9b8b00000) (1024K)]
  0x000002c5f8016e30 JavaThread "Start Level: Equinox Container: 16c47630-10c8-4a04-85ed-5db14c6d3ee1" daemon [_thread_blocked, id=16172, stack(0x000000c9b8b00000,0x000000c9b8c00000) (1024K)]
  0x000002c5f85ec430 JavaThread "Bundle File Closer"         daemon [_thread_blocked, id=31540, stack(0x000000c9b8f00000,0x000000c9b9000000) (1024K)]
  0x000002c5f84c4500 JavaThread "SCR Component Actor"        daemon [_thread_blocked, id=26048, stack(0x000000c9b8c00000,0x000000c9b8d00000) (1024K)]
  0x000002c5f3af2d90 JavaThread "Worker-JM"                         [_thread_blocked, id=12088, stack(0x000000c9b9000000,0x000000c9b9100000) (1024K)]
  0x000002c5f8ed4840 JavaThread "JNA Cleaner"                daemon [_thread_blocked, id=29512, stack(0x000000c9b9100000,0x000000c9b9200000) (1024K)]
  0x000002c5f3624cb0 JavaThread "Worker-0: Repository registry initialization"        [_thread_blocked, id=13584, stack(0x000000c9b9200000,0x000000c9b9300000) (1024K)]
  0x000002c5f3625340 JavaThread "Worker-1: Updating Maven Dependencies"        [_thread_in_vm, id=15632, stack(0x000000c9b9300000,0x000000c9b9400000) (1024K)]
  0x000002c5f3624620 JavaThread "Worker-2"                          [_thread_blocked, id=30164, stack(0x000000c9b9400000,0x000000c9b9500000) (1024K)]
  0x000002c5f36259d0 JavaThread "Worker-3: Initialize After Load"        [_thread_blocked, id=10844, stack(0x000000c9b9500000,0x000000c9b9600000) (1024K)]
  0x000002c5fb057ab0 JavaThread "Java indexing"              daemon [_thread_blocked, id=25452, stack(0x000000c9b9800000,0x000000c9b9900000) (1024K)]
  0x000002c5fb0559e0 JavaThread "Worker-4"                          [_thread_blocked, id=25712, stack(0x000000c9b9600000,0x000000c9b9700000) (1024K)]
  0x000002c5f3279b80 JavaThread "C2 CompilerThread1"         daemon [_thread_in_native, id=27320, stack(0x000000c9b9700000,0x000000c9b9800000) (1024K)]
=>0x000002c5f8f92c00 JavaThread "C2 CompilerThread2"         daemon [_thread_in_native, id=33092, stack(0x000000c9b9b00000,0x000000c9b9c00000) (1024K)]
  0x000002c5fb058140 JavaThread "Worker-5"                          [_thread_blocked, id=28744, stack(0x000000c9b9c00000,0x000000c9b9d00000) (1024K)]
  0x000002c5fb0587d0 JavaThread "Thread-1"                   daemon [_thread_in_native, id=26040, stack(0x000000c9b9d00000,0x000000c9b9e00000) (1024K)]
  0x000002c5fb058e60 JavaThread "Thread-2"                   daemon [_thread_in_native, id=11192, stack(0x000000c9b9e00000,0x000000c9b9f00000) (1024K)]
  0x000002c5fb056d90 JavaThread "Thread-3"                   daemon [_thread_in_native, id=6572, stack(0x000000c9b9f00000,0x000000c9ba000000) (1024K)]
  0x000002c5fb0594f0 JavaThread "Thread-4"                   daemon [_thread_in_native, id=16864, stack(0x000000c9ba000000,0x000000c9ba100000) (1024K)]
  0x000002c5fb056700 JavaThread "Thread-5"                   daemon [_thread_in_native, id=11408, stack(0x000000c9ba100000,0x000000c9ba200000) (1024K)]
  0x000002c5fb056070 JavaThread "Thread-6"                   daemon [_thread_in_native, id=15524, stack(0x000000c9ba200000,0x000000c9ba300000) (1024K)]
  0x000002c5fb059b80 JavaThread "Thread-7"                   daemon [_thread_in_native, id=23168, stack(0x000000c9ba300000,0x000000c9ba400000) (1024K)]
  0x000002c5fb05a210 JavaThread "Thread-8"                   daemon [_thread_in_native, id=25228, stack(0x000000c9ba400000,0x000000c9ba500000) (1024K)]
  0x000002c5fb05a8a0 JavaThread "Thread-9"                   daemon [_thread_in_native, id=11948, stack(0x000000c9ba500000,0x000000c9ba600000) (1024K)]
  0x000002c5fb057420 JavaThread "Thread-10"                  daemon [_thread_in_native, id=7112, stack(0x000000c9ba600000,0x000000c9ba700000) (1024K)]
  0x000002c5fb05af30 JavaThread "Thread-11"                  daemon [_thread_in_native, id=12844, stack(0x000000c9ba700000,0x000000c9ba800000) (1024K)]
  0x000002c5fb05bc50 JavaThread "Thread-12"                  daemon [_thread_in_native, id=28420, stack(0x000000c9ba800000,0x000000c9ba900000) (1024K)]
  0x000002c5fb05c2e0 JavaThread "Thread-13"                  daemon [_thread_in_native, id=31184, stack(0x000000c9ba900000,0x000000c9baa00000) (1024K)]
  0x000002c5fb05c970 JavaThread "pool-2-thread-1"                   [_thread_blocked, id=22360, stack(0x000000c9baa00000,0x000000c9bab00000) (1024K)]
  0x000002c5fb05b5c0 JavaThread "WorkspaceEventsHandler"            [_thread_blocked, id=19208, stack(0x000000c9bab00000,0x000000c9bac00000) (1024K)]
  0x000002c5fb05d000 JavaThread "pool-1-thread-1"                   [_thread_blocked, id=3772, stack(0x000000c9bac00000,0x000000c9bad00000) (1024K)]
Total: 44

Other Threads:
  0x000002c5f11e49d0 VMThread "VM Thread"                           [id=6388, stack(0x000000c9b7600000,0x000000c9b7700000) (1024K)]
  0x000002c5f10dcb30 WatcherThread "VM Periodic Task Thread"        [id=26732, stack(0x000000c9b7500000,0x000000c9b7600000) (1024K)]
  0x000002c59797c590 WorkerThread "GC Thread#0"                     [id=15320, stack(0x000000c9b7400000,0x000000c9b7500000) (1024K)]
  0x000002c5f3a00c90 WorkerThread "GC Thread#1"                     [id=32928, stack(0x000000c9b8300000,0x000000c9b8400000) (1024K)]
  0x000002c5f3b433d0 WorkerThread "GC Thread#2"                     [id=28536, stack(0x000000c9b8400000,0x000000c9b8500000) (1024K)]
  0x000002c5f3b4e710 WorkerThread "GC Thread#3"                     [id=20588, stack(0x000000c9b8500000,0x000000c9b8600000) (1024K)]
  0x000002c5f3b4eab0 WorkerThread "GC Thread#4"                     [id=24052, stack(0x000000c9b8600000,0x000000c9b8700000) (1024K)]
  0x000002c5f3b4ee50 WorkerThread "GC Thread#5"                     [id=10608, stack(0x000000c9b8700000,0x000000c9b8800000) (1024K)]
  0x000002c5f38d83e0 WorkerThread "GC Thread#6"                     [id=22672, stack(0x000000c9b8800000,0x000000c9b8900000) (1024K)]
  0x000002c5f3c31420 WorkerThread "GC Thread#7"                     [id=22040, stack(0x000000c9b8900000,0x000000c9b8a00000) (1024K)]
  0x000002c5f83dedc0 WorkerThread "GC Thread#8"                     [id=11792, stack(0x000000c9b8d00000,0x000000c9b8e00000) (1024K)]
  0x000002c5f85a3590 WorkerThread "GC Thread#9"                     [id=25456, stack(0x000000c9b8e00000,0x000000c9b8f00000) (1024K)]
Total: 12

Threads with active compile tasks:
C2 CompilerThread0  17029 5166       4       java.util.Calendar::internalSet (8 bytes)
C2 CompilerThread1  17029 5237   !   4       org.eclipse.osgi.internal.loader.classpath.ClasspathManager::findClassImpl (328 bytes)
C2 CompilerThread2  17029 4940   !   4       org.eclipse.osgi.internal.loader.classpath.ClasspathManager::defineClass (636 bytes)
Total: 3

VM state: not at safepoint (normal execution)

VM Mutex/Monitor currently owned by a thread: None

Heap address: 0x0000000080000000, size: 2048 MB, Compressed Oops mode: 32-bit

CDS archive(s) mapped at: [0x000002c5b0000000-0x000002c5b0ba0000-0x000002c5b0ba0000), size 12189696, SharedBaseAddress: 0x000002c5b0000000, ArchiveRelocationMode: 1.
Compressed class space mapped at: 0x000002c5b1000000-0x000002c5f1000000, reserved size: 1073741824
Narrow klass base: 0x000002c5b0000000, Narrow klass shift: 0, Narrow klass range: 0x100000000

GC Precious Log:
 CardTable entry size: 512
 CPUs: 12 total, 12 available
 Memory: 16016M
 Large Page Support: Disabled
 NUMA Support: Disabled
 Compressed Oops: Enabled (32-bit)
 Alignments: Space 512K, Generation 512K, Heap 2M
 Heap Min Capacity: 100M
 Heap Initial Capacity: 100M
 Heap Max Capacity: 2G
 Pre-touch: Disabled
 Parallel Workers: 10

Heap:
 PSYoungGen      total 24576K, used 6491K [0x00000000d5580000, 0x00000000d7000000, 0x0000000100000000)
  eden space 22016K, 23% used [0x00000000d5580000,0x00000000d5a96e40,0x00000000d6b00000)
  from space 2560K, 50% used [0x00000000d6b80000,0x00000000d6cc0000,0x00000000d6e00000)
  to   space 2048K, 0% used [0x00000000d6e00000,0x00000000d6e00000,0x00000000d7000000)
 ParOldGen       total 68608K, used 22371K [0x0000000080000000, 0x0000000084300000, 0x00000000d5580000)
  object space 68608K, 32% used [0x0000000080000000,0x00000000815d8ca8,0x0000000084300000)
 Metaspace       used 41477K, committed 42560K, reserved 1114112K
  class space    used 4487K, committed 4928K, reserved 1048576K

Card table byte_map: [0x000002c5ab400000,0x000002c5ab810000] _byte_map_base: 0x000002c5ab000000

Marking Bits: (ParMarkBitMap*) 0x00007ffafde72460
 Begin Bits: [0x000002c5abac0000, 0x000002c5adac0000)
 End Bits:   [0x000002c5adac0000, 0x000002c5afac0000)

Polling page: 0x000002c597680000

Metaspace:

Usage:
  Non-class:     36.12 MB used.
      Class:      4.38 MB used.
       Both:     40.51 MB used.

Virtual space:
  Non-class space:       64.00 MB reserved,      36.75 MB ( 57%) committed,  1 nodes.
      Class space:        1.00 GB reserved,       4.81 MB ( <1%) committed,  1 nodes.
             Both:        1.06 GB reserved,      41.56 MB (  4%) committed. 

Chunk freelists:
   Non-Class:  10.86 MB
       Class:  11.15 MB
        Both:  22.01 MB

MaxMetaspaceSize: unlimited
CompressedClassSpaceSize: 1.00 GB
Initial GC threshold: 21.00 MB
Current GC threshold: 58.88 MB
CDS: on
 - commit_granule_bytes: 65536.
 - commit_granule_words: 8192.
 - virtual_space_node_default_size: 8388608.
 - enlarge_chunks_in_place: 1.
 - use_allocation_guard: 0.


Internal statistics:

num_allocs_failed_limit: 10.
num_arena_births: 786.
num_arena_deaths: 14.
num_vsnodes_births: 2.
num_vsnodes_deaths: 0.
num_space_committed: 665.
num_space_uncommitted: 0.
num_chunks_returned_to_freelist: 24.
num_chunks_taken_from_freelist: 2692.
num_chunk_merges: 16.
num_chunk_splits: 1625.
num_chunks_enlarged: 873.
num_inconsistent_stats: 0.

CodeHeap 'non-profiled nmethods': size=120000Kb used=2519Kb max_used=2519Kb free=117480Kb
 bounds [0x000002c5a3cf0000, 0x000002c5a3f80000, 0x000002c5ab220000]
CodeHeap 'profiled nmethods': size=120000Kb used=9744Kb max_used=9927Kb free=110255Kb
 bounds [0x000002c59c220000, 0x000002c59cbe0000, 0x000002c5a3750000]
CodeHeap 'non-nmethods': size=5760Kb used=1361Kb max_used=1411Kb free=4398Kb
 bounds [0x000002c5a3750000, 0x000002c5a39c0000, 0x000002c5a3cf0000]
CodeCache: size=245760Kb, used=13624Kb, max_used=13857Kb, free=232133Kb
 total_blobs=5364, nmethods=4705, adapters=565, full_count=0
Compilation: enabled, stopped_count=0, restarted_count=0

Compilation events (20 events):
Event: 16.877 Thread 0x000002c5f3187340 5250       3       java.lang.invoke.DirectMethodHandle$Holder::invokeStatic (22 bytes)
Event: 16.878 Thread 0x000002c5f3187340 nmethod 5250 0x000002c59c629390 code [0x000002c59c629560, 0x000002c59c629ab0]
Event: 16.878 Thread 0x000002c5f3187340 5247   !   3       com.google.common.cache.LocalCache$Segment::get (210 bytes)
Event: 16.880 Thread 0x000002c5f3187340 nmethod 5247 0x000002c59c626a90 code [0x000002c59c626e80, 0x000002c59c628630]
Event: 16.880 Thread 0x000002c5f3187340 5251       3       java.lang.Class::createAnnotationData (185 bytes)
Event: 16.881 Thread 0x000002c5f3187340 nmethod 5251 0x000002c59c624e10 code [0x000002c59c625160, 0x000002c59c6264a8]
Event: 16.881 Thread 0x000002c5f3187340 5252       3       java.lang.Class$Atomic::casAnnotationData (13 bytes)
Event: 16.881 Thread 0x000002c5f3187340 nmethod 5252 0x000002c59c44fe10 code [0x000002c59c44ffa0, 0x000002c59c4500c0]
Event: 16.893 Thread 0x000002c5f3187340 5254       3       com.google.inject.spi.InjectionPoint::forInstanceMethodsAndFields (8 bytes)
Event: 16.894 Thread 0x000002c5f3187340 nmethod 5254 0x000002c59c2b3f10 code [0x000002c59c2b40e0, 0x000002c59c2b42f8]
Event: 16.903 Thread 0x000002c5f3187340 5255       3       sun.reflect.generics.parser.SignatureParser::parseTypeArguments (109 bytes)
Event: 16.904 Thread 0x000002c5f3187340 nmethod 5255 0x000002c59c419190 code [0x000002c59c419460, 0x000002c59c41a308]
Event: 16.905 Thread 0x000002c5f3187340 5256   !   3       com.google.inject.internal.BindingBuilder::toProvider (69 bytes)
Event: 16.906 Thread 0x000002c5f3187340 nmethod 5256 0x000002c59c417890 code [0x000002c59c417b40, 0x000002c59c418bc0]
Event: 16.906 Thread 0x000002c5f3187340 5257       3       com.google.inject.spi.InjectionPoint$InjectableField::toInjectionPoint (20 bytes)
Event: 16.906 Thread 0x000002c5f3187340 nmethod 5257 0x000002c59c624990 code [0x000002c59c624b40, 0x000002c59c624d00]
Event: 16.907 Thread 0x000002c5f3187340 5258   !   3       com.google.inject.spi.InjectionPoint::<init> (153 bytes)
Event: 16.909 Thread 0x000002c5f3187340 nmethod 5258 0x000002c59c414890 code [0x000002c59c414ce0, 0x000002c59c416b50]
Event: 16.916 Thread 0x000002c5f3187340 5260       2       org.eclipse.osgi.internal.container.KeyBasedLockStore::getLock (105 bytes)
Event: 16.917 Thread 0x000002c5f3187340 nmethod 5260 0x000002c59c390390 code [0x000002c59c3905e0, 0x000002c59c390c90]

GC Heap History (20 events):
Event: 12.733 GC heap before
{Heap before GC invocations=10 (full 1):
 PSYoungGen      total 25088K, used 24835K [0x00000000d5580000, 0x00000000d7480000, 0x0000000100000000)
  eden space 24064K, 100% used [0x00000000d5580000,0x00000000d6d00000,0x00000000d6d00000)
  from space 1024K, 75% used [0x00000000d7380000,0x00000000d7440eb8,0x00000000d7480000)
  to   space 2560K, 0% used [0x00000000d6f80000,0x00000000d6f80000,0x00000000d7200000)
 ParOldGen       total 68608K, used 15033K [0x0000000080000000, 0x0000000084300000, 0x00000000d5580000)
  object space 68608K, 21% used [0x0000000080000000,0x0000000080eae678,0x0000000084300000)
 Metaspace       used 26385K, committed 27264K, reserved 1114112K
  class space    used 2692K, committed 3072K, reserved 1048576K
}
Event: 12.735 GC heap after
{Heap after GC invocations=10 (full 1):
 PSYoungGen      total 26112K, used 2398K [0x00000000d5580000, 0x00000000d7400000, 0x0000000100000000)
  eden space 23552K, 0% used [0x00000000d5580000,0x00000000d5580000,0x00000000d6c80000)
  from space 2560K, 93% used [0x00000000d6f80000,0x00000000d71d7a80,0x00000000d7200000)
  to   space 2048K, 0% used [0x00000000d7200000,0x00000000d7200000,0x00000000d7400000)
 ParOldGen       total 68608K, used 15041K [0x0000000080000000, 0x0000000084300000, 0x00000000d5580000)
  object space 68608K, 21% used [0x0000000080000000,0x0000000080eb0678,0x0000000084300000)
 Metaspace       used 26385K, committed 27264K, reserved 1114112K
  class space    used 2692K, committed 3072K, reserved 1048576K
}
Event: 12.975 GC heap before
{Heap before GC invocations=11 (full 1):
 PSYoungGen      total 26112K, used 25950K [0x00000000d5580000, 0x00000000d7400000, 0x0000000100000000)
  eden space 23552K, 100% used [0x00000000d5580000,0x00000000d6c80000,0x00000000d6c80000)
  from space 2560K, 93% used [0x00000000d6f80000,0x00000000d71d7a80,0x00000000d7200000)
  to   space 2048K, 0% used [0x00000000d7200000,0x00000000d7200000,0x00000000d7400000)
 ParOldGen       total 68608K, used 15041K [0x0000000080000000, 0x0000000084300000, 0x00000000d5580000)
  object space 68608K, 21% used [0x0000000080000000,0x0000000080eb0678,0x0000000084300000)
 Metaspace       used 28617K, committed 29440K, reserved 1114112K
  class space    used 2906K, committed 3264K, reserved 1048576K
}
Event: 12.978 GC heap after
{Heap after GC invocations=11 (full 1):
 PSYoungGen      total 25088K, used 1751K [0x00000000d5580000, 0x00000000d7400000, 0x0000000100000000)
  eden space 23040K, 0% used [0x00000000d5580000,0x00000000d5580000,0x00000000d6c00000)
  from space 2048K, 85% used [0x00000000d7200000,0x00000000d73b5fe0,0x00000000d7400000)
  to   space 2048K, 0% used [0x00000000d7000000,0x00000000d7000000,0x00000000d7200000)
 ParOldGen       total 68608K, used 16121K [0x0000000080000000, 0x0000000084300000, 0x00000000d5580000)
  object space 68608K, 23% used [0x0000000080000000,0x0000000080fbe7a8,0x0000000084300000)
 Metaspace       used 28617K, committed 29440K, reserved 1114112K
  class space    used 2906K, committed 3264K, reserved 1048576K
}
Event: 13.783 GC heap before
{Heap before GC invocations=12 (full 1):
 PSYoungGen      total 25088K, used 24791K [0x00000000d5580000, 0x00000000d7400000, 0x0000000100000000)
  eden space 23040K, 100% used [0x00000000d5580000,0x00000000d6c00000,0x00000000d6c00000)
  from space 2048K, 85% used [0x00000000d7200000,0x00000000d73b5fe0,0x00000000d7400000)
  to   space 2048K, 0% used [0x00000000d7000000,0x00000000d7000000,0x00000000d7200000)
 ParOldGen       total 68608K, used 16121K [0x0000000080000000, 0x0000000084300000, 0x00000000d5580000)
  object space 68608K, 23% used [0x0000000080000000,0x0000000080fbe7a8,0x0000000084300000)
 Metaspace       used 30685K, committed 31552K, reserved 1114112K
  class space    used 3149K, committed 3520K, reserved 1048576K
}
Event: 13.787 GC heap after
{Heap after GC invocations=12 (full 1):
 PSYoungGen      total 24064K, used 1348K [0x00000000d5580000, 0x00000000d7280000, 0x0000000100000000)
  eden space 22528K, 0% used [0x00000000d5580000,0x00000000d5580000,0x00000000d6b80000)
  from space 1536K, 87% used [0x00000000d7000000,0x00000000d7151108,0x00000000d7180000)
  to   space 1024K, 0% used [0x00000000d7180000,0x00000000d7180000,0x00000000d7280000)
 ParOldGen       total 68608K, used 17551K [0x0000000080000000, 0x0000000084300000, 0x00000000d5580000)
  object space 68608K, 25% used [0x0000000080000000,0x0000000081123da0,0x0000000084300000)
 Metaspace       used 30685K, committed 31552K, reserved 1114112K
  class space    used 3149K, committed 3520K, reserved 1048576K
}
Event: 14.936 GC heap before
{Heap before GC invocations=13 (full 1):
 PSYoungGen      total 24064K, used 23876K [0x00000000d5580000, 0x00000000d7280000, 0x0000000100000000)
  eden space 22528K, 100% used [0x00000000d5580000,0x00000000d6b80000,0x00000000d6b80000)
  from space 1536K, 87% used [0x00000000d7000000,0x00000000d7151108,0x00000000d7180000)
  to   space 1024K, 0% used [0x00000000d7180000,0x00000000d7180000,0x00000000d7280000)
 ParOldGen       total 68608K, used 17551K [0x0000000080000000, 0x0000000084300000, 0x00000000d5580000)
  object space 68608K, 25% used [0x0000000080000000,0x0000000081123da0,0x0000000084300000)
 Metaspace       used 33141K, committed 34112K, reserved 1114112K
  class space    used 3420K, committed 3840K, reserved 1048576K
}
Event: 14.938 GC heap after
{Heap after GC invocations=13 (full 1):
 PSYoungGen      total 23040K, used 1020K [0x00000000d5580000, 0x00000000d7280000, 0x0000000100000000)
  eden space 22016K, 0% used [0x00000000d5580000,0x00000000d5580000,0x00000000d6b00000)
  from space 1024K, 99% used [0x00000000d7180000,0x00000000d727f338,0x00000000d7280000)
  to   space 2560K, 0% used [0x00000000d6d80000,0x00000000d6d80000,0x00000000d7000000)
 ParOldGen       total 68608K, used 18560K [0x0000000080000000, 0x0000000084300000, 0x00000000d5580000)
  object space 68608K, 27% used [0x0000000080000000,0x0000000081220208,0x0000000084300000)
 Metaspace       used 33141K, committed 34112K, reserved 1114112K
  class space    used 3420K, committed 3840K, reserved 1048576K
}
Event: 15.635 GC heap before
{Heap before GC invocations=14 (full 1):
 PSYoungGen      total 23040K, used 17871K [0x00000000d5580000, 0x00000000d7280000, 0x0000000100000000)
  eden space 22016K, 76% used [0x00000000d5580000,0x00000000d65f4bf0,0x00000000d6b00000)
  from space 1024K, 99% used [0x00000000d7180000,0x00000000d727f338,0x00000000d7280000)
  to   space 2560K, 0% used [0x00000000d6d80000,0x00000000d6d80000,0x00000000d7000000)
 ParOldGen       total 68608K, used 18560K [0x0000000080000000, 0x0000000084300000, 0x00000000d5580000)
  object space 68608K, 27% used [0x0000000080000000,0x0000000081220208,0x0000000084300000)
 Metaspace       used 34814K, committed 35904K, reserved 1114112K
  class space    used 3635K, committed 4096K, reserved 1048576K
}
Event: 15.638 GC heap after
{Heap after GC invocations=14 (full 1):
 PSYoungGen      total 24576K, used 1473K [0x00000000d5580000, 0x00000000d7200000, 0x0000000100000000)
  eden space 22016K, 0% used [0x00000000d5580000,0x00000000d5580000,0x00000000d6b00000)
  from space 2560K, 57% used [0x00000000d6d80000,0x00000000d6ef0750,0x00000000d7000000)
  to   space 2048K, 0% used [0x00000000d7000000,0x00000000d7000000,0x00000000d7200000)
 ParOldGen       total 68608K, used 19421K [0x0000000080000000, 0x0000000084300000, 0x00000000d5580000)
  object space 68608K, 28% used [0x0000000080000000,0x00000000812f7790,0x0000000084300000)
 Metaspace       used 34814K, committed 35904K, reserved 1114112K
  class space    used 3635K, committed 4096K, reserved 1048576K
}
Event: 15.664 GC heap before
{Heap before GC invocations=15 (full 1):
 PSYoungGen      total 24576K, used 4178K [0x00000000d5580000, 0x00000000d7200000, 0x0000000100000000)
  eden space 22016K, 12% used [0x00000000d5580000,0x00000000d58241a0,0x00000000d6b00000)
  from space 2560K, 57% used [0x00000000d6d80000,0x00000000d6ef0750,0x00000000d7000000)
  to   space 2048K, 0% used [0x00000000d7000000,0x00000000d7000000,0x00000000d7200000)
 ParOldGen       total 68608K, used 19421K [0x0000000080000000, 0x0000000084300000, 0x00000000d5580000)
  object space 68608K, 28% used [0x0000000080000000,0x00000000812f7790,0x0000000084300000)
 Metaspace       used 35177K, committed 36160K, reserved 1114112K
  class space    used 3674K, committed 4096K, reserved 1048576K
}
Event: 15.666 GC heap after
{Heap after GC invocations=15 (full 1):
 PSYoungGen      total 22528K, used 460K [0x00000000d5580000, 0x00000000d7080000, 0x0000000100000000)
  eden space 22016K, 0% used [0x00000000d5580000,0x00000000d5580000,0x00000000d6b00000)
  from space 512K, 90% used [0x00000000d7000000,0x00000000d7073390,0x00000000d7080000)
  to   space 1024K, 0% used [0x00000000d6e80000,0x00000000d6e80000,0x00000000d6f80000)
 ParOldGen       total 68608K, used 20729K [0x0000000080000000, 0x0000000084300000, 0x00000000d5580000)
  object space 68608K, 30% used [0x0000000080000000,0x000000008143e400,0x0000000084300000)
 Metaspace       used 35177K, committed 36160K, reserved 1114112K
  class space    used 3674K, committed 4096K, reserved 1048576K
}
Event: 15.666 GC heap before
{Heap before GC invocations=16 (full 2):
 PSYoungGen      total 22528K, used 460K [0x00000000d5580000, 0x00000000d7080000, 0x0000000100000000)
  eden space 22016K, 0% used [0x00000000d5580000,0x00000000d5580000,0x00000000d6b00000)
  from space 512K, 90% used [0x00000000d7000000,0x00000000d7073390,0x00000000d7080000)
  to   space 1024K, 0% used [0x00000000d6e80000,0x00000000d6e80000,0x00000000d6f80000)
 ParOldGen       total 68608K, used 20729K [0x0000000080000000, 0x0000000084300000, 0x00000000d5580000)
  object space 68608K, 30% used [0x0000000080000000,0x000000008143e400,0x0000000084300000)
 Metaspace       used 35177K, committed 36160K, reserved 1114112K
  class space    used 3674K, committed 4096K, reserved 1048576K
}
Event: 15.711 GC heap after
{Heap after GC invocations=16 (full 2):
 PSYoungGen      total 22528K, used 0K [0x00000000d5580000, 0x00000000d7080000, 0x0000000100000000)
  eden space 22016K, 0% used [0x00000000d5580000,0x00000000d5580000,0x00000000d6b00000)
  from space 512K, 0% used [0x00000000d7000000,0x00000000d7000000,0x00000000d7080000)
  to   space 1024K, 0% used [0x00000000d6e80000,0x00000000d6e80000,0x00000000d6f80000)
 ParOldGen       total 68608K, used 20334K [0x0000000080000000, 0x0000000084300000, 0x00000000d5580000)
  object space 68608K, 29% used [0x0000000080000000,0x00000000813db958,0x0000000084300000)
 Metaspace       used 35177K, committed 36160K, reserved 1114112K
  class space    used 3674K, committed 4096K, reserved 1048576K
}
Event: 15.977 GC heap before
{Heap before GC invocations=17 (full 2):
 PSYoungGen      total 22528K, used 22016K [0x00000000d5580000, 0x00000000d7080000, 0x0000000100000000)
  eden space 22016K, 100% used [0x00000000d5580000,0x00000000d6b00000,0x00000000d6b00000)
  from space 512K, 0% used [0x00000000d7000000,0x00000000d7000000,0x00000000d7080000)
  to   space 1024K, 0% used [0x00000000d6e80000,0x00000000d6e80000,0x00000000d6f80000)
 ParOldGen       total 68608K, used 20334K [0x0000000080000000, 0x0000000084300000, 0x00000000d5580000)
  object space 68608K, 29% used [0x0000000080000000,0x00000000813db958,0x0000000084300000)
 Metaspace       used 36215K, committed 37312K, reserved 1114112K
  class space    used 3796K, committed 4288K, reserved 1048576K
}
Event: 15.978 GC heap after
{Heap after GC invocations=17 (full 2):
 PSYoungGen      total 23040K, used 896K [0x00000000d5580000, 0x00000000d7080000, 0x0000000100000000)
  eden space 22016K, 0% used [0x00000000d5580000,0x00000000d5580000,0x00000000d6b00000)
  from space 1024K, 87% used [0x00000000d6e80000,0x00000000d6f60000,0x00000000d6f80000)
  to   space 1024K, 0% used [0x00000000d6f80000,0x00000000d6f80000,0x00000000d7080000)
 ParOldGen       total 68608K, used 20342K [0x0000000080000000, 0x0000000084300000, 0x00000000d5580000)
  object space 68608K, 29% used [0x0000000080000000,0x00000000813dd958,0x0000000084300000)
 Metaspace       used 36215K, committed 37312K, reserved 1114112K
  class space    used 3796K, committed 4288K, reserved 1048576K
}
Event: 16.505 GC heap before
{Heap before GC invocations=18 (full 2):
 PSYoungGen      total 23040K, used 22911K [0x00000000d5580000, 0x00000000d7080000, 0x0000000100000000)
  eden space 22016K, 99% used [0x00000000d5580000,0x00000000d6afffe0,0x00000000d6b00000)
  from space 1024K, 87% used [0x00000000d6e80000,0x00000000d6f60000,0x00000000d6f80000)
  to   space 1024K, 0% used [0x00000000d6f80000,0x00000000d6f80000,0x00000000d7080000)
 ParOldGen       total 68608K, used 20342K [0x0000000080000000, 0x0000000084300000, 0x00000000d5580000)
  object space 68608K, 29% used [0x0000000080000000,0x00000000813dd958,0x0000000084300000)
 Metaspace       used 38570K, committed 39616K, reserved 1114112K
  class space    used 4132K, committed 4608K, reserved 1048576K
}
Event: 16.508 GC heap after
{Heap after GC invocations=18 (full 2):
 PSYoungGen      total 23040K, used 1024K [0x00000000d5580000, 0x00000000d7080000, 0x0000000100000000)
  eden space 22016K, 0% used [0x00000000d5580000,0x00000000d5580000,0x00000000d6b00000)
  from space 1024K, 100% used [0x00000000d6f80000,0x00000000d7080000,0x00000000d7080000)
  to   space 2560K, 0% used [0x00000000d6b80000,0x00000000d6b80000,0x00000000d6e00000)
 ParOldGen       total 68608K, used 21394K [0x0000000080000000, 0x0000000084300000, 0x00000000d5580000)
  object space 68608K, 31% used [0x0000000080000000,0x00000000814e4998,0x0000000084300000)
 Metaspace       used 38570K, committed 39616K, reserved 1114112K
  class space    used 4132K, committed 4608K, reserved 1048576K
}
Event: 16.843 GC heap before
{Heap before GC invocations=19 (full 2):
 PSYoungGen      total 23040K, used 23040K [0x00000000d5580000, 0x00000000d7080000, 0x0000000100000000)
  eden space 22016K, 100% used [0x00000000d5580000,0x00000000d6b00000,0x00000000d6b00000)
  from space 1024K, 100% used [0x00000000d6f80000,0x00000000d7080000,0x00000000d7080000)
  to   space 2560K, 0% used [0x00000000d6b80000,0x00000000d6b80000,0x00000000d6e00000)
 ParOldGen       total 68608K, used 21394K [0x0000000080000000, 0x0000000084300000, 0x00000000d5580000)
  object space 68608K, 31% used [0x0000000080000000,0x00000000814e4998,0x0000000084300000)
 Metaspace       used 40872K, committed 41856K, reserved 1114112K
  class space    used 4415K, committed 4864K, reserved 1048576K
}
Event: 16.849 GC heap after
{Heap after GC invocations=19 (full 2):
 PSYoungGen      total 24576K, used 1280K [0x00000000d5580000, 0x00000000d7000000, 0x0000000100000000)
  eden space 22016K, 0% used [0x00000000d5580000,0x00000000d5580000,0x00000000d6b00000)
  from space 2560K, 50% used [0x00000000d6b80000,0x00000000d6cc0000,0x00000000d6e00000)
  to   space 2048K, 0% used [0x00000000d6e00000,0x00000000d6e00000,0x00000000d7000000)
 ParOldGen       total 68608K, used 22371K [0x0000000080000000, 0x0000000084300000, 0x00000000d5580000)
  object space 68608K, 32% used [0x0000000080000000,0x00000000815d8ca8,0x0000000084300000)
 Metaspace       used 40872K, committed 41856K, reserved 1114112K
  class space    used 4415K, committed 4864K, reserved 1048576K
}

Dll operation events (10 events):
Event: 0.043 Loaded shared library c:\Users\HP\.vscode\extensions\redhat.java-1.50.0-win32-x64\jre\21.0.9-win32-x86_64\bin\java.dll
Event: 0.402 Loaded shared library c:\Users\HP\.vscode\extensions\redhat.java-1.50.0-win32-x64\jre\21.0.9-win32-x86_64\bin\zip.dll
Event: 0.476 Loaded shared library C:\Users\HP\.vscode\extensions\redhat.java-1.50.0-win32-x64\jre\21.0.9-win32-x86_64\bin\instrument.dll
Event: 0.494 Loaded shared library C:\Users\HP\.vscode\extensions\redhat.java-1.50.0-win32-x64\jre\21.0.9-win32-x86_64\bin\net.dll
Event: 0.499 Loaded shared library C:\Users\HP\.vscode\extensions\redhat.java-1.50.0-win32-x64\jre\21.0.9-win32-x86_64\bin\nio.dll
Event: 0.597 Loaded shared library C:\Users\HP\.vscode\extensions\redhat.java-1.50.0-win32-x64\jre\21.0.9-win32-x86_64\bin\zip.dll
Event: 0.683 Loaded shared library C:\Users\HP\.vscode\extensions\redhat.java-1.50.0-win32-x64\jre\21.0.9-win32-x86_64\bin\jimage.dll
Event: 0.873 Loaded shared library c:\Users\HP\.vscode\extensions\redhat.java-1.50.0-win32-x64\jre\21.0.9-win32-x86_64\bin\verify.dll
Event: 3.860 Loaded shared library C:\Users\HP\AppData\Roaming\Code\User\globalStorage\redhat.java\1.50.0\config_win\org.eclipse.equinox.launcher\org.eclipse.equinox.launcher.win32.win32.x86_64_1.2.1400.v20250801-0854\eclipse_11916.dll
Event: 9.222 Loaded shared library C:\Users\HP\AppData\Local\Temp\jna-2312\jna7133980087717149335.dll

Deoptimization events (20 events):
Event: 16.637 Thread 0x000002c59795f1d0 Uncommon trap: trap_request=0xffffff45 fr.pc=0x000002c5a3e8c05c relative=0x000000000000071c
Event: 16.637 Thread 0x000002c59795f1d0 Uncommon trap: reason=unstable_if action=reinterpret pc=0x000002c5a3e8c05c method=java.util.regex.Pattern$BmpCharPropertyGreedy.match(Ljava/util/regex/Matcher;ILjava/lang/CharSequence;)Z @ 12 c2
Event: 16.637 Thread 0x000002c59795f1d0 DEOPT PACKING pc=0x000002c5a3e8c05c sp=0x000000c9b73fdae0
Event: 16.637 Thread 0x000002c59795f1d0 DEOPT UNPACKING pc=0x000002c5a37a3aa2 sp=0x000000c9b73fd9a8 mode 2
Event: 16.696 Thread 0x000002c5fb05d000 Uncommon trap: trap_request=0xffffff45 fr.pc=0x000002c5a3d36dec relative=0x000000000000022c
Event: 16.696 Thread 0x000002c5fb05d000 Uncommon trap: reason=unstable_if action=reinterpret pc=0x000002c5a3d36dec method=com.google.gson.stream.JsonReader.doPeek()I @ 731 c2
Event: 16.696 Thread 0x000002c5fb05d000 DEOPT PACKING pc=0x000002c5a3d36dec sp=0x000000c9bacfea60
Event: 16.696 Thread 0x000002c5fb05d000 DEOPT UNPACKING pc=0x000002c5a37a3aa2 sp=0x000000c9bacfe9e0 mode 2
Event: 16.719 Thread 0x000002c5fb05d000 Uncommon trap: trap_request=0xffffff45 fr.pc=0x000002c5a3d79a3c relative=0x000000000000087c
Event: 16.719 Thread 0x000002c5fb05d000 Uncommon trap: reason=unstable_if action=reinterpret pc=0x000002c5a3d79a3c method=com.google.gson.stream.JsonReader.nextQuotedValue(C)Ljava/lang/String; @ 121 c2
Event: 16.719 Thread 0x000002c5fb05d000 DEOPT PACKING pc=0x000002c5a3d79a3c sp=0x000000c9bacfe500
Event: 16.719 Thread 0x000002c5fb05d000 DEOPT UNPACKING pc=0x000002c5a37a3aa2 sp=0x000000c9bacfe498 mode 2
Event: 16.849 Thread 0x000002c5fb05d000 Uncommon trap: trap_request=0xffffff54 fr.pc=0x000002c5a3f1a544 relative=0x00000000000008a4
Event: 16.849 Thread 0x000002c5fb05d000 Uncommon trap: reason=speculate_null_assert action=make_not_entrant pc=0x000002c5a3f1a544 method=org.eclipse.osgi.internal.container.KeyBasedLockStore.getLock(Ljava/lang/Object;)Ljava/lang/Object; @ 71 c2
Event: 16.849 Thread 0x000002c5fb05d000 DEOPT PACKING pc=0x000002c5a3f1a544 sp=0x000000c9bacfc7c0
Event: 16.849 Thread 0x000002c5fb05d000 DEOPT UNPACKING pc=0x000002c5a37a3aa2 sp=0x000000c9bacfc760 mode 2
Event: 16.874 Thread 0x000002c5fb05d000 Uncommon trap: trap_request=0xffffff45 fr.pc=0x000002c5a3ee9168 relative=0x0000000000000c28
Event: 16.874 Thread 0x000002c5fb05d000 Uncommon trap: reason=unstable_if action=reinterpret pc=0x000002c5a3ee9168 method=sun.nio.cs.StreamDecoder.implRead([CII)I @ 36 c2
Event: 16.874 Thread 0x000002c5fb05d000 DEOPT PACKING pc=0x000002c5a3ee9168 sp=0x000000c9bacfdcb0
Event: 16.874 Thread 0x000002c5fb05d000 DEOPT UNPACKING pc=0x000002c5a37a3aa2 sp=0x000000c9bacfdc70 mode 2

Classes loaded (20 events):
Event: 16.631 Loading class sun/util/locale/provider/CalendarDataUtility$CalendarFieldValueNamesMapGetter
Event: 16.631 Loading class sun/util/locale/provider/CalendarDataUtility$CalendarFieldValueNamesMapGetter done
Event: 16.632 Loading class sun/util/cldr/CLDRCalendarNameProviderImpl
Event: 16.632 Loading class sun/util/locale/provider/CalendarNameProviderImpl
Event: 16.633 Loading class sun/util/locale/provider/CalendarNameProviderImpl done
Event: 16.633 Loading class sun/util/cldr/CLDRCalendarNameProviderImpl done
Event: 16.634 Loading class sun/util/locale/provider/BaseLocaleDataMetaInfo
Event: 16.634 Loading class sun/util/locale/provider/BaseLocaleDataMetaInfo done
Event: 16.637 Loading class sun/util/locale/provider/CalendarNameProviderImpl$LengthBasedComparator
Event: 16.637 Loading class sun/util/locale/provider/CalendarNameProviderImpl$LengthBasedComparator done
Event: 16.682 Loading class java/io/PrintWriter$1
Event: 16.682 Loading class jdk/internal/access/JavaIOPrintWriterAccess
Event: 16.682 Loading class jdk/internal/access/JavaIOPrintWriterAccess done
Event: 16.682 Loading class java/io/PrintWriter$1 done
Event: 16.684 Loading class java/time/format/DateTimeParseContext
Event: 16.685 Loading class java/time/format/DateTimeParseContext done
Event: 16.685 Loading class java/time/format/Parsed
Event: 16.685 Loading class java/time/format/Parsed done
Event: 16.692 Loading class sun/reflect/generics/repository/FieldRepository
Event: 16.692 Loading class sun/reflect/generics/repository/FieldRepository done

Classes unloaded (7 events):
Event: 11.542 Thread 0x000002c5f11e49d0 Unloading class 0x000002c5b11ab400 'java/lang/invoke/LambdaForm$MH+0x000002c5b11ab400'
Event: 11.542 Thread 0x000002c5f11e49d0 Unloading class 0x000002c5b11ab000 'java/lang/invoke/LambdaForm$MH+0x000002c5b11ab000'
Event: 11.542 Thread 0x000002c5f11e49d0 Unloading class 0x000002c5b11aac00 'java/lang/invoke/LambdaForm$MH+0x000002c5b11aac00'
Event: 11.542 Thread 0x000002c5f11e49d0 Unloading class 0x000002c5b11aa800 'java/lang/invoke/LambdaForm$MH+0x000002c5b11aa800'
Event: 11.542 Thread 0x000002c5f11e49d0 Unloading class 0x000002c5b11aa400 'java/lang/invoke/LambdaForm$BMH+0x000002c5b11aa400'
Event: 11.542 Thread 0x000002c5f11e49d0 Unloading class 0x000002c5b11aa000 'java/lang/invoke/LambdaForm$DMH+0x000002c5b11aa000'
Event: 11.542 Thread 0x000002c5f11e49d0 Unloading class 0x000002c5b11a8c00 'java/lang/invoke/LambdaForm$DMH+0x000002c5b11a8c00'

Classes redefined (0 events):
No events

Internal exceptions (20 events):
Event: 12.595 Thread 0x000002c5f3624cb0 Exception <a 'java/lang/NoSuchMethodError'{0x00000000d5efd838}: 'java.lang.Object java.lang.invoke.DelegatingMethodHandle$Holder.delegate(java.lang.Object, int, java.lang.Object, java.lang.Object)'> (0x00000000d5efd838) 
thrown [s\src\hotspot\share\interpreter\linkResolver.cpp, line 773]
Event: 12.599 Thread 0x000002c5f3624cb0 Exception <a 'java/lang/NoSuchMethodError'{0x00000000d5fa1120}: 'int java.lang.invoke.Invokers$Holder.linkToTargetMethod(java.lang.Object, java.lang.Object, java.lang.Object)'> (0x00000000d5fa1120) 
thrown [s\src\hotspot\share\interpreter\linkResolver.cpp, line 773]
Event: 13.261 Thread 0x000002c5f3625340 Exception <a 'java/lang/NoClassDefFoundError'{0x00000000d6129660}: javax/enterprise/inject/Typed> (0x00000000d6129660) 
thrown [s\src\hotspot\share\classfile\systemDictionary.cpp, line 301]
Event: 13.317 Thread 0x000002c5f8016e30 Exception <a 'java/lang/ClassNotFoundException'{0x00000000d63c6310}: com/sun/org/apache/xerces/internal/impl/msg/spi/DOMMessagesProvider> (0x00000000d63c6310) 
thrown [s\src\hotspot\share\classfile\systemDictionary.cpp, line 312]
Event: 13.320 Thread 0x000002c5f8016e30 Exception <a 'java/lang/ClassNotFoundException'{0x00000000d63d7ac8}: com/sun/org/apache/xerces/internal/impl/msg/spi/XMLSerializerMessagesProvider> (0x00000000d63d7ac8) 
thrown [s\src\hotspot\share\classfile\systemDictionary.cpp, line 312]
Event: 13.322 Thread 0x000002c5f8016e30 Exception <a 'java/lang/ClassNotFoundException'{0x00000000d63e4d98}: com/sun/org/apache/xerces/internal/impl/msg/spi/XMLMessagesProvider> (0x00000000d63e4d98) 
thrown [s\src\hotspot\share\classfile\systemDictionary.cpp, line 312]
Event: 14.406 Thread 0x000002c5f8016e30 Exception <a 'java/lang/ClassNotFoundException'{0x00000000d60d9d70}: com/sun/org/apache/xml/internal/serializer/spi/XMLEntitiesProvider> (0x00000000d60d9d70) 
thrown [s\src\hotspot\share\classfile\systemDictionary.cpp, line 312]
Event: 14.978 Thread 0x000002c5f8016e30 Exception <a 'java/io/FileNotFoundException'{0x00000000d56cabb8}> (0x00000000d56cabb8) 
thrown [s\src\hotspot\share\prims\jni.cpp, line 520]
Event: 15.120 Thread 0x000002c5f8016e30 Exception <a 'java/lang/UnsatisfiedLinkError'{0x00000000d59930f8}: The specified procedure could not be found.
> (0x00000000d59930f8) 
thrown [s\src\hotspot\share\prims\jni.cpp, line 539]
Event: 15.164 Thread 0x000002c5f8016e30 Exception <a 'java/io/FileNotFoundException'{0x00000000d5a093a8}> (0x00000000d5a093a8) 
thrown [s\src\hotspot\share\prims\jni.cpp, line 520]
Event: 15.230 Thread 0x000002c5f8016e30 Exception <a 'java/io/FileNotFoundException'{0x00000000d5af0790}> (0x00000000d5af0790) 
thrown [s\src\hotspot\share\prims\jni.cpp, line 520]
Event: 15.362 Thread 0x000002c5f8016e30 Exception <a 'java/lang/UnsatisfiedLinkError'{0x00000000d5b22c98}: The specified procedure could not be found.
> (0x00000000d5b22c98) 
thrown [s\src\hotspot\share\prims\jni.cpp, line 539]
Event: 15.495 Thread 0x000002c5f3624620 Exception <a 'java/lang/NoSuchMethodError'{0x00000000d5e9b358}: 'void java.lang.invoke.DirectMethodHandle$Holder.invokeStaticInit(java.lang.Object, java.lang.Object, java.lang.Object, java.lang.Object)'> (0x00000000d5e9b358) 
thrown [s\src\hotspot\share\interpreter\linkResolver.cpp, line 773]
Event: 16.003 Thread 0x000002c59795f1d0 Exception <a 'java/lang/NoSuchMethodError'{0x00000000d57d70b8}: 'java.lang.Object java.lang.invoke.DirectMethodHandle$Holder.invokeStatic(java.lang.Object, long, java.lang.Object)'> (0x00000000d57d70b8) 
thrown [s\src\hotspot\share\interpreter\linkResolver.cpp, line 773]
Event: 16.004 Thread 0x000002c59795f1d0 Exception <a 'java/lang/NoSuchMethodError'{0x00000000d57da990}: 'java.lang.Object java.lang.invoke.DirectMethodHandle$Holder.invokeStaticInit(java.lang.Object, long, java.lang.Object)'> (0x00000000d57da990) 
thrown [s\src\hotspot\share\interpreter\linkResolver.cpp, line 773]
Event: 16.006 Thread 0x000002c59795f1d0 Exception <a 'java/lang/NoSuchMethodError'{0x00000000d5807480}: 'java.lang.Object java.lang.invoke.DirectMethodHandle$Holder.newInvokeSpecial(java.lang.Object, long)'> (0x00000000d5807480) 
thrown [s\src\hotspot\share\interpreter\linkResolver.cpp, line 773]
Event: 16.093 Thread 0x000002c5f36259d0 Exception <a 'java/io/FileNotFoundException'{0x00000000d5c0b170}> (0x00000000d5c0b170) 
thrown [s\src\hotspot\share\prims\jni.cpp, line 520]
Event: 16.592 Thread 0x000002c59795f1d0 Exception <a 'java/lang/NoSuchMethodError'{0x00000000d5c51500}: 'void java.lang.invoke.DirectMethodHandle$Holder.invokeSpecial(java.lang.Object, java.lang.Object, java.lang.Object, java.lang.Object, java.lang.Object, java.lang.Object)'> (0x00000000d5c51500) 
thrown [s\src\hotspot\share\interpreter\linkResolver.cpp, line 773]
Event: 16.594 Thread 0x000002c59795f1d0 Exception <a 'java/lang/IncompatibleClassChangeError'{0x00000000d5c82000}: Found class java.lang.Object, but interface was expected> (0x00000000d5c82000) 
thrown [s\src\hotspot\share\interpreter\linkResolver.cpp, line 840]
Event: 16.595 Thread 0x000002c59795f1d0 Exception <a 'java/lang/IncompatibleClassChangeError'{0x00000000d5c83d18}: Found class java.lang.Object, but interface was expected> (0x00000000d5c83d18) 
thrown [s\src\hotspot\share\interpreter\linkResolver.cpp, line 840]

ZGC Phase Switch (0 events):
No events

VM Operations (20 events):
Event: 14.900 Executing VM operation: ParallelGCFailedAllocation (Allocation Failure)
Event: 14.938 Executing VM operation: ParallelGCFailedAllocation (Allocation Failure) done
Event: 15.624 Executing VM operation: CollectForMetadataAllocation (Metadata GC Threshold)
Event: 15.635 Executing VM operation: CollectForMetadataAllocation (Metadata GC Threshold) done
Event: 15.635 Executing VM operation: ParallelGCSystemGC (GCLocker Initiated GC)
Event: 15.638 Executing VM operation: ParallelGCSystemGC (GCLocker Initiated GC) done
Event: 15.664 Executing VM operation: CollectForMetadataAllocation (Metadata GC Threshold)
Event: 15.711 Executing VM operation: CollectForMetadataAllocation (Metadata GC Threshold) done
Event: 15.832 Executing VM operation: HandshakeAllThreads (Deoptimize)
Event: 15.856 Executing VM operation: HandshakeAllThreads (Deoptimize) done
Event: 15.948 Executing VM operation: ParallelGCFailedAllocation (Allocation Failure)
Event: 15.978 Executing VM operation: ParallelGCFailedAllocation (Allocation Failure) done
Event: 16.192 Executing VM operation: HandshakeAllThreads (Deoptimize)
Event: 16.227 Executing VM operation: HandshakeAllThreads (Deoptimize) done
Event: 16.463 Executing VM operation: HandshakeAllThreads (Deoptimize)
Event: 16.478 Executing VM operation: HandshakeAllThreads (Deoptimize) done
Event: 16.505 Executing VM operation: ParallelGCFailedAllocation (Allocation Failure)
Event: 16.508 Executing VM operation: ParallelGCFailedAllocation (Allocation Failure) done
Event: 16.843 Executing VM operation: ParallelGCFailedAllocation (Allocation Failure)
Event: 16.849 Executing VM operation: ParallelGCFailedAllocation (Allocation Failure) done

Memory protections (0 events):
No events

Nmethod flushes (20 events):
Event: 15.689 Thread 0x000002c5f11e49d0 flushing  nmethod 0x000002c59c85b810
Event: 15.689 Thread 0x000002c5f11e49d0 flushing  nmethod 0x000002c59c85bc10
Event: 15.689 Thread 0x000002c5f11e49d0 flushing  nmethod 0x000002c59c85c510
Event: 15.689 Thread 0x000002c5f11e49d0 flushing  nmethod 0x000002c59c85d710
Event: 15.689 Thread 0x000002c5f11e49d0 flushing  nmethod 0x000002c59c85df10
Event: 15.689 Thread 0x000002c5f11e49d0 flushing  nmethod 0x000002c59c85f010
Event: 15.689 Thread 0x000002c5f11e49d0 flushing  nmethod 0x000002c59c860490
Event: 15.689 Thread 0x000002c5f11e49d0 flushing  nmethod 0x000002c59c861290
Event: 15.689 Thread 0x000002c5f11e49d0 flushing  nmethod 0x000002c59c863210
Event: 15.689 Thread 0x000002c5f11e49d0 flushing  nmethod 0x000002c59c863b90
Event: 15.689 Thread 0x000002c5f11e49d0 flushing  nmethod 0x000002c59c864090
Event: 15.689 Thread 0x000002c5f11e49d0 flushing  nmethod 0x000002c59c86f090
Event: 15.689 Thread 0x000002c5f11e49d0 flushing  nmethod 0x000002c59c8bd410
Event: 15.689 Thread 0x000002c5f11e49d0 flushing  nmethod 0x000002c59c8c0890
Event: 15.689 Thread 0x000002c5f11e49d0 flushing  nmethod 0x000002c59c8c8390
Event: 15.689 Thread 0x000002c5f11e49d0 flushing  nmethod 0x000002c59c906b90
Event: 15.689 Thread 0x000002c5f11e49d0 flushing osr nmethod 0x000002c59c929010
Event: 15.689 Thread 0x000002c5f11e49d0 flushing  nmethod 0x000002c59c92c290
Event: 15.689 Thread 0x000002c5f11e49d0 flushing  nmethod 0x000002c59c943910
Event: 15.689 Thread 0x000002c5f11e49d0 flushing  nmethod 0x000002c59c968890

Events (20 events):
Event: 15.466 Thread 0x000002c5f3624620 Thread added: 0x000002c5fb0559e0
Event: 15.563 Thread 0x000002c5f3187340 Thread added: 0x000002c5f3279b80
Event: 15.750 Thread 0x000002c5f3187340 Thread added: 0x000002c5f8f92c00
Event: 15.984 Thread 0x000002c5fb0559e0 Thread added: 0x000002c5fb058140
Event: 16.116 Thread 0x000002c59795f1d0 Thread added: 0x000002c5fb0587d0
Event: 16.118 Thread 0x000002c59795f1d0 Thread added: 0x000002c5fb058e60
Event: 16.119 Thread 0x000002c59795f1d0 Thread added: 0x000002c5fb056d90
Event: 16.119 Thread 0x000002c59795f1d0 Thread added: 0x000002c5fb0594f0
Event: 16.120 Thread 0x000002c59795f1d0 Thread added: 0x000002c5fb056700
Event: 16.120 Thread 0x000002c59795f1d0 Thread added: 0x000002c5fb056070
Event: 16.120 Thread 0x000002c59795f1d0 Thread added: 0x000002c5fb059b80
Event: 16.121 Thread 0x000002c59795f1d0 Thread added: 0x000002c5fb05a210
Event: 16.121 Thread 0x000002c59795f1d0 Thread added: 0x000002c5fb05a8a0
Event: 16.121 Thread 0x000002c59795f1d0 Thread added: 0x000002c5fb057420
Event: 16.121 Thread 0x000002c59795f1d0 Thread added: 0x000002c5fb05af30
Event: 16.121 Thread 0x000002c59795f1d0 Thread added: 0x000002c5fb05bc50
Event: 16.122 Thread 0x000002c59795f1d0 Thread added: 0x000002c5fb05c2e0
Event: 16.272 Thread 0x000002c59795f1d0 Thread added: 0x000002c5fb05c970
Event: 16.626 Thread 0x000002c59795f1d0 Thread added: 0x000002c5fb05b5c0
Event: 16.627 Thread 0x000002c59795f1d0 Thread added: 0x000002c5fb05d000


Dynamic libraries:
0x00007ff7ba180000 - 0x00007ff7ba18e000 	c:\Users\HP\.vscode\extensions\redhat.java-1.50.0-win32-x64\jre\21.0.9-win32-x86_64\bin\java.exe
0x00007ffc036c0000 - 0x00007ffc03927000 	C:\WINDOWS\SYSTEM32\ntdll.dll
0x00007ffc026c0000 - 0x00007ffc02789000 	C:\WINDOWS\System32\KERNEL32.DLL
0x00007ffc01060000 - 0x00007ffc0144f000 	C:\WINDOWS\System32\KERNELBASE.dll
0x00007ffc00f10000 - 0x00007ffc0105b000 	C:\WINDOWS\System32\ucrtbase.dll
0x00007ffbc8d70000 - 0x00007ffbc8d88000 	c:\Users\HP\.vscode\extensions\redhat.java-1.50.0-win32-x64\jre\21.0.9-win32-x86_64\bin\jli.dll
0x00007ffc032e0000 - 0x00007ffc034a5000 	C:\WINDOWS\System32\USER32.dll
0x00007ffc008a0000 - 0x00007ffc008c7000 	C:\WINDOWS\System32\win32u.dll
0x00007ffc034b0000 - 0x00007ffc034db000 	C:\WINDOWS\System32\GDI32.dll
0x00007ffc00bc0000 - 0x00007ffc00cec000 	C:\WINDOWS\System32\gdi32full.dll
0x00007ffc00e60000 - 0x00007ffc00f03000 	C:\WINDOWS\System32\msvcp_win.dll
0x00007ffba4a00000 - 0x00007ffba4a1e000 	c:\Users\HP\.vscode\extensions\redhat.java-1.50.0-win32-x64\jre\21.0.9-win32-x86_64\bin\VCRUNTIME140.dll
0x00007ffbdd1f0000 - 0x00007ffbdd483000 	C:\WINDOWS\WinSxS\amd64_microsoft.windows.common-controls_6595b64144ccf1df_6.0.26100.7309_none_3e05feeae336a044\COMCTL32.dll
0x00007ffc01d20000 - 0x00007ffc01dc9000 	C:\WINDOWS\System32\msvcrt.dll
0x00007ffc031e0000 - 0x00007ffc03211000 	C:\WINDOWS\System32\IMM32.DLL
0x00007ffbf7980000 - 0x00007ffbf798c000 	c:\Users\HP\.vscode\extensions\redhat.java-1.50.0-win32-x64\jre\21.0.9-win32-x86_64\bin\vcruntime140_1.dll
0x00007ffb68e60000 - 0x00007ffb68eed000 	c:\Users\HP\.vscode\extensions\redhat.java-1.50.0-win32-x64\jre\21.0.9-win32-x86_64\bin\msvcp140.dll
0x00007ffafd1b0000 - 0x00007ffafdf50000 	c:\Users\HP\.vscode\extensions\redhat.java-1.50.0-win32-x64\jre\21.0.9-win32-x86_64\bin\server\jvm.dll
0x00007ffc03220000 - 0x00007ffc032d4000 	C:\WINDOWS\System32\ADVAPI32.dll
0x00007ffc01f20000 - 0x00007ffc01fc6000 	C:\WINDOWS\System32\sechost.dll
0x00007ffc01c00000 - 0x00007ffc01d18000 	C:\WINDOWS\System32\RPCRT4.dll
0x00007ffc02970000 - 0x00007ffc029e4000 	C:\WINDOWS\System32\WS2_32.dll
0x00007ffc00670000 - 0x00007ffc006ce000 	C:\WINDOWS\SYSTEM32\POWRPROF.dll
0x00007ffbfae20000 - 0x00007ffbfae55000 	C:\WINDOWS\SYSTEM32\WINMM.dll
0x00007ffbf0de0000 - 0x00007ffbf0deb000 	C:\WINDOWS\SYSTEM32\VERSION.dll
0x00007ffc00650000 - 0x00007ffc00664000 	C:\WINDOWS\SYSTEM32\UMPDC.dll
0x00007ffbff580000 - 0x00007ffbff59b000 	C:\WINDOWS\SYSTEM32\kernel.appcore.dll
0x00007ffbddf60000 - 0x00007ffbddf6a000 	c:\Users\HP\.vscode\extensions\redhat.java-1.50.0-win32-x64\jre\21.0.9-win32-x86_64\bin\jimage.dll
0x00007ffbfe100000 - 0x00007ffbfe342000 	C:\WINDOWS\SYSTEM32\DBGHELP.DLL
0x00007ffc015d0000 - 0x00007ffc01955000 	C:\WINDOWS\System32\combase.dll
0x00007ffc024c0000 - 0x00007ffc02596000 	C:\WINDOWS\System32\OLEAUT32.dll
0x00007ffbdddf0000 - 0x00007ffbdde2c000 	C:\WINDOWS\SYSTEM32\dbgcore.DLL
0x00007ffc008d0000 - 0x00007ffc00975000 	C:\WINDOWS\System32\bcryptPrimitives.dll
0x00007ffbc86d0000 - 0x00007ffbc86df000 	c:\Users\HP\.vscode\extensions\redhat.java-1.50.0-win32-x64\jre\21.0.9-win32-x86_64\bin\instrument.dll
0x00007ffba22c0000 - 0x00007ffba22e0000 	c:\Users\HP\.vscode\extensions\redhat.java-1.50.0-win32-x64\jre\21.0.9-win32-x86_64\bin\java.dll
0x00007ffc02a80000 - 0x00007ffc031d3000 	C:\WINDOWS\System32\SHELL32.dll
0x00007ffc00cf0000 - 0x00007ffc00e5a000 	C:\WINDOWS\System32\wintypes.dll
0x00007ffbfe3d0000 - 0x00007ffbfec2e000 	C:\WINDOWS\SYSTEM32\windows.storage.dll
0x00007ffc025a0000 - 0x00007ffc02695000 	C:\WINDOWS\System32\SHCORE.dll
0x00007ffc019f0000 - 0x00007ffc01a56000 	C:\WINDOWS\System32\shlwapi.dll
0x00007ffc00730000 - 0x00007ffc00759000 	C:\WINDOWS\SYSTEM32\profapi.dll
0x00007ffb9b450000 - 0x00007ffb9b468000 	c:\Users\HP\.vscode\extensions\redhat.java-1.50.0-win32-x64\jre\21.0.9-win32-x86_64\bin\zip.dll
0x00007ffbcd860000 - 0x00007ffbcd870000 	C:\Users\HP\.vscode\extensions\redhat.java-1.50.0-win32-x64\jre\21.0.9-win32-x86_64\bin\net.dll
0x00007ffbfa8b0000 - 0x00007ffbfa9d8000 	C:\WINDOWS\SYSTEM32\WINHTTP.dll
0x00007ffbffad0000 - 0x00007ffbffb3b000 	C:\WINDOWS\system32\mswsock.dll
0x00007ffb9b430000 - 0x00007ffb9b446000 	C:\Users\HP\.vscode\extensions\redhat.java-1.50.0-win32-x64\jre\21.0.9-win32-x86_64\bin\nio.dll
0x00007ffbb6790000 - 0x00007ffbb67a0000 	c:\Users\HP\.vscode\extensions\redhat.java-1.50.0-win32-x64\jre\21.0.9-win32-x86_64\bin\verify.dll
0x00007ffb63e20000 - 0x00007ffb63e64000 	C:\Users\HP\AppData\Roaming\Code\User\globalStorage\redhat.java\1.50.0\config_win\org.eclipse.equinox.launcher\org.eclipse.equinox.launcher.win32.win32.x86_64_1.2.1400.v20250801-0854\eclipse_11916.dll
0x00007ffc034e0000 - 0x00007ffc03677000 	C:\WINDOWS\System32\ole32.dll
0x00007ffbffec0000 - 0x00007ffbffedb000 	C:\WINDOWS\SYSTEM32\CRYPTSP.dll
0x00007ffbff4e0000 - 0x00007ffbff51a000 	C:\WINDOWS\system32\rsaenh.dll
0x00007ffbffb80000 - 0x00007ffbffbab000 	C:\WINDOWS\SYSTEM32\USERENV.dll
0x00007ffc00700000 - 0x00007ffc0072a000 	C:\WINDOWS\SYSTEM32\bcrypt.dll
0x00007ffbffd20000 - 0x00007ffbffd2c000 	C:\WINDOWS\SYSTEM32\CRYPTBASE.dll
0x00007ffbfef70000 - 0x00007ffbfefa4000 	C:\WINDOWS\SYSTEM32\IPHLPAPI.DLL
0x00007ffc019e0000 - 0x00007ffc019ea000 	C:\WINDOWS\System32\NSI.dll
0x00007ffb5ea10000 - 0x00007ffb5ea59000 	C:\Users\HP\AppData\Local\Temp\jna-2312\jna7133980087717149335.dll
0x00007ffc01b60000 - 0x00007ffc01b68000 	C:\WINDOWS\System32\PSAPI.DLL
0x00007ffbfaaa0000 - 0x00007ffbfaabe000 	C:\WINDOWS\SYSTEM32\dhcpcsvc6.DLL
0x00007ffbfaa30000 - 0x00007ffbfaa53000 	C:\WINDOWS\SYSTEM32\dhcpcsvc.DLL

JVMTI agents:
c:\Users\HP\.vscode\extensions\redhat.java-1.50.0-win32-x64\lombok\lombok-1.18.39-4050.jar path:c:\Users\HP\.vscode\extensions\redhat.java-1.50.0-win32-x64\jre\21.0.9-win32-x86_64\bin\instrument.dll, loaded, initialized, instrumentlib options:none

dbghelp: loaded successfully - version: 4.0.5 - missing functions: none
symbol engine: initialized successfully - sym options: 0x614 - pdb path: .;c:\Users\HP\.vscode\extensions\redhat.java-1.50.0-win32-x64\jre\21.0.9-win32-x86_64\bin;C:\WINDOWS\SYSTEM32;C:\WINDOWS\WinSxS\amd64_microsoft.windows.common-controls_6595b64144ccf1df_6.0.26100.7309_none_3e05feeae336a044;c:\Users\HP\.vscode\extensions\redhat.java-1.50.0-win32-x64\jre\21.0.9-win32-x86_64\bin\server;C:\Users\HP\AppData\Roaming\Code\User\globalStorage\redhat.java\1.50.0\config_win\org.eclipse.equinox.launcher\org.eclipse.equinox.launcher.win32.win32.x86_64_1.2.1400.v20250801-0854;C:\Users\HP\AppData\Local\Temp\jna-2312

VM Arguments:
jvm_args: --add-modules=ALL-SYSTEM --add-opens=java.base/java.util=ALL-UNNAMED --add-opens=java.base/java.lang=ALL-UNNAMED --add-opens=java.base/sun.nio.fs=ALL-UNNAMED -Declipse.application=org.eclipse.jdt.ls.core.id1 -Dosgi.bundles.defaultStartLevel=4 -Declipse.product=org.eclipse.jdt.ls.core.product -Djava.import.generatesMetadataFilesAtProjectRoot=false -DDetectVMInstallationsJob.disabled=true -Dfile.encoding=utf8 -XX:+UseParallelGC -XX:GCTimeRatio=4 -XX:AdaptiveSizePolicyWeight=90 -Dsun.zip.disableMemoryMapping=true -Xmx2G -Xms100m -Xlog:disable -javaagent:c:\Users\HP\.vscode\extensions\redhat.java-1.50.0-win32-x64\lombok\lombok-1.18.39-4050.jar -XX:+HeapDumpOnOutOfMemoryError -XX:HeapDumpPath=c:\Users\HP\AppData\Roaming\Code\User\workspaceStorage\1c8da4d1c9dacf3607822161d7de60ba\redhat.java -Daether.dependencyCollector.impl=bf 
java_command: c:\Users\HP\.vscode\extensions\redhat.java-1.50.0-win32-x64\server\plugins\org.eclipse.equinox.launcher_1.7.100.v20251111-0406.jar -configuration c:\Users\HP\AppData\Roaming\Code\User\globalStorage\redhat.java\1.50.0\config_win -data c:\Users\HP\AppData\Roaming\Code\User\workspaceStorage\1c8da4d1c9dacf3607822161d7de60ba\redhat.java\jdt_ws --pipe=\\.\pipe\lsp-190152b9e79ddbed683e808611cd305f-sock
java_class_path (initial): c:\Users\HP\.vscode\extensions\redhat.java-1.50.0-win32-x64\server\plugins\org.eclipse.equinox.launcher_1.7.100.v20251111-0406.jar
Launcher Type: SUN_STANDARD

[Global flags]
    uintx AdaptiveSizePolicyWeight                 = 90                                        {product} {command line}
     intx CICompilerCount                          = 4                                         {product} {ergonomic}
    uintx GCTimeRatio                              = 4                                         {product} {command line}
     bool HeapDumpOnOutOfMemoryError               = true                                   {manageable} {command line}
    ccstr HeapDumpPath                             = c:\Users\HP\AppData\Roaming\Code\User\workspaceStorage\1c8da4d1c9dacf3607822161d7de60ba\redhat.java         {manageable} {command line}
   size_t InitialHeapSize                          = 104857600                                 {product} {command line}
   size_t MaxHeapSize                              = 2147483648                                {product} {command line}
   size_t MaxNewSize                               = 715653120                                 {product} {ergonomic}
   size_t MinHeapDeltaBytes                        = 524288                                    {product} {ergonomic}
   size_t MinHeapSize                              = 104857600                                 {product} {command line}
   size_t NewSize                                  = 34603008                                  {product} {ergonomic}
    uintx NonNMethodCodeHeapSize                   = 5839372                                {pd product} {ergonomic}
    uintx NonProfiledCodeHeapSize                  = 122909434                              {pd product} {ergonomic}
   size_t OldSize                                  = 70254592                                  {product} {ergonomic}
    uintx ProfiledCodeHeapSize                     = 122909434                              {pd product} {ergonomic}
    uintx ReservedCodeCacheSize                    = 251658240                              {pd product} {ergonomic}
     bool SegmentedCodeCache                       = true                                      {product} {ergonomic}
   size_t SoftMaxHeapSize                          = 2147483648                             {manageable} {ergonomic}
     bool UseCompressedOops                        = true                           {product lp64_product} {ergonomic}
     bool UseLargePagesIndividualAllocation        = false                                  {pd product} {ergonomic}
     bool UseParallelGC                            = true                                      {product} {command line}

Logging:
Log output configuration:
 #0: stdout all=off uptime,level,tags foldmultilines=false
 #1: stderr all=off uptime,level,tags foldmultilines=false

Release file:
JAVA_VERSION="21.0.9" 
MODULES="java.base java.compiler java.datatransfer java.xml java.prefs java.desktop java.instrument java.logging java.management java.security.sasl java.naming java.rmi java.management.rmi java.net.http java.scripting java.security.jgss java.transaction.xa java.sql java.sql.rowset java.xml.crypto java.se java.smartcardio jdk.accessibility jdk.internal.jvmstat jdk.attach jdk.charsets jdk.internal.opt jdk.zipfs jdk.compiler jdk.crypto.ec jdk.crypto.cryptoki jdk.crypto.mscapi jdk.dynalink jdk.internal.ed jdk.editpad jdk.hotspot.agent jdk.httpserver jdk.internal.le jdk.internal.vm.ci jdk.internal.vm.compiler jdk.internal.vm.compiler.management jdk.jartool jdk.javadoc jdk.jcmd jdk.management jdk.management.agent jdk.jconsole jdk.jdeps jdk.jdwp.agent jdk.jdi jdk.jfr jdk.jshell jdk.jsobject jdk.jstatd jdk.localedata jdk.management.jfr jdk.naming.dns jdk.naming.rmi jdk.net jdk.nio.mapmode jdk.random jdk.sctp jdk.security.auth jdk.security.jgss jdk.unsupported jdk.unsupported.desktop jdk.xml.dom" 

Environment Variables:
JAVA_HOME=C:\Program Files\Java\jdk-21
PATH=C:\oracle\dbhomeFree\bin;C:\app\HP\product\23ai\dbhomeFree\bin;C:\Program Files\Common Files\Oracle\Java\javapath;C:\Program Files (x86)\Common Files\Oracle\Java\java8path;C:\Program Files (x86)\Common Files\Oracle\Java\javapath;C:\WINDOWS\system32;C:\WINDOWS;C:\WINDOWS\System32\Wbem;C:\WINDOWS\System32\WindowsPowerShell\v1.0\;C:\WINDOWS\System32\OpenSSH\;C:\Program Files (x86)\Microsoft SQL Server\160\Tools\Binn\;C:\Program Files\Microsoft SQL Server\160\Tools\Binn\;C:\Program Files\Microsoft SQL Server\Client SDK\ODBC\170\Tools\Binn\;C:\Program Files\Microsoft SQL Server\160\DTS\Binn\;C:\Program Files (x86)\Microsoft SQL Server\160\DTS\Binn\;C:\Program Files\Azure Data Studio\bin;C:\Program Files\Java\jdk-21\bin;C:\Program Files\Microsoft SQL Server\150\Tools\Binn\;C:\Program Files\nodejs;C:\ProgramData\chocolatey\bin;C:\Program Files\nodejs\;C:\sqlite;C:\Program Files\Git\cmd;C:\Program Files\TortoiseGit\bin;C:\Program Files\dotnet\;C:\Users\HP\AppData\Local\Programs\Python\Python313\Scripts\;C:\Users\HP\AppData\Local\Programs\Python\Python313\;C:\Users\HP\AppData\Local\Programs\Python\Launcher\;C:\Users\HP\AppData\Local\Microsoft\WindowsApps;C:\Program Files\Azure Data Studio\bin;C:\Program Files\JetBrains\IntelliJ IDEA Community Edition 2023.2.5\bin;C:\Users\HP\AppData\Local\Programs\Microsoft VS Code\bin;C:\Program Files\JetBrains\IntelliJ IDEA 2024.3.1.1\bin;C:\Users\HP\.dotnet\tools;C:\Users\HP\AppData\Roaming\npm;C:\Users\HP\AppData\Local\Programs\mongosh\;D:\software\flutter_windows_3.38.0-stable (1)\flutter\bin;D:\software\flutter_3.38.0\flutter\bin;D:\software\flutter_windows_3.35.7-stable\flutter\bin;C:\Users\HP\.dotnet\tools
USERNAME=HP
OS=Windows_NT
PROCESSOR_IDENTIFIER=Intel64 Family 6 Model 154 Stepping 4, GenuineIntel
TMP=C:\Users\HP\AppData\Local\Temp
TEMP=C:\Users\HP\AppData\Local\Temp




Periodic native trim disabled

---------------  S Y S T E M  ---------------

OS:
 Windows 11 , 64 bit Build 26100 (10.0.26100.7309)
OS uptime: 3 days 10:29 hours
Hyper-V role detected

CPU: total 12 (initial active 12) (6 cores per cpu, 2 threads per core) family 6 model 154 stepping 4 microcode 0x437, cx8, cmov, fxsr, ht, mmx, 3dnowpref, sse, sse2, sse3, ssse3, sse4.1, sse4.2, popcnt, lzcnt, tsc, tscinvbit, avx, avx2, aes, erms, clmul, bmi1, bmi2, adx, sha, fma, vzeroupper, clflush, clflushopt, clwb, hv, serialize, rdtscp, rdpid, fsrm, f16c, cet_ibt, cet_ss
Processor Information for the first 12 processors :
  Max Mhz: 1300, Current Mhz: 1300, Mhz Limit: 1300

Memory: 4k page, system-wide physical 16016M (1492M free)
TotalPageFile size 26258M (AvailPageFile size 21M)
current process WorkingSet (physical memory assigned to process): 219M, peak: 227M
current process commit charge ("private bytes"): 345M, peak: 354M

vm_info: OpenJDK 64-Bit Server VM (21.0.9+10-LTS) for windows-amd64 JRE (21.0.9+10-LTS), built on 2025-10-21T00:00:00Z by "admin" with unknown MS VC++:1942

END.
