#
# There is insufficient memory for the Java Runtime Environment to continue.
# Native memory allocation (malloc) failed to allocate 1048576 bytes. Error detail: AllocateHeap
# Possible reasons:
#   The system is out of physical RAM or swap space
#   This process is running with CompressedOops enabled, and the Java Heap may be blocking the growth of the native heap
# Possible solutions:
#   Reduce memory load on the system
#   Increase physical memory or swap space
#   Check if swap backing store is full
#   Decrease Java heap size (-Xmx/-Xms)
#   Decrease number of Java threads
#   Decrease Java thread stack sizes (-Xss)
#   Set larger code cache with -XX:ReservedCodeCacheSize=
#   JVM is running with Unscaled Compressed Oops mode in which the Java heap is
#     placed in the first 4GB address space. The Java Heap base address is the
#     maximum limit for the native heap growth. Please use -XX:HeapBaseMinAddress
#     to set the Java Heap base and to place the Java Heap above 4GB virtual address.
# This output file may be truncated or incomplete.
#
#  Out of Memory Error (allocation.cpp:44), pid=28064, tid=11620
#
# JRE version: OpenJDK Runtime Environment Temurin-21.0.9+10 (21.0.9+10) (build 21.0.9+10-LTS)
# Java VM: OpenJDK 64-Bit Server VM Temurin-21.0.9+10 (21.0.9+10-LTS, mixed mode, sharing, tiered, compressed oops, compressed class ptrs, parallel gc, windows-amd64)
# No core dump will be written. Minidumps are not enabled by default on client versions of Windows
#

---------------  S U M M A R Y ------------

Command Line: --add-modules=ALL-SYSTEM --add-opens=java.base/java.util=ALL-UNNAMED --add-opens=java.base/java.lang=ALL-UNNAMED --add-opens=java.base/sun.nio.fs=ALL-UNNAMED -Declipse.application=org.eclipse.jdt.ls.core.id1 -Dosgi.bundles.defaultStartLevel=4 -Declipse.product=org.eclipse.jdt.ls.core.product -Djava.import.generatesMetadataFilesAtProjectRoot=false -DDetectVMInstallationsJob.disabled=true -Dfile.encoding=utf8 -XX:+UseParallelGC -XX:GCTimeRatio=4 -XX:AdaptiveSizePolicyWeight=90 -Dsun.zip.disableMemoryMapping=true -Xmx2G -Xms100m -Xlog:disable -javaagent:c:\Users\HP\.vscode\extensions\redhat.java-1.50.0-win32-x64\lombok\lombok-1.18.39-4050.jar -XX:+HeapDumpOnOutOfMemoryError -XX:HeapDumpPath=c:\Users\HP\AppData\Roaming\Code\User\workspaceStorage\1c8da4d1c9dacf3607822161d7de60ba\redhat.java -Daether.dependencyCollector.impl=bf c:\Users\HP\.vscode\extensions\redhat.java-1.50.0-win32-x64\server\plugins\org.eclipse.equinox.launcher_1.7.100.v20251111-0406.jar -configuration c:\Users\HP\AppData\Roaming\Code\User\globalStorage\redhat.java\1.50.0\config_win -data c:\Users\HP\AppData\Roaming\Code\User\workspaceStorage\1c8da4d1c9dacf3607822161d7de60ba\redhat.java\jdt_ws --pipe=\\.\pipe\lsp-7b1254e2ccef36a601dfb16ea99d7799-sock

Host: 12th Gen Intel(R) Core(TM) i5-1235U, 12 cores, 15G,  Windows 11 , 64 bit Build 26100 (10.0.26100.7309)
Time: Mon Dec 15 11:52:00 2025 Sri Lanka Standard Time elapsed time: 12024.043336 seconds (0d 3h 20m 24s)

---------------  T H R E A D  ---------------

Current thread (0x0000029e3d067790):  JavaThread "Attach Listener" daemon [_thread_in_vm, id=11620, stack(0x000000c756f00000,0x000000c757000000) (1024K)]

Stack: [0x000000c756f00000,0x000000c757000000]
Native frames: (J=compiled Java code, j=interpreted, Vv=VM code, C=native code)
V  [jvm.dll+0x6d6e29]
V  [jvm.dll+0x8b4b76]
V  [jvm.dll+0x8b712e]
V  [jvm.dll+0x8b7813]
V  [jvm.dll+0x283d86]
V  [jvm.dll+0xc1277]
V  [jvm.dll+0x6d76d9]
V  [jvm.dll+0x133466]
V  [jvm.dll+0x3f7ea6]
V  [jvm.dll+0x85e9ad]
V  [jvm.dll+0x6d565d]
C  [ucrtbase.dll+0x37b0]
C  [KERNEL32.DLL+0x2e8d7]
C  [ntdll.dll+0x8c53c]


---------------  P R O C E S S  ---------------

Threads class SMR info:
_java_thread_list=0x0000029e9e7adc30, length=39, elements={
0x0000029e3cfc4320, 0x0000029e53a6d950, 0x0000029e53a6e760, 0x0000029e3d066d40,
0x0000029e3d067790, 0x0000029e3d0681e0, 0x0000029e3d068c30, 0x0000029e3d0699b0,
0x0000029e95e61e80, 0x0000029e960b25d0, 0x0000029e96175050, 0x0000029e9b8e0910,
0x0000029e9b909680, 0x0000029e9b630430, 0x0000029e9b5d8940, 0x0000029e9bffd640,
0x0000029e9b12cbf0, 0x0000029e9be32180, 0x0000029e9c2440d0, 0x0000029e9b09e280,
0x0000029e9b09efa0, 0x0000029e9b09fcc0, 0x0000029e9c59ed60, 0x0000029e9c59f3f0,
0x0000029e9c59e6d0, 0x0000029e9c59fa80, 0x0000029e9c5a0110, 0x0000029e9c59e040,
0x0000029e9c59d320, 0x0000029e9c5a07a0, 0x0000029e9c59d9b0, 0x0000029e9c5a14c0,
0x0000029e9c5a2870, 0x0000029e9c5a21e0, 0x0000029e9c5a1b50, 0x0000029e9c5a2f00,
0x0000029e9c5a3590, 0x0000029e9f8b6030, 0x0000029e9f8b6d50
}

Java Threads: ( => current thread )
  0x0000029e3cfc4320 JavaThread "main"                              [_thread_blocked, id=10508, stack(0x000000c756800000,0x000000c756900000) (1024K)]
  0x0000029e53a6d950 JavaThread "Reference Handler"          daemon [_thread_blocked, id=18872, stack(0x000000c756c00000,0x000000c756d00000) (1024K)]
  0x0000029e53a6e760 JavaThread "Finalizer"                  daemon [_thread_blocked, id=26784, stack(0x000000c756d00000,0x000000c756e00000) (1024K)]
  0x0000029e3d066d40 JavaThread "Signal Dispatcher"          daemon [_thread_blocked, id=12100, stack(0x000000c756e00000,0x000000c756f00000) (1024K)]
=>0x0000029e3d067790 JavaThread "Attach Listener"            daemon [_thread_in_vm, id=11620, stack(0x000000c756f00000,0x000000c757000000) (1024K)]
  0x0000029e3d0681e0 JavaThread "Service Thread"             daemon [_thread_blocked, id=18992, stack(0x000000c757000000,0x000000c757100000) (1024K)]
  0x0000029e3d068c30 JavaThread "Monitor Deflation Thread"   daemon [_thread_blocked, id=28952, stack(0x000000c757100000,0x000000c757200000) (1024K)]
  0x0000029e3d0699b0 JavaThread "C2 CompilerThread0"         daemon [_thread_blocked, id=13332, stack(0x000000c757200000,0x000000c757300000) (1024K)]
  0x0000029e95e61e80 JavaThread "C1 CompilerThread0"         daemon [_thread_blocked, id=3360, stack(0x000000c757300000,0x000000c757400000) (1024K)]
  0x0000029e960b25d0 JavaThread "Common-Cleaner"             daemon [_thread_blocked, id=29620, stack(0x000000c757500000,0x000000c757600000) (1024K)]
  0x0000029e96175050 JavaThread "Notification Thread"        daemon [_thread_blocked, id=13356, stack(0x000000c757400000,0x000000c757500000) (1024K)]
  0x0000029e9b8e0910 JavaThread "Active Thread: Equinox Container: 8446d312-7bb4-4b3e-8cb9-931b97a387e4"        [_thread_blocked, id=11580, stack(0x000000c757e00000,0x000000c757f00000) (1024K)]
  0x0000029e9b909680 JavaThread "Refresh Thread: Equinox Container: 8446d312-7bb4-4b3e-8cb9-931b97a387e4" daemon [_thread_blocked, id=31244, stack(0x000000c757f00000,0x000000c758000000) (1024K)]
  0x0000029e9b630430 JavaThread "Framework Event Dispatcher: Equinox Container: 8446d312-7bb4-4b3e-8cb9-931b97a387e4" daemon [_thread_blocked, id=18388, stack(0x000000c758100000,0x000000c758200000) (1024K)]
  0x0000029e9b5d8940 JavaThread "Start Level: Equinox Container: 8446d312-7bb4-4b3e-8cb9-931b97a387e4" daemon [_thread_blocked, id=21492, stack(0x000000c758200000,0x000000c758300000) (1024K)]
  0x0000029e9bffd640 JavaThread "Bundle File Closer"         daemon [_thread_blocked, id=23672, stack(0x000000c758400000,0x000000c758500000) (1024K)]
  0x0000029e9b12cbf0 JavaThread "SCR Component Actor"        daemon [_thread_blocked, id=12468, stack(0x000000c757600000,0x000000c757700000) (1024K)]
  0x0000029e9be32180 JavaThread "Worker-JM"                         [_thread_blocked, id=17120, stack(0x000000c758500000,0x000000c758600000) (1024K)]
  0x0000029e9c2440d0 JavaThread "JNA Cleaner"                daemon [_thread_blocked, id=32516, stack(0x000000c758800000,0x000000c758900000) (1024K)]
  0x0000029e9b09e280 JavaThread "Java indexing"              daemon [_thread_blocked, id=19348, stack(0x000000c758d00000,0x000000c758e00000) (1024K)]
  0x0000029e9b09efa0 JavaThread "Thread-1"                   daemon [_thread_in_native, id=22936, stack(0x000000c759200000,0x000000c759300000) (1024K)]
  0x0000029e9b09fcc0 JavaThread "Thread-2"                   daemon [_thread_in_native, id=32112, stack(0x000000c759300000,0x000000c759400000) (1024K)]
  0x0000029e9c59ed60 JavaThread "Thread-3"                   daemon [_thread_in_native, id=21868, stack(0x000000c759400000,0x000000c759500000) (1024K)]
  0x0000029e9c59f3f0 JavaThread "Thread-4"                   daemon [_thread_in_native, id=1256, stack(0x000000c759500000,0x000000c759600000) (1024K)]
  0x0000029e9c59e6d0 JavaThread "Thread-5"                   daemon [_thread_in_native, id=14048, stack(0x000000c759600000,0x000000c759700000) (1024K)]
  0x0000029e9c59fa80 JavaThread "Thread-6"                   daemon [_thread_in_native, id=4288, stack(0x000000c759700000,0x000000c759800000) (1024K)]
  0x0000029e9c5a0110 JavaThread "Thread-7"                   daemon [_thread_in_native, id=15768, stack(0x000000c759800000,0x000000c759900000) (1024K)]
  0x0000029e9c59e040 JavaThread "Thread-8"                   daemon [_thread_in_native, id=19720, stack(0x000000c759900000,0x000000c759a00000) (1024K)]
  0x0000029e9c59d320 JavaThread "Thread-9"                   daemon [_thread_in_native, id=21308, stack(0x000000c759a00000,0x000000c759b00000) (1024K)]
  0x0000029e9c5a07a0 JavaThread "Thread-10"                  daemon [_thread_in_native, id=12536, stack(0x000000c759b00000,0x000000c759c00000) (1024K)]
  0x0000029e9c59d9b0 JavaThread "Thread-11"                  daemon [_thread_in_native, id=9336, stack(0x000000c759c00000,0x000000c759d00000) (1024K)]
  0x0000029e9c5a14c0 JavaThread "Thread-12"                  daemon [_thread_in_native, id=29448, stack(0x000000c759d00000,0x000000c759e00000) (1024K)]
  0x0000029e9c5a2870 JavaThread "Thread-13"                  daemon [_thread_in_native, id=20792, stack(0x000000c759e00000,0x000000c759f00000) (1024K)]
  0x0000029e9c5a21e0 JavaThread "pool-2-thread-1"                   [_thread_blocked, id=17252, stack(0x000000c759f00000,0x000000c75a000000) (1024K)]
  0x0000029e9c5a1b50 JavaThread "WorkspaceEventsHandler"            [_thread_blocked, id=4316, stack(0x000000c75a000000,0x000000c75a100000) (1024K)]
  0x0000029e9c5a2f00 JavaThread "pool-1-thread-1"                   [_thread_blocked, id=13348, stack(0x000000c75a100000,0x000000c75a200000) (1024K)]
  0x0000029e9c5a3590 JavaThread "Timer-0"                           [_thread_blocked, id=26028, stack(0x000000c75a500000,0x000000c75a600000) (1024K)]
  0x0000029e9f8b6030 JavaThread "Worker-8"                          [_thread_blocked, id=2412, stack(0x000000c756600000,0x000000c756700000) (1024K)]
  0x0000029e9f8b6d50 JavaThread "Worker-9"                          [_thread_blocked, id=16320, stack(0x000000c756700000,0x000000c756800000) (1024K)]
Total: 39

Other Threads:
  0x0000029e3d05f740 VMThread "VM Thread"                           [id=25836, stack(0x000000c756b00000,0x000000c756c00000) (1024K)]
  0x0000029e5394ca00 WatcherThread "VM Periodic Task Thread"        [id=30888, stack(0x000000c756a00000,0x000000c756b00000) (1024K)]
  0x0000029e3cfe24f0 WorkerThread "GC Thread#0"                     [id=25796, stack(0x000000c756900000,0x000000c756a00000) (1024K)]
  0x0000029e9b91f600 WorkerThread "GC Thread#1"                     [id=18220, stack(0x000000c757800000,0x000000c757900000) (1024K)]
  0x0000029e9b91f9a0 WorkerThread "GC Thread#2"                     [id=22868, stack(0x000000c757900000,0x000000c757a00000) (1024K)]
  0x0000029e9b91fd40 WorkerThread "GC Thread#3"                     [id=28740, stack(0x000000c757a00000,0x000000c757b00000) (1024K)]
  0x0000029e9b9200e0 WorkerThread "GC Thread#4"                     [id=22500, stack(0x000000c757b00000,0x000000c757c00000) (1024K)]
  0x0000029e9b939600 WorkerThread "GC Thread#5"                     [id=28588, stack(0x000000c757c00000,0x000000c757d00000) (1024K)]
  0x0000029e9b9399a0 WorkerThread "GC Thread#6"                     [id=11160, stack(0x000000c757d00000,0x000000c757e00000) (1024K)]
  0x0000029e9b968940 WorkerThread "GC Thread#7"                     [id=17392, stack(0x000000c758000000,0x000000c758100000) (1024K)]
  0x0000029e9b9697c0 WorkerThread "GC Thread#8"                     [id=20136, stack(0x000000c757700000,0x000000c757800000) (1024K)]
  0x0000029e9b9685a0 WorkerThread "GC Thread#9"                     [id=22196, stack(0x000000c758300000,0x000000c758400000) (1024K)]
Total: 12

Threads with active compile tasks:
Total: 0

VM state: not at safepoint (normal execution)

VM Mutex/Monitor currently owned by a thread: None

Heap address: 0x0000000080000000, size: 2048 MB, Compressed Oops mode: 32-bit

CDS archive(s) mapped at: [0x0000029e54000000-0x0000029e54ba0000-0x0000029e54ba0000), size 12189696, SharedBaseAddress: 0x0000029e54000000, ArchiveRelocationMode: 1.
Compressed class space mapped at: 0x0000029e55000000-0x0000029e95000000, reserved size: 1073741824
Narrow klass base: 0x0000029e54000000, Narrow klass shift: 0, Narrow klass range: 0x100000000

GC Precious Log:
 CardTable entry size: 512
 CPUs: 12 total, 12 available
 Memory: 16016M
 Large Page Support: Disabled
 NUMA Support: Disabled
 Compressed Oops: Enabled (32-bit)
 Alignments: Space 512K, Generation 512K, Heap 2M
 Heap Min Capacity: 100M
 Heap Initial Capacity: 100M
 Heap Max Capacity: 2G
 Pre-touch: Disabled
 Parallel Workers: 10

Heap:
 PSYoungGen      total 19968K, used 5598K [0x00000000d5580000, 0x00000000d6b80000, 0x0000000100000000)
  eden space 19456K, 26% used [0x00000000d5580000,0x00000000d5a9f960,0x00000000d6880000)
  from space 512K, 68% used [0x00000000d6b00000,0x00000000d6b58000,0x00000000d6b80000)
  to   space 1024K, 0% used [0x00000000d6980000,0x00000000d6980000,0x00000000d6a80000)
 ParOldGen       total 68608K, used 59842K [0x0000000080000000, 0x0000000084300000, 0x00000000d5580000)
  object space 68608K, 87% used [0x0000000080000000,0x0000000083a70b08,0x0000000084300000)
 Metaspace       used 67370K, committed 68736K, reserved 1114112K
  class space    used 7884K, committed 8448K, reserved 1048576K

Card table byte_map: [0x0000029e3c960000,0x0000029e3cd70000] _byte_map_base: 0x0000029e3c560000

Marking Bits: (ParMarkBitMap*) 0x00007ffb3c882460
 Begin Bits: [0x0000029e4f470000, 0x0000029e51470000)
 End Bits:   [0x0000029e51470000, 0x0000029e53470000)

Polling page: 0x0000029e3b200000

Metaspace:

Usage:
  Non-class:     58.09 MB used.
      Class:      7.70 MB used.
       Both:     65.79 MB used.

Virtual space:
  Non-class space:       64.00 MB reserved,      58.88 MB ( 92%) committed,  1 nodes.
      Class space:        1.00 GB reserved,       8.25 MB ( <1%) committed,  1 nodes.
             Both:        1.06 GB reserved,      67.12 MB (  6%) committed. 

Chunk freelists:
   Non-Class:  4.36 MB
       Class:  7.57 MB
        Both:  11.93 MB

MaxMetaspaceSize: unlimited
CompressedClassSpaceSize: 1.00 GB
Initial GC threshold: 21.00 MB
Current GC threshold: 97.31 MB
CDS: on
 - commit_granule_bytes: 65536.
 - commit_granule_words: 8192.
 - virtual_space_node_default_size: 8388608.
 - enlarge_chunks_in_place: 1.
 - use_allocation_guard: 0.


Internal statistics:

num_allocs_failed_limit: 9.
num_arena_births: 1120.
num_arena_deaths: 26.
num_vsnodes_births: 2.
num_vsnodes_deaths: 0.
num_space_committed: 1074.
num_space_uncommitted: 0.
num_chunks_returned_to_freelist: 36.
num_chunks_taken_from_freelist: 3983.
num_chunk_merges: 15.
num_chunk_splits: 2523.
num_chunks_enlarged: 1531.
num_inconsistent_stats: 0.

CodeHeap 'non-profiled nmethods': size=120000Kb used=5677Kb max_used=5677Kb free=114322Kb
 bounds [0x0000029e47c90000, 0x0000029e48220000, 0x0000029e4f1c0000]
CodeHeap 'profiled nmethods': size=120000Kb used=16435Kb max_used=16435Kb free=103564Kb
 bounds [0x0000029e401c0000, 0x0000029e411d0000, 0x0000029e476f0000]
CodeHeap 'non-nmethods': size=5760Kb used=1439Kb max_used=1511Kb free=4320Kb
 bounds [0x0000029e476f0000, 0x0000029e47960000, 0x0000029e47c90000]
CodeCache: size=245760Kb, used=23551Kb, max_used=23623Kb, free=222206Kb
 total_blobs=9042, nmethods=8295, adapters=653, full_count=0
Compilation: enabled, stopped_count=0, restarted_count=0

Compilation events (20 events):
Event: 11977.364 Thread 0x0000029e3d0699b0 nmethod 9003 0x0000029e48219c10 code [0x0000029e48219da0, 0x0000029e48219ed8]
Event: 11977.364 Thread 0x0000029e95e61e80 nmethod 9005 0x0000029e411ba010 code [0x0000029e411ba1e0, 0x0000029e411ba430]
Event: 11977.364 Thread 0x0000029e95e61e80 9006   !   3       org.eclipse.jdt.internal.core.DeltaProcessor::checkProjectsAndClasspathChanges (1046 bytes)
Event: 11977.365 Thread 0x0000029e3d0699b0 9009   !   4       org.eclipse.core.internal.preferences.EclipsePreferences::internalGet (62 bytes)
Event: 11977.372 Thread 0x0000029e95e61e80 nmethod 9006 0x0000029e411ba590 code [0x0000029e411bb2e0, 0x0000029e411c36b0]
Event: 11977.373 Thread 0x0000029e95e61e80 9010       3       org.eclipse.core.internal.preferences.EclipsePreferences::nodeExists (128 bytes)
Event: 11977.374 Thread 0x0000029e3d0699b0 nmethod 9009 0x0000029e4821a010 code [0x0000029e4821a220, 0x0000029e4821ad18]
Event: 11977.374 Thread 0x0000029e95e61e80 nmethod 9010 0x0000029e411c6990 code [0x0000029e411c6dc0, 0x0000029e411c8ff8]
Event: 11977.374 Thread 0x0000029e95e61e80 9007       3       org.eclipse.jdt.internal.core.DeltaProcessor::popUntilPrefixOf (138 bytes)
Event: 11977.374 Thread 0x0000029e95e61e80 nmethod 9007 0x0000029e411c9c10 code [0x0000029e411c9e80, 0x0000029e411cae88]
Event: 11977.374 Thread 0x0000029e95e61e80 9011       1       org.eclipse.core.internal.jobs.InternalJob::getWaitQueueStamp (5 bytes)
Event: 11977.374 Thread 0x0000029e95e61e80 nmethod 9011 0x0000029e4821b190 code [0x0000029e4821b320, 0x0000029e4821b3e8]
Event: 11977.374 Thread 0x0000029e95e61e80 9008       1       org.eclipse.jdt.internal.core.JavaElementDelta::getAffectedChildren (5 bytes)
Event: 11977.374 Thread 0x0000029e95e61e80 nmethod 9008 0x0000029e4821b490 code [0x0000029e4821b620, 0x0000029e4821b6e8]
Event: 11977.487 Thread 0x0000029e95e61e80 9012   !   3       org.eclipse.core.internal.jobs.LockManager::addLockThread (53 bytes)
Event: 11977.488 Thread 0x0000029e95e61e80 nmethod 9012 0x0000029e411cb310 code [0x0000029e411cb520, 0x0000029e411cb988]
Event: 11977.489 Thread 0x0000029e95e61e80 9013   !   3       org.eclipse.core.internal.preferences.EclipsePreferences::getLong (30 bytes)
Event: 11977.490 Thread 0x0000029e95e61e80 nmethod 9013 0x0000029e411cbc10 code [0x0000029e411cbde0, 0x0000029e411cc0c0]
Event: 11977.490 Thread 0x0000029e95e61e80 9014       3       java.lang.String::getBytes (16 bytes)
Event: 11977.491 Thread 0x0000029e95e61e80 nmethod 9014 0x0000029e411cc210 code [0x0000029e411cc440, 0x0000029e411ccab0]

GC Heap History (20 events):
Event: 20.491 GC heap before
{Heap before GC invocations=32 (full 3):
 PSYoungGen      total 23040K, used 23032K [0x00000000d5580000, 0x00000000d7300000, 0x0000000100000000)
  eden space 22016K, 100% used [0x00000000d5580000,0x00000000d6b00000,0x00000000d6b00000)
  from space 1024K, 99% used [0x00000000d7200000,0x00000000d72fe1a8,0x00000000d7300000)
  to   space 2560K, 0% used [0x00000000d6e00000,0x00000000d6e00000,0x00000000d7080000)
 ParOldGen       total 68608K, used 42133K [0x0000000080000000, 0x0000000084300000, 0x00000000d5580000)
  object space 68608K, 61% used [0x0000000080000000,0x0000000082925748,0x0000000084300000)
 Metaspace       used 61884K, committed 63424K, reserved 1114112K
  class space    used 7344K, committed 8000K, reserved 1048576K
}
Event: 20.497 GC heap after
{Heap after GC invocations=32 (full 3):
 PSYoungGen      total 24576K, used 1792K [0x00000000d5580000, 0x00000000d7280000, 0x0000000100000000)
  eden space 22016K, 0% used [0x00000000d5580000,0x00000000d5580000,0x00000000d6b00000)
  from space 2560K, 70% used [0x00000000d6e00000,0x00000000d6fc0030,0x00000000d7080000)
  to   space 2048K, 0% used [0x00000000d7080000,0x00000000d7080000,0x00000000d7280000)
 ParOldGen       total 68608K, used 43071K [0x0000000080000000, 0x0000000084300000, 0x00000000d5580000)
  object space 68608K, 62% used [0x0000000080000000,0x0000000082a0fea0,0x0000000084300000)
 Metaspace       used 61884K, committed 63424K, reserved 1114112K
  class space    used 7344K, committed 8000K, reserved 1048576K
}
Event: 20.673 GC heap before
{Heap before GC invocations=33 (full 3):
 PSYoungGen      total 24576K, used 23808K [0x00000000d5580000, 0x00000000d7280000, 0x0000000100000000)
  eden space 22016K, 100% used [0x00000000d5580000,0x00000000d6b00000,0x00000000d6b00000)
  from space 2560K, 70% used [0x00000000d6e00000,0x00000000d6fc0030,0x00000000d7080000)
  to   space 2048K, 0% used [0x00000000d7080000,0x00000000d7080000,0x00000000d7280000)
 ParOldGen       total 68608K, used 43071K [0x0000000080000000, 0x0000000084300000, 0x00000000d5580000)
  object space 68608K, 62% used [0x0000000080000000,0x0000000082a0fea0,0x0000000084300000)
 Metaspace       used 61886K, committed 63424K, reserved 1114112K
  class space    used 7344K, committed 8000K, reserved 1048576K
}
Event: 20.678 GC heap after
{Heap after GC invocations=33 (full 3):
 PSYoungGen      total 24064K, used 2016K [0x00000000d5580000, 0x00000000d7300000, 0x0000000100000000)
  eden space 22016K, 0% used [0x00000000d5580000,0x00000000d5580000,0x00000000d6b00000)
  from space 2048K, 98% used [0x00000000d7080000,0x00000000d7278010,0x00000000d7280000)
  to   space 4096K, 0% used [0x00000000d6b00000,0x00000000d6b00000,0x00000000d6f00000)
 ParOldGen       total 68608K, used 44669K [0x0000000080000000, 0x0000000084300000, 0x00000000d5580000)
  object space 68608K, 65% used [0x0000000080000000,0x0000000082b9f6a0,0x0000000084300000)
 Metaspace       used 61886K, committed 63424K, reserved 1114112K
  class space    used 7344K, committed 8000K, reserved 1048576K
}
Event: 20.896 GC heap before
{Heap before GC invocations=34 (full 3):
 PSYoungGen      total 24064K, used 24032K [0x00000000d5580000, 0x00000000d7300000, 0x0000000100000000)
  eden space 22016K, 100% used [0x00000000d5580000,0x00000000d6b00000,0x00000000d6b00000)
  from space 2048K, 98% used [0x00000000d7080000,0x00000000d7278010,0x00000000d7280000)
  to   space 4096K, 0% used [0x00000000d6b00000,0x00000000d6b00000,0x00000000d6f00000)
 ParOldGen       total 68608K, used 44669K [0x0000000080000000, 0x0000000084300000, 0x00000000d5580000)
  object space 68608K, 65% used [0x0000000080000000,0x0000000082b9f6a0,0x0000000084300000)
 Metaspace       used 62277K, committed 63808K, reserved 1114112K
  class space    used 7403K, committed 8064K, reserved 1048576K
}
Event: 20.903 GC heap after
{Heap after GC invocations=34 (full 3):
 PSYoungGen      total 24576K, used 2434K [0x00000000d5580000, 0x00000000d7100000, 0x0000000100000000)
  eden space 22016K, 0% used [0x00000000d5580000,0x00000000d5580000,0x00000000d6b00000)
  from space 2560K, 95% used [0x00000000d6b00000,0x00000000d6d60820,0x00000000d6d80000)
  to   space 3072K, 0% used [0x00000000d6e00000,0x00000000d6e00000,0x00000000d7100000)
 ParOldGen       total 68608K, used 46557K [0x0000000080000000, 0x0000000084300000, 0x00000000d5580000)
  object space 68608K, 67% used [0x0000000080000000,0x0000000082d776a0,0x0000000084300000)
 Metaspace       used 62277K, committed 63808K, reserved 1114112K
  class space    used 7403K, committed 8064K, reserved 1048576K
}
Event: 20.992 GC heap before
{Heap before GC invocations=35 (full 3):
 PSYoungGen      total 24576K, used 24450K [0x00000000d5580000, 0x00000000d7100000, 0x0000000100000000)
  eden space 22016K, 100% used [0x00000000d5580000,0x00000000d6b00000,0x00000000d6b00000)
  from space 2560K, 95% used [0x00000000d6b00000,0x00000000d6d60820,0x00000000d6d80000)
  to   space 3072K, 0% used [0x00000000d6e00000,0x00000000d6e00000,0x00000000d7100000)
 ParOldGen       total 68608K, used 46557K [0x0000000080000000, 0x0000000084300000, 0x00000000d5580000)
  object space 68608K, 67% used [0x0000000080000000,0x0000000082d776a0,0x0000000084300000)
 Metaspace       used 62291K, committed 63808K, reserved 1114112K
  class space    used 7403K, committed 8064K, reserved 1048576K
}
Event: 20.998 GC heap after
{Heap after GC invocations=35 (full 3):
 PSYoungGen      total 24576K, used 2112K [0x00000000d5580000, 0x00000000d7080000, 0x0000000100000000)
  eden space 22016K, 0% used [0x00000000d5580000,0x00000000d5580000,0x00000000d6b00000)
  from space 2560K, 82% used [0x00000000d6e00000,0x00000000d7010000,0x00000000d7080000)
  to   space 2560K, 0% used [0x00000000d6b00000,0x00000000d6b00000,0x00000000d6d80000)
 ParOldGen       total 68608K, used 48827K [0x0000000080000000, 0x0000000084300000, 0x00000000d5580000)
  object space 68608K, 71% used [0x0000000080000000,0x0000000082faef98,0x0000000084300000)
 Metaspace       used 62291K, committed 63808K, reserved 1114112K
  class space    used 7403K, committed 8064K, reserved 1048576K
}
Event: 21.084 GC heap before
{Heap before GC invocations=36 (full 3):
 PSYoungGen      total 24576K, used 24128K [0x00000000d5580000, 0x00000000d7080000, 0x0000000100000000)
  eden space 22016K, 100% used [0x00000000d5580000,0x00000000d6b00000,0x00000000d6b00000)
  from space 2560K, 82% used [0x00000000d6e00000,0x00000000d7010000,0x00000000d7080000)
  to   space 2560K, 0% used [0x00000000d6b00000,0x00000000d6b00000,0x00000000d6d80000)
 ParOldGen       total 68608K, used 48827K [0x0000000080000000, 0x0000000084300000, 0x00000000d5580000)
  object space 68608K, 71% used [0x0000000080000000,0x0000000082faef98,0x0000000084300000)
 Metaspace       used 62298K, committed 63808K, reserved 1114112K
  class space    used 7403K, committed 8064K, reserved 1048576K
}
Event: 21.093 GC heap after
{Heap after GC invocations=36 (full 3):
 PSYoungGen      total 24576K, used 2180K [0x00000000d5580000, 0x00000000d7000000, 0x0000000100000000)
  eden space 22016K, 0% used [0x00000000d5580000,0x00000000d5580000,0x00000000d6b00000)
  from space 2560K, 85% used [0x00000000d6b00000,0x00000000d6d21000,0x00000000d6d80000)
  to   space 2560K, 0% used [0x00000000d6d80000,0x00000000d6d80000,0x00000000d7000000)
 ParOldGen       total 68608K, used 50771K [0x0000000080000000, 0x0000000084300000, 0x00000000d5580000)
  object space 68608K, 74% used [0x0000000080000000,0x0000000083194f98,0x0000000084300000)
 Metaspace       used 62298K, committed 63808K, reserved 1114112K
  class space    used 7403K, committed 8064K, reserved 1048576K
}
Event: 21.247 GC heap before
{Heap before GC invocations=37 (full 3):
 PSYoungGen      total 24576K, used 24196K [0x00000000d5580000, 0x00000000d7000000, 0x0000000100000000)
  eden space 22016K, 100% used [0x00000000d5580000,0x00000000d6b00000,0x00000000d6b00000)
  from space 2560K, 85% used [0x00000000d6b00000,0x00000000d6d21000,0x00000000d6d80000)
  to   space 2560K, 0% used [0x00000000d6d80000,0x00000000d6d80000,0x00000000d7000000)
 ParOldGen       total 68608K, used 50771K [0x0000000080000000, 0x0000000084300000, 0x00000000d5580000)
  object space 68608K, 74% used [0x0000000080000000,0x0000000083194f98,0x0000000084300000)
 Metaspace       used 62347K, committed 63808K, reserved 1114112K
  class space    used 7405K, committed 8064K, reserved 1048576K
}
Event: 21.257 GC heap after
{Heap after GC invocations=37 (full 3):
 PSYoungGen      total 24576K, used 2208K [0x00000000d5580000, 0x00000000d7000000, 0x0000000100000000)
  eden space 22016K, 0% used [0x00000000d5580000,0x00000000d5580000,0x00000000d6b00000)
  from space 2560K, 86% used [0x00000000d6d80000,0x00000000d6fa8010,0x00000000d7000000)
  to   space 2560K, 0% used [0x00000000d6b00000,0x00000000d6b00000,0x00000000d6d80000)
 ParOldGen       total 68608K, used 52809K [0x0000000080000000, 0x0000000084300000, 0x00000000d5580000)
  object space 68608K, 76% used [0x0000000080000000,0x00000000833925c0,0x0000000084300000)
 Metaspace       used 62347K, committed 63808K, reserved 1114112K
  class space    used 7405K, committed 8064K, reserved 1048576K
}
Event: 21.496 GC heap before
{Heap before GC invocations=38 (full 3):
 PSYoungGen      total 24576K, used 24224K [0x00000000d5580000, 0x00000000d7000000, 0x0000000100000000)
  eden space 22016K, 100% used [0x00000000d5580000,0x00000000d6b00000,0x00000000d6b00000)
  from space 2560K, 86% used [0x00000000d6d80000,0x00000000d6fa8010,0x00000000d7000000)
  to   space 2560K, 0% used [0x00000000d6b00000,0x00000000d6b00000,0x00000000d6d80000)
 ParOldGen       total 68608K, used 52809K [0x0000000080000000, 0x0000000084300000, 0x00000000d5580000)
  object space 68608K, 76% used [0x0000000080000000,0x00000000833925c0,0x0000000084300000)
 Metaspace       used 62452K, committed 63872K, reserved 1114112K
  class space    used 7415K, committed 8064K, reserved 1048576K
}
Event: 21.503 GC heap after
{Heap after GC invocations=38 (full 3):
 PSYoungGen      total 24064K, used 1912K [0x00000000d5580000, 0x00000000d6f00000, 0x0000000100000000)
  eden space 22016K, 0% used [0x00000000d5580000,0x00000000d5580000,0x00000000d6b00000)
  from space 2048K, 93% used [0x00000000d6b00000,0x00000000d6cde200,0x00000000d6d00000)
  to   space 2048K, 0% used [0x00000000d6d00000,0x00000000d6d00000,0x00000000d6f00000)
 ParOldGen       total 68608K, used 54905K [0x0000000080000000, 0x0000000084300000, 0x00000000d5580000)
  object space 68608K, 80% used [0x0000000080000000,0x000000008359e5d0,0x0000000084300000)
 Metaspace       used 62452K, committed 63872K, reserved 1114112K
  class space    used 7415K, committed 8064K, reserved 1048576K
}
Event: 6408.666 GC heap before
{Heap before GC invocations=39 (full 3):
 PSYoungGen      total 24064K, used 23918K [0x00000000d5580000, 0x00000000d6f00000, 0x0000000100000000)
  eden space 22016K, 99% used [0x00000000d5580000,0x00000000d6afd868,0x00000000d6b00000)
  from space 2048K, 93% used [0x00000000d6b00000,0x00000000d6cde200,0x00000000d6d00000)
  to   space 2048K, 0% used [0x00000000d6d00000,0x00000000d6d00000,0x00000000d6f00000)
 ParOldGen       total 68608K, used 54905K [0x0000000080000000, 0x0000000084300000, 0x00000000d5580000)
  object space 68608K, 80% used [0x0000000080000000,0x000000008359e5d0,0x0000000084300000)
 Metaspace       used 64199K, committed 65664K, reserved 1114112K
  class space    used 7592K, committed 8192K, reserved 1048576K
}
Event: 6408.683 GC heap after
{Heap after GC invocations=39 (full 3):
 PSYoungGen      total 21504K, used 2035K [0x00000000d5580000, 0x00000000d7400000, 0x0000000100000000)
  eden space 19456K, 0% used [0x00000000d5580000,0x00000000d5580000,0x00000000d6880000)
  from space 2048K, 99% used [0x00000000d6d00000,0x00000000d6efcce8,0x00000000d6f00000)
  to   space 4608K, 0% used [0x00000000d6880000,0x00000000d6880000,0x00000000d6d00000)
 ParOldGen       total 68608K, used 57058K [0x0000000080000000, 0x0000000084300000, 0x00000000d5580000)
  object space 68608K, 83% used [0x0000000080000000,0x00000000837b8820,0x0000000084300000)
 Metaspace       used 64199K, committed 65664K, reserved 1114112K
  class space    used 7592K, committed 8192K, reserved 1048576K
}
Event: 8826.003 GC heap before
{Heap before GC invocations=40 (full 3):
 PSYoungGen      total 21504K, used 21491K [0x00000000d5580000, 0x00000000d7400000, 0x0000000100000000)
  eden space 19456K, 100% used [0x00000000d5580000,0x00000000d6880000,0x00000000d6880000)
  from space 2048K, 99% used [0x00000000d6d00000,0x00000000d6efcce8,0x00000000d6f00000)
  to   space 4608K, 0% used [0x00000000d6880000,0x00000000d6880000,0x00000000d6d00000)
 ParOldGen       total 68608K, used 57058K [0x0000000080000000, 0x0000000084300000, 0x00000000d5580000)
  object space 68608K, 83% used [0x0000000080000000,0x00000000837b8820,0x0000000084300000)
 Metaspace       used 66681K, committed 68096K, reserved 1114112K
  class space    used 7857K, committed 8448K, reserved 1048576K
}
Event: 8826.008 GC heap after
{Heap after GC invocations=40 (full 3):
 PSYoungGen      total 20992K, used 1140K [0x00000000d5580000, 0x00000000d6d80000, 0x0000000100000000)
  eden space 19456K, 0% used [0x00000000d5580000,0x00000000d5580000,0x00000000d6880000)
  from space 1536K, 74% used [0x00000000d6880000,0x00000000d699d3e8,0x00000000d6a00000)
  to   space 2560K, 0% used [0x00000000d6b00000,0x00000000d6b00000,0x00000000d6d80000)
 ParOldGen       total 68608K, used 58910K [0x0000000080000000, 0x0000000084300000, 0x00000000d5580000)
  object space 68608K, 85% used [0x0000000080000000,0x0000000083987a70,0x0000000084300000)
 Metaspace       used 66681K, committed 68096K, reserved 1114112K
  class space    used 7857K, committed 8448K, reserved 1048576K
}
Event: 11857.617 GC heap before
{Heap before GC invocations=41 (full 3):
 PSYoungGen      total 20992K, used 20596K [0x00000000d5580000, 0x00000000d6d80000, 0x0000000100000000)
  eden space 19456K, 100% used [0x00000000d5580000,0x00000000d6880000,0x00000000d6880000)
  from space 1536K, 74% used [0x00000000d6880000,0x00000000d699d3e8,0x00000000d6a00000)
  to   space 2560K, 0% used [0x00000000d6b00000,0x00000000d6b00000,0x00000000d6d80000)
 ParOldGen       total 68608K, used 58910K [0x0000000080000000, 0x0000000084300000, 0x00000000d5580000)
  object space 68608K, 85% used [0x0000000080000000,0x0000000083987a70,0x0000000084300000)
 Metaspace       used 67263K, committed 68608K, reserved 1114112K
  class space    used 7884K, committed 8448K, reserved 1048576K
}
Event: 11857.624 GC heap after
{Heap after GC invocations=41 (full 3):
 PSYoungGen      total 19968K, used 352K [0x00000000d5580000, 0x00000000d6b80000, 0x0000000100000000)
  eden space 19456K, 0% used [0x00000000d5580000,0x00000000d5580000,0x00000000d6880000)
  from space 512K, 68% used [0x00000000d6b00000,0x00000000d6b58000,0x00000000d6b80000)
  to   space 1024K, 0% used [0x00000000d6980000,0x00000000d6980000,0x00000000d6a80000)
 ParOldGen       total 68608K, used 59842K [0x0000000080000000, 0x0000000084300000, 0x00000000d5580000)
  object space 68608K, 87% used [0x0000000080000000,0x0000000083a70b08,0x0000000084300000)
 Metaspace       used 67263K, committed 68608K, reserved 1114112K
  class space    used 7884K, committed 8448K, reserved 1048576K
}

Dll operation events (15 events):
Event: 0.025 Loaded shared library c:\Users\HP\.vscode\extensions\redhat.java-1.50.0-win32-x64\jre\21.0.9-win32-x86_64\bin\java.dll
Event: 0.254 Loaded shared library c:\Users\HP\.vscode\extensions\redhat.java-1.50.0-win32-x64\jre\21.0.9-win32-x86_64\bin\zip.dll
Event: 0.330 Loaded shared library C:\Users\HP\.vscode\extensions\redhat.java-1.50.0-win32-x64\jre\21.0.9-win32-x86_64\bin\instrument.dll
Event: 0.344 Loaded shared library C:\Users\HP\.vscode\extensions\redhat.java-1.50.0-win32-x64\jre\21.0.9-win32-x86_64\bin\net.dll
Event: 0.350 Loaded shared library C:\Users\HP\.vscode\extensions\redhat.java-1.50.0-win32-x64\jre\21.0.9-win32-x86_64\bin\nio.dll
Event: 0.360 Loaded shared library C:\Users\HP\.vscode\extensions\redhat.java-1.50.0-win32-x64\jre\21.0.9-win32-x86_64\bin\zip.dll
Event: 0.413 Loaded shared library C:\Users\HP\.vscode\extensions\redhat.java-1.50.0-win32-x64\jre\21.0.9-win32-x86_64\bin\jimage.dll
Event: 0.723 Loaded shared library c:\Users\HP\.vscode\extensions\redhat.java-1.50.0-win32-x64\jre\21.0.9-win32-x86_64\bin\verify.dll
Event: 3.583 Loaded shared library C:\Users\HP\AppData\Roaming\Code\User\globalStorage\redhat.java\1.50.0\config_win\org.eclipse.equinox.launcher\org.eclipse.equinox.launcher.win32.win32.x86_64_1.2.1400.v20250801-0854\eclipse_11916.dll
Event: 7.530 Loaded shared library C:\Users\HP\AppData\Local\Temp\jna-2312\jna3377137592250841313.dll
Event: 10.925 Loaded shared library C:\Users\HP\.vscode\extensions\redhat.java-1.50.0-win32-x64\jre\21.0.9-win32-x86_64\bin\sunmscapi.dll
Event: 15.156 Loaded shared library C:\Users\HP\.vscode\extensions\redhat.java-1.50.0-win32-x64\jre\21.0.9-win32-x86_64\bin\extnet.dll
Event: 16.913 Loaded shared library D:\.gradle\native\c067742578af261105cb4f569cf0c3c89f3d7b1fecec35dd04571415982c5e48\windows-amd64\native-platform.dll
Event: 18.376 Loaded shared library C:\Users\HP\.vscode\extensions\redhat.java-1.50.0-win32-x64\jre\21.0.9-win32-x86_64\bin\management.dll
Event: 18.382 Loaded shared library C:\Users\HP\.vscode\extensions\redhat.java-1.50.0-win32-x64\jre\21.0.9-win32-x86_64\bin\management_ext.dll

Deoptimization events (20 events):
Event: 9656.929 Thread 0x0000029e9f8b5310 DEOPT PACKING pc=0x0000029e481c5fd8 sp=0x000000c7565ff060
Event: 9656.929 Thread 0x0000029e9f8b5310 DEOPT UNPACKING pc=0x0000029e47743aa2 sp=0x000000c7565fef80 mode 2
Event: 9656.930 Thread 0x0000029e9f8b5310 Uncommon trap: trap_request=0xffffffde fr.pc=0x0000029e481c5fd8 relative=0x00000000000003f8
Event: 9656.930 Thread 0x0000029e9f8b5310 Uncommon trap: reason=class_check action=maybe_recompile pc=0x0000029e481c5fd8 method=org.eclipse.core.internal.resources.SaveManager.lambda$11(Lorg/eclipse/core/internal/resources/MarkerManager;Ljava/io/DataOutputStream;[JLjava/io/DataOutputStream;Lorg/e
Event: 9656.930 Thread 0x0000029e9f8b5310 DEOPT PACKING pc=0x0000029e481c5fd8 sp=0x000000c7565fef20
Event: 9656.930 Thread 0x0000029e9f8b5310 DEOPT UNPACKING pc=0x0000029e47743aa2 sp=0x000000c7565fee20 mode 2
Event: 9656.930 Thread 0x0000029e9f8b5310 Uncommon trap: trap_request=0xffffffde fr.pc=0x0000029e481c5fd8 relative=0x00000000000003f8
Event: 9656.930 Thread 0x0000029e9f8b5310 Uncommon trap: reason=class_check action=maybe_recompile pc=0x0000029e481c5fd8 method=org.eclipse.core.internal.resources.SaveManager.lambda$11(Lorg/eclipse/core/internal/resources/MarkerManager;Ljava/io/DataOutputStream;[JLjava/io/DataOutputStream;Lorg/e
Event: 9656.930 Thread 0x0000029e9f8b5310 DEOPT PACKING pc=0x0000029e481c5fd8 sp=0x000000c7565fef20
Event: 9656.930 Thread 0x0000029e9f8b5310 DEOPT UNPACKING pc=0x0000029e47743aa2 sp=0x000000c7565fee20 mode 2
Event: 9656.931 Thread 0x0000029e9f8b5310 Uncommon trap: trap_request=0xffffffde fr.pc=0x0000029e481c5fd8 relative=0x00000000000003f8
Event: 9656.931 Thread 0x0000029e9f8b5310 Uncommon trap: reason=class_check action=maybe_recompile pc=0x0000029e481c5fd8 method=org.eclipse.core.internal.resources.SaveManager.lambda$11(Lorg/eclipse/core/internal/resources/MarkerManager;Ljava/io/DataOutputStream;[JLjava/io/DataOutputStream;Lorg/e
Event: 9656.931 Thread 0x0000029e9f8b5310 DEOPT PACKING pc=0x0000029e481c5fd8 sp=0x000000c7565fef20
Event: 9656.931 Thread 0x0000029e9f8b5310 DEOPT UNPACKING pc=0x0000029e47743aa2 sp=0x000000c7565fee20 mode 2
Event: 11071.571 Thread 0x0000029e9f8b5310 DEOPT PACKING pc=0x0000029e409bdfdb sp=0x000000c7565fe980
Event: 11071.571 Thread 0x0000029e9f8b5310 DEOPT UNPACKING pc=0x0000029e47744242 sp=0x000000c7565fde08 mode 0
Event: 11371.490 Thread 0x0000029e9f8b5310 Uncommon trap: trap_request=0xffffff45 fr.pc=0x0000029e481cbb70 relative=0x0000000000000570
Event: 11371.490 Thread 0x0000029e9f8b5310 Uncommon trap: reason=unstable_if action=reinterpret pc=0x0000029e481cbb70 method=org.eclipse.core.internal.resources.SaveManager.lambda$11(Lorg/eclipse/core/internal/resources/MarkerManager;Ljava/io/DataOutputStream;[JLjava/io/DataOutputStream;Lorg/eclip
Event: 11371.490 Thread 0x0000029e9f8b5310 DEOPT PACKING pc=0x0000029e481cbb70 sp=0x000000c7565fef80
Event: 11371.490 Thread 0x0000029e9f8b5310 DEOPT UNPACKING pc=0x0000029e47743aa2 sp=0x000000c7565fef68 mode 2

Classes loaded (20 events):
Event: 8825.998 Loading class java/util/stream/Nodes$CollectorTask$OfRef
Event: 8825.998 Loading class java/util/stream/Nodes$CollectorTask
Event: 8825.999 Loading class java/util/stream/Nodes$CollectorTask done
Event: 8825.999 Loading class java/util/stream/Nodes$CollectorTask$OfRef done
Event: 8825.999 Loading class java/util/function/LongFunction
Event: 8825.999 Loading class java/util/function/LongFunction done
Event: 8825.999 Loading class java/util/stream/Nodes$ConcNode
Event: 8825.999 Loading class java/util/stream/Nodes$AbstractConcNode
Event: 8825.999 Loading class java/util/stream/Nodes$AbstractConcNode done
Event: 8825.999 Loading class java/util/stream/Nodes$ConcNode done
Event: 8826.016 Loading class java/util/stream/Nodes$ToArrayTask$OfRef
Event: 8826.016 Loading class java/util/stream/Nodes$ToArrayTask
Event: 8826.016 Loading class java/util/stream/Nodes$ToArrayTask done
Event: 8826.016 Loading class java/util/stream/Nodes$ToArrayTask$OfRef done
Event: 8826.018 Loading class java/io/ObjectOutputStream$BlockDataOutputStream
Event: 8826.019 Loading class java/io/ObjectOutputStream$BlockDataOutputStream done
Event: 8826.019 Loading class java/io/ObjectOutputStream$HandleTable
Event: 8826.019 Loading class java/io/ObjectOutputStream$HandleTable done
Event: 8826.019 Loading class java/io/ObjectOutputStream$ReplaceTable
Event: 8826.019 Loading class java/io/ObjectOutputStream$ReplaceTable done

Classes unloaded (13 events):
Event: 8.858 Thread 0x0000029e3d05f740 Unloading class 0x0000029e551aac00 'java/lang/invoke/LambdaForm$MH+0x0000029e551aac00'
Event: 8.858 Thread 0x0000029e3d05f740 Unloading class 0x0000029e551aa800 'java/lang/invoke/LambdaForm$MH+0x0000029e551aa800'
Event: 8.858 Thread 0x0000029e3d05f740 Unloading class 0x0000029e551aa400 'java/lang/invoke/LambdaForm$MH+0x0000029e551aa400'
Event: 8.858 Thread 0x0000029e3d05f740 Unloading class 0x0000029e551aa000 'java/lang/invoke/LambdaForm$MH+0x0000029e551aa000'
Event: 8.858 Thread 0x0000029e3d05f740 Unloading class 0x0000029e551a9c00 'java/lang/invoke/LambdaForm$BMH+0x0000029e551a9c00'
Event: 8.858 Thread 0x0000029e3d05f740 Unloading class 0x0000029e551a9800 'java/lang/invoke/LambdaForm$DMH+0x0000029e551a9800'
Event: 8.858 Thread 0x0000029e3d05f740 Unloading class 0x0000029e551a8400 'java/lang/invoke/LambdaForm$DMH+0x0000029e551a8400'
Event: 11.155 Thread 0x0000029e3d05f740 Unloading class 0x0000029e552ed400 'java/lang/invoke/LambdaForm$MH+0x0000029e552ed400'
Event: 11.155 Thread 0x0000029e3d05f740 Unloading class 0x0000029e552ec800 'java/lang/invoke/LambdaForm$MH+0x0000029e552ec800'
Event: 11.155 Thread 0x0000029e3d05f740 Unloading class 0x0000029e552ec000 'java/lang/invoke/LambdaForm$MH+0x0000029e552ec000'
Event: 11.155 Thread 0x0000029e3d05f740 Unloading class 0x0000029e552ebc00 'java/lang/invoke/LambdaForm$MH+0x0000029e552ebc00'
Event: 11.155 Thread 0x0000029e3d05f740 Unloading class 0x0000029e552eb400 'java/lang/invoke/LambdaForm$DMH+0x0000029e552eb400'
Event: 11.155 Thread 0x0000029e3d05f740 Unloading class 0x0000029e552ea800 'java/lang/invoke/LambdaForm$MH+0x0000029e552ea800'

Classes redefined (0 events):
No events

Internal exceptions (20 events):
Event: 6408.498 Thread 0x0000029e9c5a1b50 Exception <a 'java/lang/NoSuchMethodError'{0x00000000d693af38}: 'java.lang.Object java.lang.invoke.DirectMethodHandle$Holder.invokeStatic(java.lang.Object, java.lang.Object, int, java.lang.Object)'> (0x00000000d693af38) 
thrown [s\src\hotspot\share\interpreter\linkResolver.cpp, line 773]
Event: 6408.709 Thread 0x0000029e9c5a1b50 Exception <a 'java/io/FileNotFoundException'{0x00000000d56308a0}> (0x00000000d56308a0) 
thrown [s\src\hotspot\share\prims\jni.cpp, line 520]
Event: 6408.710 Thread 0x0000029e9c5a1b50 Exception <a 'java/io/FileNotFoundException'{0x00000000d56318a8}> (0x00000000d56318a8) 
thrown [s\src\hotspot\share\prims\jni.cpp, line 520]
Event: 6408.941 Thread 0x0000029e9b09dbf0 Exception <a 'java/lang/NoSuchMethodError'{0x00000000d584fa98}: 'int java.lang.invoke.DirectMethodHandle$Holder.invokeStatic(java.lang.Object)'> (0x00000000d584fa98) 
thrown [s\src\hotspot\share\interpreter\linkResolver.cpp, line 773]
Event: 6410.079 Thread 0x0000029e9b09dbf0 Exception <a 'java/io/FileNotFoundException'{0x00000000d59093a0}> (0x00000000d59093a0) 
thrown [s\src\hotspot\share\prims\jni.cpp, line 520]
Event: 6410.079 Thread 0x0000029e9b09dbf0 Exception <a 'java/io/FileNotFoundException'{0x00000000d590a648}> (0x00000000d590a648) 
thrown [s\src\hotspot\share\prims\jni.cpp, line 520]
Event: 6410.079 Thread 0x0000029e9b09dbf0 Exception <a 'java/io/FileNotFoundException'{0x00000000d590b898}> (0x00000000d590b898) 
thrown [s\src\hotspot\share\prims\jni.cpp, line 520]
Event: 6410.453 Thread 0x0000029e9b09dbf0 Exception <a 'sun/nio/fs/WindowsException'{0x00000000d6631508}> (0x00000000d6631508) 
thrown [s\src\hotspot\share\prims\jni.cpp, line 520]
Event: 6410.453 Thread 0x0000029e9b09dbf0 Exception <a 'sun/nio/fs/WindowsException'{0x00000000d6631df8}> (0x00000000d6631df8) 
thrown [s\src\hotspot\share\prims\jni.cpp, line 520]
Event: 6410.496 Thread 0x0000029e9b09dbf0 Exception <a 'sun/nio/fs/WindowsException'{0x00000000d6780c88}> (0x00000000d6780c88) 
thrown [s\src\hotspot\share\prims\jni.cpp, line 520]
Event: 6410.509 Thread 0x0000029e9b09dbf0 Implicit null exception at 0x0000029e48195fda to 0x0000029e48195ff1
Event: 6410.513 Thread 0x0000029e9b09dbf0 Exception <a 'sun/nio/fs/WindowsException'{0x00000000d67bace8}> (0x00000000d67bace8) 
thrown [s\src\hotspot\share\prims\jni.cpp, line 520]
Event: 6410.513 Thread 0x0000029e9b09dbf0 Exception <a 'sun/nio/fs/WindowsException'{0x00000000d67bb318}> (0x00000000d67bb318) 
thrown [s\src\hotspot\share\prims\jni.cpp, line 520]
Event: 8826.014 Thread 0x0000029e9b09ced0 Exception <a 'sun/nio/fs/WindowsException'{0x00000000d55cd5d8}> (0x00000000d55cd5d8) 
thrown [s\src\hotspot\share\prims\jni.cpp, line 520]
Event: 8826.014 Thread 0x0000029e9b09ced0 Exception <a 'sun/nio/fs/WindowsException'{0x00000000d55cded8}> (0x00000000d55cded8) 
thrown [s\src\hotspot\share\prims\jni.cpp, line 520]
Event: 8826.023 Thread 0x0000029e9b09ced0 Exception <a 'java/lang/NoSuchMethodError'{0x00000000d5632798}: 'java.lang.Object java.lang.invoke.DirectMethodHandle$Holder.newInvokeSpecial(java.lang.Object, java.lang.Object, java.lang.Object, java.lang.Object, java.lang.Object, java.lang.Object, java.lang.Object, java.lang.Object)'> (0x00000000d5632798) 
thrown [s\src\hotspot\share\interpreter\linkResolver.cpp, line 773]
Event: 9656.919 Thread 0x0000029e9f8b5310 Exception <a 'sun/nio/fs/WindowsException'{0x00000000d5e38440}> (0x00000000d5e38440) 
thrown [s\src\hotspot\share\prims\jni.cpp, line 520]
Event: 9656.919 Thread 0x0000029e9f8b5310 Exception <a 'sun/nio/fs/WindowsException'{0x00000000d5e38d40}> (0x00000000d5e38d40) 
thrown [s\src\hotspot\share\prims\jni.cpp, line 520]
Event: 11371.480 Thread 0x0000029e9f8b5310 Exception <a 'sun/nio/fs/WindowsException'{0x00000000d6718a90}> (0x00000000d6718a90) 
thrown [s\src\hotspot\share\prims\jni.cpp, line 520]
Event: 11371.480 Thread 0x0000029e9f8b5310 Exception <a 'sun/nio/fs/WindowsException'{0x00000000d6719370}> (0x00000000d6719370) 
thrown [s\src\hotspot\share\prims\jni.cpp, line 520]

ZGC Phase Switch (0 events):
No events

VM Operations (20 events):
Event: 11606.461 Executing VM operation: HandshakeAllThreads (HandshakeForDeflation)
Event: 11606.462 Executing VM operation: HandshakeAllThreads (HandshakeForDeflation) done
Event: 11606.462 Executing VM operation: RendezvousGCThreads
Event: 11606.462 Executing VM operation: RendezvousGCThreads done
Event: 11818.523 Executing VM operation: Cleanup
Event: 11818.523 Executing VM operation: Cleanup done
Event: 11857.617 Executing VM operation: ParallelGCFailedAllocation (Allocation Failure)
Event: 11857.624 Executing VM operation: ParallelGCFailedAllocation (Allocation Failure) done
Event: 11858.624 Executing VM operation: Cleanup
Event: 11858.624 Executing VM operation: Cleanup done
Event: 11863.660 Executing VM operation: Cleanup
Event: 11863.660 Executing VM operation: Cleanup done
Event: 11864.661 Executing VM operation: Cleanup
Event: 11864.661 Executing VM operation: Cleanup done
Event: 11907.037 Executing VM operation: HandshakeAllThreads (HandshakeForDeflation)
Event: 11907.037 Executing VM operation: HandshakeAllThreads (HandshakeForDeflation) done
Event: 11907.037 Executing VM operation: RendezvousGCThreads
Event: 11907.037 Executing VM operation: RendezvousGCThreads done
Event: 11977.392 Executing VM operation: Cleanup
Event: 11977.392 Executing VM operation: Cleanup done

Memory protections (0 events):
No events

Nmethod flushes (20 events):
Event: 19.054 Thread 0x0000029e3d05f740 flushing  nmethod 0x0000029e40a15110
Event: 19.054 Thread 0x0000029e3d05f740 flushing  nmethod 0x0000029e40a15c10
Event: 19.054 Thread 0x0000029e3d05f740 flushing  nmethod 0x0000029e40a1dc90
Event: 19.054 Thread 0x0000029e3d05f740 flushing  nmethod 0x0000029e40a1f210
Event: 19.054 Thread 0x0000029e3d05f740 flushing  nmethod 0x0000029e40a34710
Event: 19.054 Thread 0x0000029e3d05f740 flushing  nmethod 0x0000029e40a4a510
Event: 19.054 Thread 0x0000029e3d05f740 flushing  nmethod 0x0000029e40a4af90
Event: 19.054 Thread 0x0000029e3d05f740 flushing  nmethod 0x0000029e40a4b690
Event: 19.054 Thread 0x0000029e3d05f740 flushing  nmethod 0x0000029e40a4c910
Event: 19.054 Thread 0x0000029e3d05f740 flushing  nmethod 0x0000029e40a4d890
Event: 19.054 Thread 0x0000029e3d05f740 flushing  nmethod 0x0000029e40a4e110
Event: 19.054 Thread 0x0000029e3d05f740 flushing  nmethod 0x0000029e40a4ea90
Event: 19.054 Thread 0x0000029e3d05f740 flushing  nmethod 0x0000029e40a4f790
Event: 19.054 Thread 0x0000029e3d05f740 flushing  nmethod 0x0000029e40a4fb90
Event: 19.054 Thread 0x0000029e3d05f740 flushing  nmethod 0x0000029e40a51210
Event: 19.054 Thread 0x0000029e3d05f740 flushing  nmethod 0x0000029e40a52d90
Event: 19.054 Thread 0x0000029e3d05f740 flushing  nmethod 0x0000029e40a54890
Event: 19.054 Thread 0x0000029e3d05f740 flushing  nmethod 0x0000029e40a55210
Event: 19.054 Thread 0x0000029e3d05f740 flushing  nmethod 0x0000029e40a55d90
Event: 19.054 Thread 0x0000029e3d05f740 flushing  nmethod 0x0000029e40a69a90

Events (20 events):
Event: 9656.918 Thread 0x0000029e9f8b5310 Thread added: 0x0000029e9f8b8100
Event: 9656.918 Thread 0x0000029e9f8b8100 Thread exited: 0x0000029e9f8b8100
Event: 9656.920 Thread 0x0000029e9f8b5310 Thread added: 0x0000029e9f8b6030
Event: 9656.920 Thread 0x0000029e9f8b6030 Thread added: 0x0000029e9f8b8100
Event: 9656.921 Thread 0x0000029e9f8b6030 Thread added: 0x0000029e9f8b6d50
Event: 9656.921 Thread 0x0000029e9f8b6d50 Thread exited: 0x0000029e9f8b6d50
Event: 9656.921 Thread 0x0000029e9f8b8100 Thread exited: 0x0000029e9f8b8100
Event: 9656.921 Thread 0x0000029e9f8b6030 Thread exited: 0x0000029e9f8b6030
Event: 11071.571 Thread 0x0000029e9f8b5310 Thread added: 0x0000029e9f8b6030
Event: 11102.234 Thread 0x0000029e9b09dbf0 Thread exited: 0x0000029e9b09dbf0
Event: 11371.478 Thread 0x0000029e9f8b5310 Thread added: 0x0000029e9f8b6d50
Event: 11371.479 Thread 0x0000029e9f8b6d50 Thread exited: 0x0000029e9f8b6d50
Event: 11371.482 Thread 0x0000029e9f8b5310 Thread added: 0x0000029e9f8b6d50
Event: 11371.484 Thread 0x0000029e9f8b6d50 Thread added: 0x0000029e9f8b8100
Event: 11371.484 Thread 0x0000029e9f8b6d50 Thread added: 0x0000029e9f8b4c80
Event: 11371.486 Thread 0x0000029e9f8b4c80 Thread exited: 0x0000029e9f8b4c80
Event: 11371.486 Thread 0x0000029e9f8b8100 Thread exited: 0x0000029e9f8b8100
Event: 11371.486 Thread 0x0000029e9f8b6d50 Thread exited: 0x0000029e9f8b6d50
Event: 11371.612 Thread 0x0000029e9f8b6030 Thread added: 0x0000029e9f8b6d50
Event: 11431.612 Thread 0x0000029e9f8b5310 Thread exited: 0x0000029e9f8b5310


Dynamic libraries:
0x00007ff732770000 - 0x00007ff73277e000 	c:\Users\HP\.vscode\extensions\redhat.java-1.50.0-win32-x64\jre\21.0.9-win32-x86_64\bin\java.exe
0x00007ffc036c0000 - 0x00007ffc03927000 	C:\WINDOWS\SYSTEM32\ntdll.dll
0x00007ffc026c0000 - 0x00007ffc02789000 	C:\WINDOWS\System32\KERNEL32.DLL
0x00007ffc01060000 - 0x00007ffc0144f000 	C:\WINDOWS\System32\KERNELBASE.dll
0x00007ffc00f10000 - 0x00007ffc0105b000 	C:\WINDOWS\System32\ucrtbase.dll
0x00007ffba22c0000 - 0x00007ffba22de000 	c:\Users\HP\.vscode\extensions\redhat.java-1.50.0-win32-x64\jre\21.0.9-win32-x86_64\bin\VCRUNTIME140.dll
0x00007ffba27e0000 - 0x00007ffba27f8000 	c:\Users\HP\.vscode\extensions\redhat.java-1.50.0-win32-x64\jre\21.0.9-win32-x86_64\bin\jli.dll
0x00007ffc032e0000 - 0x00007ffc034a5000 	C:\WINDOWS\System32\USER32.dll
0x00007ffc008a0000 - 0x00007ffc008c7000 	C:\WINDOWS\System32\win32u.dll
0x00007ffbdd1f0000 - 0x00007ffbdd483000 	C:\WINDOWS\WinSxS\amd64_microsoft.windows.common-controls_6595b64144ccf1df_6.0.26100.7309_none_3e05feeae336a044\COMCTL32.dll
0x00007ffc034b0000 - 0x00007ffc034db000 	C:\WINDOWS\System32\GDI32.dll
0x00007ffc01d20000 - 0x00007ffc01dc9000 	C:\WINDOWS\System32\msvcrt.dll
0x00007ffc00bc0000 - 0x00007ffc00cec000 	C:\WINDOWS\System32\gdi32full.dll
0x00007ffc00e60000 - 0x00007ffc00f03000 	C:\WINDOWS\System32\msvcp_win.dll
0x00007ffc031e0000 - 0x00007ffc03211000 	C:\WINDOWS\System32\IMM32.DLL
0x00007ffbecb40000 - 0x00007ffbecb4c000 	c:\Users\HP\.vscode\extensions\redhat.java-1.50.0-win32-x64\jre\21.0.9-win32-x86_64\bin\vcruntime140_1.dll
0x00007ffb68e60000 - 0x00007ffb68eed000 	c:\Users\HP\.vscode\extensions\redhat.java-1.50.0-win32-x64\jre\21.0.9-win32-x86_64\bin\msvcp140.dll
0x00007ffb3bbc0000 - 0x00007ffb3c960000 	c:\Users\HP\.vscode\extensions\redhat.java-1.50.0-win32-x64\jre\21.0.9-win32-x86_64\bin\server\jvm.dll
0x00007ffc03220000 - 0x00007ffc032d4000 	C:\WINDOWS\System32\ADVAPI32.dll
0x00007ffc01f20000 - 0x00007ffc01fc6000 	C:\WINDOWS\System32\sechost.dll
0x00007ffc01c00000 - 0x00007ffc01d18000 	C:\WINDOWS\System32\RPCRT4.dll
0x00007ffc02970000 - 0x00007ffc029e4000 	C:\WINDOWS\System32\WS2_32.dll
0x00007ffc00670000 - 0x00007ffc006ce000 	C:\WINDOWS\SYSTEM32\POWRPROF.dll
0x00007ffbfae20000 - 0x00007ffbfae55000 	C:\WINDOWS\SYSTEM32\WINMM.dll
0x00007ffbf0de0000 - 0x00007ffbf0deb000 	C:\WINDOWS\SYSTEM32\VERSION.dll
0x00007ffc00650000 - 0x00007ffc00664000 	C:\WINDOWS\SYSTEM32\UMPDC.dll
0x00007ffbff580000 - 0x00007ffbff59b000 	C:\WINDOWS\SYSTEM32\kernel.appcore.dll
0x00007ffbec650000 - 0x00007ffbec65a000 	c:\Users\HP\.vscode\extensions\redhat.java-1.50.0-win32-x64\jre\21.0.9-win32-x86_64\bin\jimage.dll
0x00007ffbfe100000 - 0x00007ffbfe342000 	C:\WINDOWS\SYSTEM32\DBGHELP.DLL
0x00007ffc015d0000 - 0x00007ffc01955000 	C:\WINDOWS\System32\combase.dll
0x00007ffc024c0000 - 0x00007ffc02596000 	C:\WINDOWS\System32\OLEAUT32.dll
0x00007ffbdddf0000 - 0x00007ffbdde2c000 	C:\WINDOWS\SYSTEM32\dbgcore.DLL
0x00007ffc008d0000 - 0x00007ffc00975000 	C:\WINDOWS\System32\bcryptPrimitives.dll
0x00007ffbcd900000 - 0x00007ffbcd90f000 	c:\Users\HP\.vscode\extensions\redhat.java-1.50.0-win32-x64\jre\21.0.9-win32-x86_64\bin\instrument.dll
0x00007ffba0320000 - 0x00007ffba0340000 	c:\Users\HP\.vscode\extensions\redhat.java-1.50.0-win32-x64\jre\21.0.9-win32-x86_64\bin\java.dll
0x00007ffc02a80000 - 0x00007ffc031d3000 	C:\WINDOWS\System32\SHELL32.dll
0x00007ffc00cf0000 - 0x00007ffc00e5a000 	C:\WINDOWS\System32\wintypes.dll
0x00007ffbfe3d0000 - 0x00007ffbfec2e000 	C:\WINDOWS\SYSTEM32\windows.storage.dll
0x00007ffc025a0000 - 0x00007ffc02695000 	C:\WINDOWS\System32\SHCORE.dll
0x00007ffc019f0000 - 0x00007ffc01a56000 	C:\WINDOWS\System32\shlwapi.dll
0x00007ffc00730000 - 0x00007ffc00759000 	C:\WINDOWS\SYSTEM32\profapi.dll
0x00007ffb9b430000 - 0x00007ffb9b448000 	c:\Users\HP\.vscode\extensions\redhat.java-1.50.0-win32-x64\jre\21.0.9-win32-x86_64\bin\zip.dll
0x00007ffbddf60000 - 0x00007ffbddf70000 	C:\Users\HP\.vscode\extensions\redhat.java-1.50.0-win32-x64\jre\21.0.9-win32-x86_64\bin\net.dll
0x00007ffbfa8b0000 - 0x00007ffbfa9d8000 	C:\WINDOWS\SYSTEM32\WINHTTP.dll
0x00007ffbffad0000 - 0x00007ffbffb3b000 	C:\WINDOWS\system32\mswsock.dll
0x00007ffb99f50000 - 0x00007ffb99f66000 	C:\Users\HP\.vscode\extensions\redhat.java-1.50.0-win32-x64\jre\21.0.9-win32-x86_64\bin\nio.dll
0x00007ffbcd760000 - 0x00007ffbcd770000 	c:\Users\HP\.vscode\extensions\redhat.java-1.50.0-win32-x64\jre\21.0.9-win32-x86_64\bin\verify.dll
0x00007ffba1ac0000 - 0x00007ffba1b04000 	C:\Users\HP\AppData\Roaming\Code\User\globalStorage\redhat.java\1.50.0\config_win\org.eclipse.equinox.launcher\org.eclipse.equinox.launcher.win32.win32.x86_64_1.2.1400.v20250801-0854\eclipse_11916.dll
0x00007ffc034e0000 - 0x00007ffc03677000 	C:\WINDOWS\System32\ole32.dll
0x00007ffbffec0000 - 0x00007ffbffedb000 	C:\WINDOWS\SYSTEM32\CRYPTSP.dll
0x00007ffbff4e0000 - 0x00007ffbff51a000 	C:\WINDOWS\system32\rsaenh.dll
0x00007ffbffb80000 - 0x00007ffbffbab000 	C:\WINDOWS\SYSTEM32\USERENV.dll
0x00007ffc00700000 - 0x00007ffc0072a000 	C:\WINDOWS\SYSTEM32\bcrypt.dll
0x00007ffbffd20000 - 0x00007ffbffd2c000 	C:\WINDOWS\SYSTEM32\CRYPTBASE.dll
0x00007ffbfef70000 - 0x00007ffbfefa4000 	C:\WINDOWS\SYSTEM32\IPHLPAPI.DLL
0x00007ffc019e0000 - 0x00007ffc019ea000 	C:\WINDOWS\System32\NSI.dll
0x00007ffb68e10000 - 0x00007ffb68e59000 	C:\Users\HP\AppData\Local\Temp\jna-2312\jna3377137592250841313.dll
0x00007ffc01b60000 - 0x00007ffc01b68000 	C:\WINDOWS\System32\PSAPI.DLL
0x00007ffbfaaa0000 - 0x00007ffbfaabe000 	C:\WINDOWS\SYSTEM32\dhcpcsvc6.DLL
0x00007ffbfaa30000 - 0x00007ffbfaa53000 	C:\WINDOWS\SYSTEM32\dhcpcsvc.DLL
0x00007ffbc8d50000 - 0x00007ffbc8d5e000 	C:\Users\HP\.vscode\extensions\redhat.java-1.50.0-win32-x64\jre\21.0.9-win32-x86_64\bin\sunmscapi.dll
0x00007ffc00a40000 - 0x00007ffc00bb7000 	C:\WINDOWS\System32\CRYPT32.dll
0x00007ffc00010000 - 0x00007ffc00040000 	C:\WINDOWS\SYSTEM32\ncrypt.dll
0x00007ffbfffc0000 - 0x00007ffbfffff000 	C:\WINDOWS\SYSTEM32\NTASN1.dll
0x00007ffbff000000 - 0x00007ffbff12c000 	C:\WINDOWS\SYSTEM32\DNSAPI.dll
0x00007ffbfa650000 - 0x00007ffbfa65b000 	C:\Windows\System32\rasadhlp.dll
0x00007ffbfabe0000 - 0x00007ffbfac66000 	C:\WINDOWS\System32\fwpuclnt.dll
0x00007ffbc8bc0000 - 0x00007ffbc8bc9000 	C:\Users\HP\.vscode\extensions\redhat.java-1.50.0-win32-x64\jre\21.0.9-win32-x86_64\bin\extnet.dll
0x00007ffb99e70000 - 0x00007ffb99e97000 	D:\.gradle\native\c067742578af261105cb4f569cf0c3c89f3d7b1fecec35dd04571415982c5e48\windows-amd64\native-platform.dll
0x00007ffbcd860000 - 0x00007ffbcd86a000 	C:\Users\HP\.vscode\extensions\redhat.java-1.50.0-win32-x64\jre\21.0.9-win32-x86_64\bin\management.dll
0x00007ffbcd7e0000 - 0x00007ffbcd7ec000 	C:\Users\HP\.vscode\extensions\redhat.java-1.50.0-win32-x64\jre\21.0.9-win32-x86_64\bin\management_ext.dll

JVMTI agents:
c:\Users\HP\.vscode\extensions\redhat.java-1.50.0-win32-x64\lombok\lombok-1.18.39-4050.jar path:c:\Users\HP\.vscode\extensions\redhat.java-1.50.0-win32-x64\jre\21.0.9-win32-x86_64\bin\instrument.dll, loaded, initialized, instrumentlib options:none

dbghelp: loaded successfully - version: 4.0.5 - missing functions: none
symbol engine: initialized successfully - sym options: 0x614 - pdb path: .;c:\Users\HP\.vscode\extensions\redhat.java-1.50.0-win32-x64\jre\21.0.9-win32-x86_64\bin;C:\WINDOWS\SYSTEM32;C:\WINDOWS\WinSxS\amd64_microsoft.windows.common-controls_6595b64144ccf1df_6.0.26100.7309_none_3e05feeae336a044;c:\Users\HP\.vscode\extensions\redhat.java-1.50.0-win32-x64\jre\21.0.9-win32-x86_64\bin\server;C:\Users\HP\AppData\Roaming\Code\User\globalStorage\redhat.java\1.50.0\config_win\org.eclipse.equinox.launcher\org.eclipse.equinox.launcher.win32.win32.x86_64_1.2.1400.v20250801-0854;C:\Users\HP\AppData\Local\Temp\jna-2312;D:\.gradle\native\c067742578af261105cb4f569cf0c3c89f3d7b1fecec35dd04571415982c5e48\windows-amd64

VM Arguments:
jvm_args: --add-modules=ALL-SYSTEM --add-opens=java.base/java.util=ALL-UNNAMED --add-opens=java.base/java.lang=ALL-UNNAMED --add-opens=java.base/sun.nio.fs=ALL-UNNAMED -Declipse.application=org.eclipse.jdt.ls.core.id1 -Dosgi.bundles.defaultStartLevel=4 -Declipse.product=org.eclipse.jdt.ls.core.product -Djava.import.generatesMetadataFilesAtProjectRoot=false -DDetectVMInstallationsJob.disabled=true -Dfile.encoding=utf8 -XX:+UseParallelGC -XX:GCTimeRatio=4 -XX:AdaptiveSizePolicyWeight=90 -Dsun.zip.disableMemoryMapping=true -Xmx2G -Xms100m -Xlog:disable -javaagent:c:\Users\HP\.vscode\extensions\redhat.java-1.50.0-win32-x64\lombok\lombok-1.18.39-4050.jar -XX:+HeapDumpOnOutOfMemoryError -XX:HeapDumpPath=c:\Users\HP\AppData\Roaming\Code\User\workspaceStorage\1c8da4d1c9dacf3607822161d7de60ba\redhat.java -Daether.dependencyCollector.impl=bf 
java_command: c:\Users\HP\.vscode\extensions\redhat.java-1.50.0-win32-x64\server\plugins\org.eclipse.equinox.launcher_1.7.100.v20251111-0406.jar -configuration c:\Users\HP\AppData\Roaming\Code\User\globalStorage\redhat.java\1.50.0\config_win -data c:\Users\HP\AppData\Roaming\Code\User\workspaceStorage\1c8da4d1c9dacf3607822161d7de60ba\redhat.java\jdt_ws --pipe=\\.\pipe\lsp-7b1254e2ccef36a601dfb16ea99d7799-sock
java_class_path (initial): c:\Users\HP\.vscode\extensions\redhat.java-1.50.0-win32-x64\server\plugins\org.eclipse.equinox.launcher_1.7.100.v20251111-0406.jar
Launcher Type: SUN_STANDARD

[Global flags]
    uintx AdaptiveSizePolicyWeight                 = 90                                        {product} {command line}
     intx CICompilerCount                          = 4                                         {product} {ergonomic}
    uintx GCTimeRatio                              = 4                                         {product} {command line}
     bool HeapDumpOnOutOfMemoryError               = true                                   {manageable} {command line}
    ccstr HeapDumpPath                             = c:\Users\HP\AppData\Roaming\Code\User\workspaceStorage\1c8da4d1c9dacf3607822161d7de60ba\redhat.java         {manageable} {command line}
   size_t InitialHeapSize                          = 104857600                                 {product} {command line}
   size_t MaxHeapSize                              = 2147483648                                {product} {command line}
   size_t MaxNewSize                               = 715653120                                 {product} {ergonomic}
   size_t MinHeapDeltaBytes                        = 524288                                    {product} {ergonomic}
   size_t MinHeapSize                              = 104857600                                 {product} {command line}
   size_t NewSize                                  = 34603008                                  {product} {ergonomic}
    uintx NonNMethodCodeHeapSize                   = 5839372                                {pd product} {ergonomic}
    uintx NonProfiledCodeHeapSize                  = 122909434                              {pd product} {ergonomic}
   size_t OldSize                                  = 70254592                                  {product} {ergonomic}
    uintx ProfiledCodeHeapSize                     = 122909434                              {pd product} {ergonomic}
    uintx ReservedCodeCacheSize                    = 251658240                              {pd product} {ergonomic}
     bool SegmentedCodeCache                       = true                                      {product} {ergonomic}
   size_t SoftMaxHeapSize                          = 2147483648                             {manageable} {ergonomic}
     bool UseCompressedOops                        = true                           {product lp64_product} {ergonomic}
     bool UseLargePagesIndividualAllocation        = false                                  {pd product} {ergonomic}
     bool UseParallelGC                            = true                                      {product} {command line}

Logging:
Log output configuration:
 #0: stdout all=off uptime,level,tags foldmultilines=false
 #1: stderr all=off uptime,level,tags foldmultilines=false

Release file:
JAVA_VERSION="21.0.9" 
MODULES="java.base java.compiler java.datatransfer java.xml java.prefs java.desktop java.instrument java.logging java.management java.security.sasl java.naming java.rmi java.management.rmi java.net.http java.scripting java.security.jgss java.transaction.xa java.sql java.sql.rowset java.xml.crypto java.se java.smartcardio jdk.accessibility jdk.internal.jvmstat jdk.attach jdk.charsets jdk.internal.opt jdk.zipfs jdk.compiler jdk.crypto.ec jdk.crypto.cryptoki jdk.crypto.mscapi jdk.dynalink jdk.internal.ed jdk.editpad jdk.hotspot.agent jdk.httpserver jdk.internal.le jdk.internal.vm.ci jdk.internal.vm.compiler jdk.internal.vm.compiler.management jdk.jartool jdk.javadoc jdk.jcmd jdk.management jdk.management.agent jdk.jconsole jdk.jdeps jdk.jdwp.agent jdk.jdi jdk.jfr jdk.jshell jdk.jsobject jdk.jstatd jdk.localedata jdk.management.jfr jdk.naming.dns jdk.naming.rmi jdk.net jdk.nio.mapmode jdk.random jdk.sctp jdk.security.auth jdk.security.jgss jdk.unsupported jdk.unsupported.desktop jdk.xml.dom" 

Environment Variables:
JAVA_HOME=C:\Program Files\Java\jdk-21
PATH=C:\oracle\dbhomeFree\bin;C:\app\HP\product\23ai\dbhomeFree\bin;C:\Program Files\Common Files\Oracle\Java\javapath;C:\Program Files (x86)\Common Files\Oracle\Java\java8path;C:\Program Files (x86)\Common Files\Oracle\Java\javapath;C:\WINDOWS\system32;C:\WINDOWS;C:\WINDOWS\System32\Wbem;C:\WINDOWS\System32\WindowsPowerShell\v1.0\;C:\WINDOWS\System32\OpenSSH\;C:\Program Files (x86)\Microsoft SQL Server\160\Tools\Binn\;C:\Program Files\Microsoft SQL Server\160\Tools\Binn\;C:\Program Files\Microsoft SQL Server\Client SDK\ODBC\170\Tools\Binn\;C:\Program Files\Microsoft SQL Server\160\DTS\Binn\;C:\Program Files (x86)\Microsoft SQL Server\160\DTS\Binn\;C:\Program Files\Azure Data Studio\bin;C:\Program Files\Java\jdk-21\bin;C:\Program Files\Microsoft SQL Server\150\Tools\Binn\;C:\Program Files\nodejs;C:\ProgramData\chocolatey\bin;C:\Program Files\nodejs\;C:\sqlite;C:\Program Files\Git\cmd;C:\Program Files\TortoiseGit\bin;C:\Program Files\dotnet\;C:\Users\HP\AppData\Local\Programs\Python\Python313\Scripts\;C:\Users\HP\AppData\Local\Programs\Python\Python313\;C:\Users\HP\AppData\Local\Programs\Python\Launcher\;C:\Users\HP\AppData\Local\Microsoft\WindowsApps;C:\Program Files\Azure Data Studio\bin;C:\Program Files\JetBrains\IntelliJ IDEA Community Edition 2023.2.5\bin;C:\Users\HP\AppData\Local\Programs\Microsoft VS Code\bin;C:\Program Files\JetBrains\IntelliJ IDEA 2024.3.1.1\bin;C:\Users\HP\.dotnet\tools;C:\Users\HP\AppData\Roaming\npm;C:\Users\HP\AppData\Local\Programs\mongosh\;D:\software\flutter_windows_3.38.0-stable (1)\flutter\bin;D:\software\flutter_3.38.0\flutter\bin;D:\software\flutter_windows_3.35.7-stable\flutter\bin;C:\Users\HP\.dotnet\tools
USERNAME=HP
OS=Windows_NT
PROCESSOR_IDENTIFIER=Intel64 Family 6 Model 154 Stepping 4, GenuineIntel
TMP=C:\Users\HP\AppData\Local\Temp
TEMP=C:\Users\HP\AppData\Local\Temp




Periodic native trim disabled

---------------  S Y S T E M  ---------------

OS:
 Windows 11 , 64 bit Build 26100 (10.0.26100.7309)
OS uptime: 3 days 9:40 hours
Hyper-V role detected

CPU: total 12 (initial active 12) (6 cores per cpu, 2 threads per core) family 6 model 154 stepping 4 microcode 0x437, cx8, cmov, fxsr, ht, mmx, 3dnowpref, sse, sse2, sse3, ssse3, sse4.1, sse4.2, popcnt, lzcnt, tsc, tscinvbit, avx, avx2, aes, erms, clmul, bmi1, bmi2, adx, sha, fma, vzeroupper, clflush, clflushopt, clwb, hv, serialize, rdtscp, rdpid, fsrm, f16c, cet_ibt, cet_ss
Processor Information for the first 12 processors :
  Max Mhz: 1300, Current Mhz: 1300, Mhz Limit: 1300

Memory: 4k page, system-wide physical 16016M (1171M free)
TotalPageFile size 26304M (AvailPageFile size 7M)
current process WorkingSet (physical memory assigned to process): 108M, peak: 297M
current process commit charge ("private bytes"): 360M, peak: 392M

vm_info: OpenJDK 64-Bit Server VM (21.0.9+10-LTS) for windows-amd64 JRE (21.0.9+10-LTS), built on 2025-10-21T00:00:00Z by "admin" with unknown MS VC++:1942

END.
