#
# There is insufficient memory for the Java Runtime Environment to continue.
# Native memory allocation (malloc) failed to allocate 2081392 bytes for Chunk::new
# Possible reasons:
#   The system is out of physical RAM or swap space
#   The process is running with CompressedOops enabled, and the Java Heap may be blocking the growth of the native heap
# Possible solutions:
#   Reduce memory load on the system
#   Increase physical memory or swap space
#   Check if swap backing store is full
#   Decrease Java heap size (-Xmx/-Xms)
#   Decrease number of Java threads
#   Decrease Java thread stack sizes (-Xss)
#   Set larger code cache with -XX:ReservedCodeCacheSize=
#   JVM is running with Unscaled Compressed Oops mode in which the Java heap is
#     placed in the first 4GB address space. The Java Heap base address is the
#     maximum limit for the native heap growth. Please use -XX:HeapBaseMinAddress
#     to set the Java Heap base and to place the Java Heap above 4GB virtual address.
# This output file may be truncated or incomplete.
#
#  Out of Memory Error (arena.cpp:168), pid=18564, tid=4580
#
# JRE version: Java(TM) SE Runtime Environment (21.0.1+12) (build 21.0.1+12-LTS-29)
# Java VM: Java HotSpot(TM) 64-Bit Server VM (21.0.1+12-LTS-29, mixed mode, sharing, tiered, compressed oops, compressed class ptrs, g1 gc, windows-amd64)
# No core dump will be written. Minidumps are not enabled by default on client versions of Windows
#

---------------  S U M M A R Y ------------

Command Line: -XX:MaxMetaspaceSize=512m --add-opens=java.base/java.util=ALL-UNNAMED --add-opens=java.base/java.lang=ALL-UNNAMED --add-opens=java.base/java.lang.invoke=ALL-UNNAMED --add-opens=java.prefs/java.util.prefs=ALL-UNNAMED --add-exports=jdk.compiler/com.sun.tools.javac.api=ALL-UNNAMED --add-exports=jdk.compiler/com.sun.tools.javac.util=ALL-UNNAMED --add-opens=java.base/java.nio.charset=ALL-UNNAMED --add-opens=java.base/java.net=ALL-UNNAMED --add-opens=java.base/java.util.concurrent.atomic=ALL-UNNAMED -Xmx2048m -Dfile.encoding=UTF-8 -Duser.country=US -Duser.language=en -Duser.variant -javaagent:D:\.gradle\wrapper\dists\gradle-8.10.2-bin\a04bxjujx95o3nb99gddekhwo\gradle-8.10.2\lib\agents\gradle-instrumentation-agent-8.10.2.jar org.gradle.launcher.daemon.bootstrap.GradleDaemon 8.10.2

Host: 12th Gen Intel(R) Core(TM) i5-1235U, 12 cores, 15G,  Windows 11 , 64 bit Build 26100 (10.0.26100.7309)
Time: Mon Dec 15 13:20:59 2025 Sri Lanka Standard Time elapsed time: 9.271533 seconds (0d 0h 0m 9s)

---------------  T H R E A D  ---------------

Current thread (0x00000275fb17e150):  JavaThread "C2 CompilerThread0" daemon [_thread_in_native, id=4580, stack(0x0000008ca2f00000,0x0000008ca3000000) (1024K)]


Current CompileTask:
C2:   9271 9228       4       java.net.URLClassLoader$1::run (5 bytes)

Stack: [0x0000008ca2f00000,0x0000008ca3000000]
Native frames: (J=compiled Java code, j=interpreted, Vv=VM code, C=native code)
V  [jvm.dll+0x6c9029]
V  [jvm.dll+0x854b81]
V  [jvm.dll+0x856e5e]
V  [jvm.dll+0x857543]
V  [jvm.dll+0x280c06]
V  [jvm.dll+0xc3ead]
V  [jvm.dll+0xc43c3]
V  [jvm.dll+0x3b576c]
V  [jvm.dll+0x382475]
V  [jvm.dll+0x3818ea]
V  [jvm.dll+0x249ad0]
V  [jvm.dll+0x2490b1]
V  [jvm.dll+0x1c9ca1]
V  [jvm.dll+0x2586b9]
V  [jvm.dll+0x256c9a]
V  [jvm.dll+0x3ef1b6]
V  [jvm.dll+0x7fd728]
V  [jvm.dll+0x6c777d]
C  [ucrtbase.dll+0x37b0]
C  [KERNEL32.DLL+0x2e8d7]
C  [ntdll.dll+0x8c53c]


---------------  P R O C E S S  ---------------

Threads class SMR info:
_java_thread_list=0x00000275b1cf23b0, length=39, elements={
0x00000275eb11acb0, 0x00000275fb154650, 0x00000275fb1574c0, 0x00000275fb157f20,
0x00000275fb158980, 0x00000275fb1593e0, 0x00000275fb15c460, 0x00000275fb17e150,
0x00000275fb17fc00, 0x00000275fb270dd0, 0x00000275fb472f00, 0x00000275fb443330,
0x00000275fb5177b0, 0x00000275afd886e0, 0x00000275aff78f30, 0x00000275afeb1a60,
0x00000275afea2160, 0x00000275afe96900, 0x00000275afedd570, 0x00000275afede290,
0x00000275afede920, 0x00000275afedfcd0, 0x00000275afeddc00, 0x00000275afedefb0,
0x00000275afedcee0, 0x00000275afedc850, 0x00000275b0180e60, 0x00000275b017fab0,
0x00000275b01814f0, 0x00000275b0180140, 0x00000275b017ed90, 0x00000275b017f420,
0x00000275b0181b80, 0x00000275b01807d0, 0x00000275b017e700, 0x00000275b0185690,
0x00000275b01835c0, 0x00000275b0185d20, 0x00000275b0183c50
}

Java Threads: ( => current thread )
  0x00000275eb11acb0 JavaThread "main"                              [_thread_blocked, id=23336, stack(0x0000008ca2100000,0x0000008ca2200000) (1024K)]
  0x00000275fb154650 JavaThread "Reference Handler"          daemon [_thread_blocked, id=26256, stack(0x0000008ca2900000,0x0000008ca2a00000) (1024K)]
  0x00000275fb1574c0 JavaThread "Finalizer"                  daemon [_thread_blocked, id=16092, stack(0x0000008ca2a00000,0x0000008ca2b00000) (1024K)]
  0x00000275fb157f20 JavaThread "Signal Dispatcher"          daemon [_thread_blocked, id=27752, stack(0x0000008ca2b00000,0x0000008ca2c00000) (1024K)]
  0x00000275fb158980 JavaThread "Attach Listener"            daemon [_thread_blocked, id=22112, stack(0x0000008ca2c00000,0x0000008ca2d00000) (1024K)]
  0x00000275fb1593e0 JavaThread "Service Thread"             daemon [_thread_blocked, id=25768, stack(0x0000008ca2d00000,0x0000008ca2e00000) (1024K)]
  0x00000275fb15c460 JavaThread "Monitor Deflation Thread"   daemon [_thread_blocked, id=9096, stack(0x0000008ca2e00000,0x0000008ca2f00000) (1024K)]
=>0x00000275fb17e150 JavaThread "C2 CompilerThread0"         daemon [_thread_in_native, id=4580, stack(0x0000008ca2f00000,0x0000008ca3000000) (1024K)]
  0x00000275fb17fc00 JavaThread "C1 CompilerThread0"         daemon [_thread_blocked, id=24296, stack(0x0000008ca3000000,0x0000008ca3100000) (1024K)]
  0x00000275fb270dd0 JavaThread "Common-Cleaner"             daemon [_thread_blocked, id=21348, stack(0x0000008ca3100000,0x0000008ca3200000) (1024K)]
  0x00000275fb472f00 JavaThread "Notification Thread"        daemon [_thread_blocked, id=17904, stack(0x0000008ca3200000,0x0000008ca3300000) (1024K)]
  0x00000275fb443330 JavaThread "C2 CompilerThread1"         daemon [_thread_blocked, id=32812, stack(0x0000008ca3300000,0x0000008ca3400000) (1024K)]
  0x00000275fb5177b0 JavaThread "C2 CompilerThread2"         daemon [_thread_in_native, id=24808, stack(0x0000008ca3400000,0x0000008ca3500000) (1024K)]
  0x00000275afd886e0 JavaThread "Daemon health stats"               [_thread_blocked, id=25132, stack(0x0000008ca3c00000,0x0000008ca3d00000) (1024K)]
  0x00000275aff78f30 JavaThread "Incoming local TCP Connector on port 63149"        [_thread_in_native, id=13760, stack(0x0000008ca3d00000,0x0000008ca3e00000) (1024K)]
  0x00000275afeb1a60 JavaThread "Daemon periodic checks"            [_thread_blocked, id=17580, stack(0x0000008ca3e00000,0x0000008ca3f00000) (1024K)]
  0x00000275afea2160 JavaThread "Daemon"                            [_thread_blocked, id=24748, stack(0x0000008ca3f00000,0x0000008ca4000000) (1024K)]
  0x00000275afe96900 JavaThread "Handler for socket connection from /127.0.0.1:63149 to /127.0.0.1:63150"        [_thread_in_native, id=27628, stack(0x0000008ca4000000,0x0000008ca4100000) (1024K)]
  0x00000275afedd570 JavaThread "Cancel handler"                    [_thread_blocked, id=31836, stack(0x0000008ca4100000,0x0000008ca4200000) (1024K)]
  0x00000275afede290 JavaThread "Daemon worker"                     [_thread_in_vm, id=19108, stack(0x0000008ca4200000,0x0000008ca4300000) (1024K)]
  0x00000275afede920 JavaThread "Asynchronous log dispatcher for DefaultDaemonConnection: socket connection from /127.0.0.1:63149 to /127.0.0.1:63150"        [_thread_blocked, id=7536, stack(0x0000008ca4300000,0x0000008ca4400000) (1024K)]
  0x00000275afedfcd0 JavaThread "Stdin handler"                     [_thread_blocked, id=15556, stack(0x0000008ca4400000,0x0000008ca4500000) (1024K)]
  0x00000275afeddc00 JavaThread "Daemon client event forwarder"        [_thread_blocked, id=12828, stack(0x0000008ca4500000,0x0000008ca4600000) (1024K)]
  0x00000275afedefb0 JavaThread "Cache worker for journal cache (D:\.gradle\caches\journal-1)"        [_thread_blocked, id=10408, stack(0x0000008ca4600000,0x0000008ca4700000) (1024K)]
  0x00000275afedcee0 JavaThread "File lock request listener"        [_thread_in_native, id=33440, stack(0x0000008ca4700000,0x0000008ca4800000) (1024K)]
  0x00000275afedc850 JavaThread "Cache worker for file hash cache (D:\.gradle\caches\8.10.2\fileHashes)"        [_thread_blocked, id=5852, stack(0x0000008ca4800000,0x0000008ca4900000) (1024K)]
  0x00000275b0180e60 JavaThread "Cache worker for file hash cache (D:\Diploma\Final Project\FixMate\.gradle\8.10.2\fileHashes)"        [_thread_blocked, id=15044, stack(0x0000008ca4d00000,0x0000008ca4e00000) (1024K)]
  0x00000275b017fab0 JavaThread "Cache worker for Build Output Cleanup Cache (D:\Diploma\Final Project\FixMate\.gradle\buildOutputCleanup)"        [_thread_blocked, id=3660, stack(0x0000008ca4e00000,0x0000008ca4f00000) (1024K)]
  0x00000275b01814f0 JavaThread "File watcher server"        daemon [_thread_in_native, id=26128, stack(0x0000008ca4f00000,0x0000008ca5000000) (1024K)]
  0x00000275b0180140 JavaThread "File watcher consumer"      daemon [_thread_blocked, id=17052, stack(0x0000008ca5000000,0x0000008ca5100000) (1024K)]
  0x00000275b017ed90 JavaThread "Cache worker for checksums cache (D:\Diploma\Final Project\FixMate\.gradle\8.10.2\checksums)"        [_thread_blocked, id=13432, stack(0x0000008ca5100000,0x0000008ca5200000) (1024K)]
  0x00000275b017f420 JavaThread "Cache worker for file content cache (D:\.gradle\caches\8.10.2\fileContent)"        [_thread_blocked, id=16560, stack(0x0000008ca5200000,0x0000008ca5300000) (1024K)]
  0x00000275b0181b80 JavaThread "Cache worker for cache directory md-rule (D:\.gradle\caches\8.10.2\md-rule)"        [_thread_blocked, id=10156, stack(0x0000008ca5300000,0x0000008ca5400000) (1024K)]
  0x00000275b01807d0 JavaThread "Cache worker for cache directory md-supplier (D:\.gradle\caches\8.10.2\md-supplier)"        [_thread_blocked, id=13220, stack(0x0000008ca5400000,0x0000008ca5500000) (1024K)]
  0x00000275b017e700 JavaThread "jar transforms"                    [_thread_blocked, id=28784, stack(0x0000008ca5500000,0x0000008ca5600000) (1024K)]
  0x00000275b0185690 JavaThread "jar transforms Thread 2"           [_thread_blocked, id=4792, stack(0x0000008ca5600000,0x0000008ca5700000) (1024K)]
  0x00000275b01835c0 JavaThread "Unconstrained build operations"        [_thread_blocked, id=26020, stack(0x0000008ca5700000,0x0000008ca5800000) (1024K)]
  0x00000275b0185d20 JavaThread "Unconstrained build operations Thread 2"        [_thread_blocked, id=14332, stack(0x0000008ca5800000,0x0000008ca5900000) (1024K)]
  0x00000275b0183c50 JavaThread "Unconstrained build operations Thread 3"        [_thread_blocked, id=21128, stack(0x0000008ca5900000,0x0000008ca5a00000) (1024K)]
Total: 39

Other Threads:
  0x00000275fb134f30 VMThread "VM Thread"                           [id=25152, stack(0x0000008ca2800000,0x0000008ca2900000) (1024K)]
  0x00000275fb117310 WatcherThread "VM Periodic Task Thread"        [id=26384, stack(0x0000008ca2700000,0x0000008ca2800000) (1024K)]
  0x00000275ed3272b0 WorkerThread "GC Thread#0"                     [id=15588, stack(0x0000008ca2200000,0x0000008ca2300000) (1024K)]
  0x00000275fb1352d0 WorkerThread "GC Thread#1"                     [id=19732, stack(0x0000008ca3500000,0x0000008ca3600000) (1024K)]
  0x00000275fb136150 WorkerThread "GC Thread#2"                     [id=23304, stack(0x0000008ca3600000,0x0000008ca3700000) (1024K)]
  0x00000275fb1364f0 WorkerThread "GC Thread#3"                     [id=7684, stack(0x0000008ca3700000,0x0000008ca3800000) (1024K)]
  0x00000275fb135670 WorkerThread "GC Thread#4"                     [id=28736, stack(0x0000008ca3800000,0x0000008ca3900000) (1024K)]
  0x00000275fb135a10 WorkerThread "GC Thread#5"                     [id=5380, stack(0x0000008ca3900000,0x0000008ca3a00000) (1024K)]
  0x00000275af6fc190 WorkerThread "GC Thread#6"                     [id=30356, stack(0x0000008ca3a00000,0x0000008ca3b00000) (1024K)]
  0x00000275af6fc530 WorkerThread "GC Thread#7"                     [id=14740, stack(0x0000008ca3b00000,0x0000008ca3c00000) (1024K)]
  0x00000275af6fc8d0 WorkerThread "GC Thread#8"                     [id=16328, stack(0x0000008ca4900000,0x0000008ca4a00000) (1024K)]
  0x00000275af6faf70 WorkerThread "GC Thread#9"                     [id=17200, stack(0x0000008ca4a00000,0x0000008ca4b00000) (1024K)]
  0x00000275eb1de1c0 ConcurrentGCThread "G1 Main Marker"            [id=30344, stack(0x0000008ca2300000,0x0000008ca2400000) (1024K)]
  0x00000275eb1debd0 WorkerThread "G1 Conc#0"                       [id=20752, stack(0x0000008ca2400000,0x0000008ca2500000) (1024K)]
  0x00000275af6fcc70 WorkerThread "G1 Conc#1"                       [id=14980, stack(0x0000008ca4b00000,0x0000008ca4c00000) (1024K)]
  0x00000275af6fa830 WorkerThread "G1 Conc#2"                       [id=22132, stack(0x0000008ca4c00000,0x0000008ca4d00000) (1024K)]
  0x00000275fafe5a60 ConcurrentGCThread "G1 Refine#0"               [id=19168, stack(0x0000008ca2500000,0x0000008ca2600000) (1024K)]
  0x00000275fafe8290 ConcurrentGCThread "G1 Service"                [id=21156, stack(0x0000008ca2600000,0x0000008ca2700000) (1024K)]
Total: 18

Threads with active compile tasks:
C2 CompilerThread0     9283 9228       4       java.net.URLClassLoader$1::run (5 bytes)
C2 CompilerThread2     9283 9259   !   4       com.google.common.reflect.TypeVisitor::visit (225 bytes)
Total: 2

VM state: not at safepoint (normal execution)

VM Mutex/Monitor currently owned by a thread:  ([mutex/lock_event])
[0x00007ffafd0cacf8] SystemDictionary_lock - owner thread: 0x0000000000000000

Heap address: 0x0000000080000000, size: 2048 MB, Compressed Oops mode: 32-bit

CDS archive(s) mapped at: [0x000002758f000000-0x000002758fc90000-0x000002758fc90000), size 13172736, SharedBaseAddress: 0x000002758f000000, ArchiveRelocationMode: 1.
Compressed class space mapped at: 0x0000027590000000-0x00000275aa000000, reserved size: 436207616
Narrow klass base: 0x000002758f000000, Narrow klass shift: 0, Narrow klass range: 0x100000000

GC Precious Log:
 CardTable entry size: 512
 Card Set container configuration: InlinePtr #cards 5 size 8 Array Of Cards #cards 12 size 40 Howl #buckets 4 coarsen threshold 1843 Howl Bitmap #cards 512 size 80 coarsen threshold 460 Card regions per heap region 1 cards per card region 2048
 CPUs: 12 total, 12 available
 Memory: 16016M
 Large Page Support: Disabled
 NUMA Support: Disabled
 Compressed Oops: Enabled (32-bit)
 Heap Region Size: 1M
 Heap Min Capacity: 8M
 Heap Initial Capacity: 252M
 Heap Max Capacity: 2G
 Pre-touch: Disabled
 Parallel Workers: 10
 Concurrent Workers: 3
 Concurrent Refinement Workers: 10
 Periodic GC: Disabled

Heap:
 garbage-first heap   total 164864K, used 103351K [0x0000000080000000, 0x0000000100000000)
  region size 1024K, 30 young (30720K), 2 survivors (2048K)
 Metaspace       used 66060K, committed 68032K, reserved 491520K
  class space    used 9145K, committed 10112K, reserved 425984K

Heap Regions: E=young(eden), S=young(survivor), O=old, HS=humongous(starts), HC=humongous(continues), CS=collection set, F=free, TAMS=top-at-mark-start, PB=parsable bottom
|   0|0x0000000080000000, 0x0000000080100000, 0x0000000080100000|100%|HS|  |TAMS 0x0000000080000000| PB 0x0000000080000000| Complete 
|   1|0x0000000080100000, 0x0000000080200000, 0x0000000080200000|100%|HC|  |TAMS 0x0000000080100000| PB 0x0000000080100000| Complete 
|   2|0x0000000080200000, 0x0000000080300000, 0x0000000080300000|100%|HC|  |TAMS 0x0000000080200000| PB 0x0000000080200000| Complete 
|   3|0x0000000080300000, 0x0000000080400000, 0x0000000080400000|100%|HC|  |TAMS 0x0000000080300000| PB 0x0000000080300000| Complete 
|   4|0x0000000080400000, 0x0000000080500000, 0x0000000080500000|100%| O|  |TAMS 0x0000000080400000| PB 0x0000000080400000| Untracked 
|   5|0x0000000080500000, 0x0000000080600000, 0x0000000080600000|100%| O|  |TAMS 0x0000000080500000| PB 0x0000000080500000| Untracked 
|   6|0x0000000080600000, 0x0000000080700000, 0x0000000080700000|100%| O|  |TAMS 0x0000000080600000| PB 0x0000000080600000| Untracked 
|   7|0x0000000080700000, 0x0000000080800000, 0x0000000080800000|100%| O|  |TAMS 0x0000000080700000| PB 0x0000000080700000| Untracked 
|   8|0x0000000080800000, 0x0000000080900000, 0x0000000080900000|100%| O|  |TAMS 0x0000000080800000| PB 0x0000000080800000| Untracked 
|   9|0x0000000080900000, 0x0000000080a00000, 0x0000000080a00000|100%| O|  |TAMS 0x0000000080900000| PB 0x0000000080900000| Untracked 
|  10|0x0000000080a00000, 0x0000000080b00000, 0x0000000080b00000|100%|HS|  |TAMS 0x0000000080a00000| PB 0x0000000080a00000| Complete 
|  11|0x0000000080b00000, 0x0000000080c00000, 0x0000000080c00000|100%| O|  |TAMS 0x0000000080b00000| PB 0x0000000080b00000| Untracked 
|  12|0x0000000080c00000, 0x0000000080d00000, 0x0000000080d00000|100%| O|  |TAMS 0x0000000080c00000| PB 0x0000000080c00000| Untracked 
|  13|0x0000000080d00000, 0x0000000080e00000, 0x0000000080e00000|100%| O|  |TAMS 0x0000000080d00000| PB 0x0000000080d00000| Untracked 
|  14|0x0000000080e00000, 0x0000000080f00000, 0x0000000080f00000|100%| O|  |TAMS 0x0000000080e00000| PB 0x0000000080e00000| Untracked 
|  15|0x0000000080f00000, 0x0000000081000000, 0x0000000081000000|100%| O|  |TAMS 0x0000000080f00000| PB 0x0000000080f00000| Untracked 
|  16|0x0000000081000000, 0x0000000081100000, 0x0000000081100000|100%| O|  |TAMS 0x0000000081000000| PB 0x0000000081000000| Untracked 
|  17|0x0000000081100000, 0x0000000081200000, 0x0000000081200000|100%| O|  |TAMS 0x0000000081100000| PB 0x0000000081100000| Untracked 
|  18|0x0000000081200000, 0x0000000081300000, 0x0000000081300000|100%| O|  |TAMS 0x0000000081200000| PB 0x0000000081200000| Untracked 
|  19|0x0000000081300000, 0x0000000081400000, 0x0000000081400000|100%| O|  |TAMS 0x0000000081300000| PB 0x0000000081300000| Untracked 
|  20|0x0000000081400000, 0x0000000081500000, 0x0000000081500000|100%| O|  |TAMS 0x0000000081400000| PB 0x0000000081400000| Untracked 
|  21|0x0000000081500000, 0x0000000081600000, 0x0000000081600000|100%| O|  |TAMS 0x0000000081500000| PB 0x0000000081500000| Untracked 
|  22|0x0000000081600000, 0x0000000081700000, 0x0000000081700000|100%| O|  |TAMS 0x0000000081600000| PB 0x0000000081600000| Untracked 
|  23|0x0000000081700000, 0x0000000081800000, 0x0000000081800000|100%| O|  |TAMS 0x0000000081700000| PB 0x0000000081700000| Untracked 
|  24|0x0000000081800000, 0x0000000081900000, 0x0000000081900000|100%| O|  |TAMS 0x0000000081800000| PB 0x0000000081800000| Untracked 
|  25|0x0000000081900000, 0x0000000081a00000, 0x0000000081a00000|100%| O|  |TAMS 0x0000000081900000| PB 0x0000000081900000| Untracked 
|  26|0x0000000081a00000, 0x0000000081b00000, 0x0000000081b00000|100%| O|  |TAMS 0x0000000081a00000| PB 0x0000000081a00000| Untracked 
|  27|0x0000000081b00000, 0x0000000081c00000, 0x0000000081c00000|100%| O|  |TAMS 0x0000000081b00000| PB 0x0000000081b00000| Untracked 
|  28|0x0000000081c00000, 0x0000000081d00000, 0x0000000081d00000|100%| O|  |TAMS 0x0000000081c00000| PB 0x0000000081c00000| Untracked 
|  29|0x0000000081d00000, 0x0000000081e00000, 0x0000000081e00000|100%| O|Cm|TAMS 0x0000000081d00000| PB 0x0000000081d00000| Complete 
|  30|0x0000000081e00000, 0x0000000081f00000, 0x0000000081f00000|100%| O|  |TAMS 0x0000000081e00000| PB 0x0000000081e00000| Untracked 
|  31|0x0000000081f00000, 0x0000000082000000, 0x0000000082000000|100%| O|  |TAMS 0x0000000081f00000| PB 0x0000000081f00000| Untracked 
|  32|0x0000000082000000, 0x0000000082100000, 0x0000000082100000|100%| O|  |TAMS 0x0000000082000000| PB 0x0000000082000000| Untracked 
|  33|0x0000000082100000, 0x0000000082200000, 0x0000000082200000|100%| O|  |TAMS 0x0000000082100000| PB 0x0000000082100000| Untracked 
|  34|0x0000000082200000, 0x0000000082300000, 0x0000000082300000|100%| O|  |TAMS 0x0000000082200000| PB 0x0000000082200000| Untracked 
|  35|0x0000000082300000, 0x0000000082400000, 0x0000000082400000|100%| O|  |TAMS 0x0000000082300000| PB 0x0000000082300000| Untracked 
|  36|0x0000000082400000, 0x0000000082500000, 0x0000000082500000|100%| O|  |TAMS 0x0000000082400000| PB 0x0000000082400000| Untracked 
|  37|0x0000000082500000, 0x0000000082600000, 0x0000000082600000|100%| O|  |TAMS 0x0000000082500000| PB 0x0000000082500000| Untracked 
|  38|0x0000000082600000, 0x0000000082700000, 0x0000000082700000|100%|HS|  |TAMS 0x0000000082600000| PB 0x0000000082600000| Complete 
|  39|0x0000000082700000, 0x0000000082800000, 0x0000000082800000|100%|HS|  |TAMS 0x0000000082700000| PB 0x0000000082700000| Complete 
|  40|0x0000000082800000, 0x0000000082900000, 0x0000000082900000|100%|HS|  |TAMS 0x0000000082800000| PB 0x0000000082800000| Complete 
|  41|0x0000000082900000, 0x0000000082a00000, 0x0000000082a00000|100%|HC|  |TAMS 0x0000000082900000| PB 0x0000000082900000| Complete 
|  42|0x0000000082a00000, 0x0000000082b00000, 0x0000000082b00000|100%|HS|  |TAMS 0x0000000082a00000| PB 0x0000000082a00000| Complete 
|  43|0x0000000082b00000, 0x0000000082c00000, 0x0000000082c00000|100%| O|Cm|TAMS 0x0000000082b00000| PB 0x0000000082b00000| Complete 
|  44|0x0000000082c00000, 0x0000000082d00000, 0x0000000082d00000|100%| O|  |TAMS 0x0000000082c00000| PB 0x0000000082c00000| Untracked 
|  45|0x0000000082d00000, 0x0000000082e00000, 0x0000000082e00000|100%|HS|  |TAMS 0x0000000082d00000| PB 0x0000000082d00000| Complete 
|  46|0x0000000082e00000, 0x0000000082f00000, 0x0000000082f00000|100%|HC|  |TAMS 0x0000000082e00000| PB 0x0000000082e00000| Complete 
|  47|0x0000000082f00000, 0x0000000083000000, 0x0000000083000000|100%|HS|  |TAMS 0x0000000082f00000| PB 0x0000000082f00000| Complete 
|  48|0x0000000083000000, 0x0000000083100000, 0x0000000083100000|100%|HC|  |TAMS 0x0000000083000000| PB 0x0000000083000000| Complete 
|  49|0x0000000083100000, 0x0000000083200000, 0x0000000083200000|100%|HC|  |TAMS 0x0000000083100000| PB 0x0000000083100000| Complete 
|  50|0x0000000083200000, 0x0000000083300000, 0x0000000083300000|100%|HS|  |TAMS 0x0000000083200000| PB 0x0000000083200000| Complete 
|  51|0x0000000083300000, 0x0000000083400000, 0x0000000083400000|100%|HS|  |TAMS 0x0000000083300000| PB 0x0000000083300000| Complete 
|  52|0x0000000083400000, 0x0000000083500000, 0x0000000083500000|100%| O|  |TAMS 0x0000000083400000| PB 0x0000000083400000| Untracked 
|  53|0x0000000083500000, 0x0000000083600000, 0x0000000083600000|100%| O|  |TAMS 0x0000000083500000| PB 0x0000000083500000| Untracked 
|  54|0x0000000083600000, 0x0000000083700000, 0x0000000083700000|100%| O|  |TAMS 0x0000000083600000| PB 0x0000000083600000| Untracked 
|  55|0x0000000083700000, 0x0000000083800000, 0x0000000083800000|100%| O|  |TAMS 0x0000000083700000| PB 0x0000000083700000| Untracked 
|  56|0x0000000083800000, 0x0000000083900000, 0x0000000083900000|100%|HS|  |TAMS 0x0000000083800000| PB 0x0000000083800000| Complete 
|  57|0x0000000083900000, 0x0000000083a00000, 0x0000000083a00000|100%| O|  |TAMS 0x0000000083900000| PB 0x0000000083900000| Untracked 
|  58|0x0000000083a00000, 0x0000000083b00000, 0x0000000083b00000|100%| O|  |TAMS 0x0000000083a00000| PB 0x0000000083a00000| Untracked 
|  59|0x0000000083b00000, 0x0000000083c00000, 0x0000000083c00000|100%| O|  |TAMS 0x0000000083b00000| PB 0x0000000083b00000| Untracked 
|  60|0x0000000083c00000, 0x0000000083d00000, 0x0000000083d00000|100%| O|  |TAMS 0x0000000083c00000| PB 0x0000000083c00000| Untracked 
|  61|0x0000000083d00000, 0x0000000083e00000, 0x0000000083e00000|100%| O|  |TAMS 0x0000000083d00000| PB 0x0000000083d00000| Untracked 
|  62|0x0000000083e00000, 0x0000000083f00000, 0x0000000083f00000|100%| O|  |TAMS 0x0000000083e00000| PB 0x0000000083e00000| Untracked 
|  63|0x0000000083f00000, 0x0000000084000000, 0x0000000084000000|100%| O|  |TAMS 0x0000000083f00000| PB 0x0000000083f00000| Untracked 
|  64|0x0000000084000000, 0x0000000084100000, 0x0000000084100000|100%| O|  |TAMS 0x0000000084000000| PB 0x0000000084000000| Untracked 
|  65|0x0000000084100000, 0x0000000084120f20, 0x0000000084200000| 12%| O|  |TAMS 0x0000000084100000| PB 0x0000000084100000| Untracked 
|  66|0x0000000084200000, 0x0000000084200000, 0x0000000084300000|  0%| F|  |TAMS 0x0000000084200000| PB 0x0000000084200000| Untracked 
|  67|0x0000000084300000, 0x0000000084300000, 0x0000000084400000|  0%| F|  |TAMS 0x0000000084300000| PB 0x0000000084300000| Untracked 
|  68|0x0000000084400000, 0x0000000084400000, 0x0000000084500000|  0%| F|  |TAMS 0x0000000084400000| PB 0x0000000084400000| Untracked 
|  69|0x0000000084500000, 0x0000000084500000, 0x0000000084600000|  0%| F|  |TAMS 0x0000000084500000| PB 0x0000000084500000| Untracked 
|  70|0x0000000084600000, 0x0000000084600000, 0x0000000084700000|  0%| F|  |TAMS 0x0000000084600000| PB 0x0000000084600000| Untracked 
|  71|0x0000000084700000, 0x0000000084700000, 0x0000000084800000|  0%| F|  |TAMS 0x0000000084700000| PB 0x0000000084700000| Untracked 
|  72|0x0000000084800000, 0x00000000848ccd28, 0x0000000084900000| 80%| S|CS|TAMS 0x0000000084800000| PB 0x0000000084800000| Complete 
|  73|0x0000000084900000, 0x0000000084a00000, 0x0000000084a00000|100%| S|CS|TAMS 0x0000000084900000| PB 0x0000000084900000| Complete 
|  74|0x0000000084a00000, 0x0000000084a00000, 0x0000000084b00000|  0%| F|  |TAMS 0x0000000084a00000| PB 0x0000000084a00000| Untracked 
|  75|0x0000000084b00000, 0x0000000084b00000, 0x0000000084c00000|  0%| F|  |TAMS 0x0000000084b00000| PB 0x0000000084b00000| Untracked 
|  76|0x0000000084c00000, 0x0000000084c00000, 0x0000000084d00000|  0%| F|  |TAMS 0x0000000084c00000| PB 0x0000000084c00000| Untracked 
|  77|0x0000000084d00000, 0x0000000084d00000, 0x0000000084e00000|  0%| F|  |TAMS 0x0000000084d00000| PB 0x0000000084d00000| Untracked 
|  78|0x0000000084e00000, 0x0000000084e00000, 0x0000000084f00000|  0%| F|  |TAMS 0x0000000084e00000| PB 0x0000000084e00000| Untracked 
|  79|0x0000000084f00000, 0x0000000084f00000, 0x0000000085000000|  0%| F|  |TAMS 0x0000000084f00000| PB 0x0000000084f00000| Untracked 
|  80|0x0000000085000000, 0x0000000085000000, 0x0000000085100000|  0%| F|  |TAMS 0x0000000085000000| PB 0x0000000085000000| Untracked 
|  81|0x0000000085100000, 0x0000000085100000, 0x0000000085200000|  0%| F|  |TAMS 0x0000000085100000| PB 0x0000000085100000| Untracked 
|  82|0x0000000085200000, 0x0000000085200000, 0x0000000085300000|  0%| F|  |TAMS 0x0000000085200000| PB 0x0000000085200000| Untracked 
|  83|0x0000000085300000, 0x0000000085300000, 0x0000000085400000|  0%| F|  |TAMS 0x0000000085300000| PB 0x0000000085300000| Untracked 
|  84|0x0000000085400000, 0x0000000085400000, 0x0000000085500000|  0%| F|  |TAMS 0x0000000085400000| PB 0x0000000085400000| Untracked 
|  85|0x0000000085500000, 0x0000000085500000, 0x0000000085600000|  0%| F|  |TAMS 0x0000000085500000| PB 0x0000000085500000| Untracked 
|  86|0x0000000085600000, 0x0000000085600000, 0x0000000085700000|  0%| F|  |TAMS 0x0000000085600000| PB 0x0000000085600000| Untracked 
|  87|0x0000000085700000, 0x0000000085700000, 0x0000000085800000|  0%| F|  |TAMS 0x0000000085700000| PB 0x0000000085700000| Untracked 
|  88|0x0000000085800000, 0x0000000085800000, 0x0000000085900000|  0%| F|  |TAMS 0x0000000085800000| PB 0x0000000085800000| Untracked 
|  89|0x0000000085900000, 0x0000000085900000, 0x0000000085a00000|  0%| F|  |TAMS 0x0000000085900000| PB 0x0000000085900000| Untracked 
|  90|0x0000000085a00000, 0x0000000085a00000, 0x0000000085b00000|  0%| F|  |TAMS 0x0000000085a00000| PB 0x0000000085a00000| Untracked 
|  91|0x0000000085b00000, 0x0000000085b00000, 0x0000000085c00000|  0%| F|  |TAMS 0x0000000085b00000| PB 0x0000000085b00000| Untracked 
|  92|0x0000000085c00000, 0x0000000085c00000, 0x0000000085d00000|  0%| F|  |TAMS 0x0000000085c00000| PB 0x0000000085c00000| Untracked 
|  93|0x0000000085d00000, 0x0000000085d00000, 0x0000000085e00000|  0%| F|  |TAMS 0x0000000085d00000| PB 0x0000000085d00000| Untracked 
|  94|0x0000000085e00000, 0x0000000085e00000, 0x0000000085f00000|  0%| F|  |TAMS 0x0000000085e00000| PB 0x0000000085e00000| Untracked 
|  95|0x0000000085f00000, 0x0000000085f00000, 0x0000000086000000|  0%| F|  |TAMS 0x0000000085f00000| PB 0x0000000085f00000| Untracked 
|  96|0x0000000086000000, 0x0000000086000000, 0x0000000086100000|  0%| F|  |TAMS 0x0000000086000000| PB 0x0000000086000000| Untracked 
|  97|0x0000000086100000, 0x0000000086100000, 0x0000000086200000|  0%| F|  |TAMS 0x0000000086100000| PB 0x0000000086100000| Untracked 
|  98|0x0000000086200000, 0x0000000086200000, 0x0000000086300000|  0%| F|  |TAMS 0x0000000086200000| PB 0x0000000086200000| Untracked 
|  99|0x0000000086300000, 0x0000000086300000, 0x0000000086400000|  0%| F|  |TAMS 0x0000000086300000| PB 0x0000000086300000| Untracked 
| 100|0x0000000086400000, 0x0000000086400000, 0x0000000086500000|  0%| F|  |TAMS 0x0000000086400000| PB 0x0000000086400000| Untracked 
| 101|0x0000000086500000, 0x0000000086500000, 0x0000000086600000|  0%| F|  |TAMS 0x0000000086500000| PB 0x0000000086500000| Untracked 
| 102|0x0000000086600000, 0x0000000086600000, 0x0000000086700000|  0%| F|  |TAMS 0x0000000086600000| PB 0x0000000086600000| Untracked 
| 103|0x0000000086700000, 0x0000000086700000, 0x0000000086800000|  0%| F|  |TAMS 0x0000000086700000| PB 0x0000000086700000| Untracked 
| 104|0x0000000086800000, 0x0000000086800000, 0x0000000086900000|  0%| F|  |TAMS 0x0000000086800000| PB 0x0000000086800000| Untracked 
| 105|0x0000000086900000, 0x0000000086900000, 0x0000000086a00000|  0%| F|  |TAMS 0x0000000086900000| PB 0x0000000086900000| Untracked 
| 106|0x0000000086a00000, 0x0000000086a00000, 0x0000000086b00000|  0%| F|  |TAMS 0x0000000086a00000| PB 0x0000000086a00000| Untracked 
| 107|0x0000000086b00000, 0x0000000086b00000, 0x0000000086c00000|  0%| F|  |TAMS 0x0000000086b00000| PB 0x0000000086b00000| Untracked 
| 108|0x0000000086c00000, 0x0000000086c00000, 0x0000000086d00000|  0%| F|  |TAMS 0x0000000086c00000| PB 0x0000000086c00000| Untracked 
| 109|0x0000000086d00000, 0x0000000086d00000, 0x0000000086e00000|  0%| F|  |TAMS 0x0000000086d00000| PB 0x0000000086d00000| Untracked 
| 110|0x0000000086e00000, 0x0000000086e00000, 0x0000000086f00000|  0%| F|  |TAMS 0x0000000086e00000| PB 0x0000000086e00000| Untracked 
| 111|0x0000000086f00000, 0x0000000086f00000, 0x0000000087000000|  0%| F|  |TAMS 0x0000000086f00000| PB 0x0000000086f00000| Untracked 
| 112|0x0000000087000000, 0x0000000087000000, 0x0000000087100000|  0%| F|  |TAMS 0x0000000087000000| PB 0x0000000087000000| Untracked 
| 113|0x0000000087100000, 0x0000000087100000, 0x0000000087200000|  0%| F|  |TAMS 0x0000000087100000| PB 0x0000000087100000| Untracked 
| 114|0x0000000087200000, 0x0000000087200000, 0x0000000087300000|  0%| F|  |TAMS 0x0000000087200000| PB 0x0000000087200000| Untracked 
| 115|0x0000000087300000, 0x0000000087300000, 0x0000000087400000|  0%| F|  |TAMS 0x0000000087300000| PB 0x0000000087300000| Untracked 
| 116|0x0000000087400000, 0x0000000087400000, 0x0000000087500000|  0%| F|  |TAMS 0x0000000087400000| PB 0x0000000087400000| Untracked 
| 117|0x0000000087500000, 0x0000000087500000, 0x0000000087600000|  0%| F|  |TAMS 0x0000000087500000| PB 0x0000000087500000| Untracked 
| 118|0x0000000087600000, 0x0000000087600000, 0x0000000087700000|  0%| F|  |TAMS 0x0000000087600000| PB 0x0000000087600000| Untracked 
| 119|0x0000000087700000, 0x0000000087700000, 0x0000000087800000|  0%| F|  |TAMS 0x0000000087700000| PB 0x0000000087700000| Untracked 
| 120|0x0000000087800000, 0x0000000087800000, 0x0000000087900000|  0%| F|  |TAMS 0x0000000087800000| PB 0x0000000087800000| Untracked 
| 121|0x0000000087900000, 0x0000000087900000, 0x0000000087a00000|  0%| F|  |TAMS 0x0000000087900000| PB 0x0000000087900000| Untracked 
| 122|0x0000000087a00000, 0x0000000087a00000, 0x0000000087b00000|  0%| F|  |TAMS 0x0000000087a00000| PB 0x0000000087a00000| Untracked 
| 123|0x0000000087b00000, 0x0000000087b00000, 0x0000000087c00000|  0%| F|  |TAMS 0x0000000087b00000| PB 0x0000000087b00000| Untracked 
| 124|0x0000000087c00000, 0x0000000087c00000, 0x0000000087d00000|  0%| F|  |TAMS 0x0000000087c00000| PB 0x0000000087c00000| Untracked 
| 125|0x0000000087d00000, 0x0000000087d00000, 0x0000000087e00000|  0%| F|  |TAMS 0x0000000087d00000| PB 0x0000000087d00000| Untracked 
| 126|0x0000000087e00000, 0x0000000087e80800, 0x0000000087f00000| 50%| E|  |TAMS 0x0000000087e00000| PB 0x0000000087e00000| Complete 
| 127|0x0000000087f00000, 0x0000000088000000, 0x0000000088000000|100%| E|CS|TAMS 0x0000000087f00000| PB 0x0000000087f00000| Complete 
| 128|0x0000000088000000, 0x0000000088100000, 0x0000000088100000|100%| E|CS|TAMS 0x0000000088000000| PB 0x0000000088000000| Complete 
| 129|0x0000000088100000, 0x0000000088200000, 0x0000000088200000|100%| E|CS|TAMS 0x0000000088100000| PB 0x0000000088100000| Complete 
| 130|0x0000000088200000, 0x0000000088300000, 0x0000000088300000|100%| E|CS|TAMS 0x0000000088200000| PB 0x0000000088200000| Complete 
| 131|0x0000000088300000, 0x0000000088400000, 0x0000000088400000|100%| E|CS|TAMS 0x0000000088300000| PB 0x0000000088300000| Complete 
| 132|0x0000000088400000, 0x0000000088500000, 0x0000000088500000|100%| E|CS|TAMS 0x0000000088400000| PB 0x0000000088400000| Complete 
| 133|0x0000000088500000, 0x0000000088600000, 0x0000000088600000|100%| E|CS|TAMS 0x0000000088500000| PB 0x0000000088500000| Complete 
| 134|0x0000000088600000, 0x0000000088700000, 0x0000000088700000|100%| E|CS|TAMS 0x0000000088600000| PB 0x0000000088600000| Complete 
| 135|0x0000000088700000, 0x0000000088800000, 0x0000000088800000|100%| E|CS|TAMS 0x0000000088700000| PB 0x0000000088700000| Complete 
| 136|0x0000000088800000, 0x0000000088900000, 0x0000000088900000|100%| E|CS|TAMS 0x0000000088800000| PB 0x0000000088800000| Complete 
| 137|0x0000000088900000, 0x0000000088a00000, 0x0000000088a00000|100%| E|CS|TAMS 0x0000000088900000| PB 0x0000000088900000| Complete 
| 138|0x0000000088a00000, 0x0000000088b00000, 0x0000000088b00000|100%| E|CS|TAMS 0x0000000088a00000| PB 0x0000000088a00000| Complete 
| 152|0x0000000089800000, 0x0000000089900000, 0x0000000089900000|100%| E|CS|TAMS 0x0000000089800000| PB 0x0000000089800000| Complete 
| 153|0x0000000089900000, 0x0000000089a00000, 0x0000000089a00000|100%| E|CS|TAMS 0x0000000089900000| PB 0x0000000089900000| Complete 
| 154|0x0000000089a00000, 0x0000000089b00000, 0x0000000089b00000|100%| E|CS|TAMS 0x0000000089a00000| PB 0x0000000089a00000| Complete 
| 155|0x0000000089b00000, 0x0000000089c00000, 0x0000000089c00000|100%| E|CS|TAMS 0x0000000089b00000| PB 0x0000000089b00000| Complete 
| 156|0x0000000089c00000, 0x0000000089d00000, 0x0000000089d00000|100%| E|CS|TAMS 0x0000000089c00000| PB 0x0000000089c00000| Complete 
| 157|0x0000000089d00000, 0x0000000089e00000, 0x0000000089e00000|100%| E|CS|TAMS 0x0000000089d00000| PB 0x0000000089d00000| Complete 
| 158|0x0000000089e00000, 0x0000000089f00000, 0x0000000089f00000|100%| E|CS|TAMS 0x0000000089e00000| PB 0x0000000089e00000| Complete 
| 159|0x0000000089f00000, 0x000000008a000000, 0x000000008a000000|100%| E|CS|TAMS 0x0000000089f00000| PB 0x0000000089f00000| Complete 
| 160|0x000000008a000000, 0x000000008a100000, 0x000000008a100000|100%| E|CS|TAMS 0x000000008a000000| PB 0x000000008a000000| Complete 
| 161|0x000000008a100000, 0x000000008a200000, 0x000000008a200000|100%| E|CS|TAMS 0x000000008a100000| PB 0x000000008a100000| Complete 
| 162|0x000000008a200000, 0x000000008a300000, 0x000000008a300000|100%| E|CS|TAMS 0x000000008a200000| PB 0x000000008a200000| Complete 
| 163|0x000000008a300000, 0x000000008a400000, 0x000000008a400000|100%| E|CS|TAMS 0x000000008a300000| PB 0x000000008a300000| Complete 
| 164|0x000000008a400000, 0x000000008a500000, 0x000000008a500000|100%| E|CS|TAMS 0x000000008a400000| PB 0x000000008a400000| Complete 
| 250|0x000000008fa00000, 0x000000008fb00000, 0x000000008fb00000|100%| E|CS|TAMS 0x000000008fa00000| PB 0x000000008fa00000| Complete 
| 251|0x000000008fb00000, 0x000000008fc00000, 0x000000008fc00000|100%| E|CS|TAMS 0x000000008fb00000| PB 0x000000008fb00000| Complete 
|2041|0x00000000ff900000, 0x00000000ffa00000, 0x00000000ffa00000|100%| O|  |TAMS 0x00000000ff900000| PB 0x00000000ff900000| Untracked 
|2042|0x00000000ffa00000, 0x00000000ffb00000, 0x00000000ffb00000|100%| O|  |TAMS 0x00000000ffa00000| PB 0x00000000ffa00000| Untracked 
|2043|0x00000000ffb00000, 0x00000000ffc00000, 0x00000000ffc00000|100%| O|  |TAMS 0x00000000ffb00000| PB 0x00000000ffb00000| Untracked 
|2044|0x00000000ffc00000, 0x00000000ffd00000, 0x00000000ffd00000|100%| O|  |TAMS 0x00000000ffc00000| PB 0x00000000ffc00000| Untracked 
|2045|0x00000000ffd00000, 0x00000000ffe00000, 0x00000000ffe00000|100%| O|  |TAMS 0x00000000ffd00000| PB 0x00000000ffd00000| Untracked 
|2046|0x00000000ffe00000, 0x00000000fff00000, 0x00000000fff00000|100%| O|  |TAMS 0x00000000ffe00000| PB 0x00000000ffe00000| Untracked 
|2047|0x00000000fff00000, 0x0000000100000000, 0x0000000100000000|100%| O|  |TAMS 0x00000000fff00000| PB 0x00000000fff00000| Untracked 

Card table byte_map: [0x00000275f6070000,0x00000275f6470000] _byte_map_base: 0x00000275f5c70000

Marking Bits: (CMBitMap*) 0x00000275ed3278c0
 Bits: [0x00000275f6470000, 0x00000275f8470000)

Polling page: 0x00000275eb630000

Metaspace:

Usage:
  Non-class:     55.60 MB used.
      Class:      8.93 MB used.
       Both:     64.54 MB used.

Virtual space:
  Non-class space:       64.00 MB reserved,      56.56 MB ( 88%) committed,  1 nodes.
      Class space:      416.00 MB reserved,       9.88 MB (  2%) committed,  1 nodes.
             Both:      480.00 MB reserved,      66.44 MB ( 14%) committed. 

Chunk freelists:
   Non-Class:  7.20 MB
       Class:  6.10 MB
        Both:  13.30 MB

MaxMetaspaceSize: 512.00 MB
CompressedClassSpaceSize: 416.00 MB
Initial GC threshold: 21.00 MB
Current GC threshold: 99.31 MB
CDS: on
 - commit_granule_bytes: 65536.
 - commit_granule_words: 8192.
 - virtual_space_node_default_size: 8388608.
 - enlarge_chunks_in_place: 1.
 - use_allocation_guard: 0.


Internal statistics:

num_allocs_failed_limit: 12.
num_arena_births: 3376.
num_arena_deaths: 0.
num_vsnodes_births: 2.
num_vsnodes_deaths: 0.
num_space_committed: 1063.
num_space_uncommitted: 0.
num_chunks_returned_to_freelist: 12.
num_chunks_taken_from_freelist: 6533.
num_chunk_merges: 9.
num_chunk_splits: 4225.
num_chunks_enlarged: 2574.
num_inconsistent_stats: 0.

CodeHeap 'non-profiled nmethods': size=120000Kb used=5132Kb max_used=5134Kb free=114867Kb
 bounds [0x0000027587ad0000, 0x0000027587fe0000, 0x000002758f000000]
CodeHeap 'profiled nmethods': size=120000Kb used=16146Kb max_used=16146Kb free=103854Kb
 bounds [0x0000027580000000, 0x0000027580fd0000, 0x0000027587530000]
CodeHeap 'non-nmethods': size=5760Kb used=2791Kb max_used=2829Kb free=2969Kb
 bounds [0x0000027587530000, 0x0000027587800000, 0x0000027587ad0000]
 total_blobs=9478 nmethods=8570 adapters=811
 compilation: enabled
              stopped_count=0, restarted_count=0
 full_count=0

Compilation events (20 events):
Event: 9.185 Thread 0x00000275fb5177b0 nmethod 9250 0x0000027587c43290 code [0x0000027587c43460, 0x0000027587c437d0]
Event: 9.185 Thread 0x00000275fb5177b0 9251       4       com.google.common.reflect.TypeResolver$TypeVariableKey::equalsTypeVariable (48 bytes)
Event: 9.186 Thread 0x00000275fb17fc00 9258       3       com.google.common.collect.ImmutableCollection::toArray (67 bytes)
Event: 9.186 Thread 0x00000275fb17fc00 nmethod 9258 0x0000027580fbf110 code [0x0000027580fbf3a0, 0x0000027580fc0098]
Event: 9.190 Thread 0x00000275fb5177b0 nmethod 9251 0x0000027587c42690 code [0x0000027587c428c0, 0x0000027587c42e50]
Event: 9.194 Thread 0x00000275fb5177b0 9259   !   4       com.google.common.reflect.TypeVisitor::visit (225 bytes)
Event: 9.215 Thread 0x00000275fb17fc00 9261       3       jdk.internal.loader.URLClassPath$1::next (59 bytes)
Event: 9.216 Thread 0x00000275fb17fc00 nmethod 9261 0x0000027580fc0410 code [0x0000027580fc0600, 0x0000027580fc0a38]
Event: 9.221 Thread 0x00000275fb17fc00 9262       3       jdk.internal.loader.BuiltinClassLoader::hasClassPath (13 bytes)
Event: 9.221 Thread 0x00000275fb17fc00 nmethod 9262 0x0000027580fc0b90 code [0x0000027580fc0d20, 0x0000027580fc0e90]
Event: 9.225 Thread 0x00000275fb443330 nmethod 9188 0x0000027587c38310 code [0x0000027587c38ba0, 0x0000027587c3f670]
Event: 9.225 Thread 0x00000275fb443330 9260       4       com.google.common.collect.RegularImmutableMap::fromEntryArrayCheckingBucketOverflow (282 bytes)
Event: 9.242 Thread 0x00000275fb443330 nmethod 9260 0x0000027587c36510 code [0x0000027587c36760, 0x0000027587c37500]
Event: 9.243 Thread 0x00000275fb443330 9266       4       jdk.internal.org.objectweb.asm.MethodVisitor::<init> (78 bytes)
Event: 9.246 Thread 0x00000275fb443330 nmethod 9266 0x0000027587c36110 code [0x0000027587c362a0, 0x0000027587c36470]
Event: 9.247 Thread 0x00000275fb443330 9263       4       java.lang.invoke.MethodHandleNatives::refKindIsField (32 bytes)
Event: 9.248 Thread 0x00000275fb443330 nmethod 9263 0x0000027587c35e10 code [0x0000027587c35f80, 0x0000027587c35ff8]
Event: 9.257 Thread 0x00000275fb443330 9267       4       org.objectweb.asm.Frame::merge (395 bytes)
Event: 9.259 Thread 0x00000275fb17fc00 9268       1       org.gradle.api.internal.collections.AbstractIterationOrderRetainingElementSource::getInserted (5 bytes)
Event: 9.259 Thread 0x00000275fb17fc00 nmethod 9268 0x0000027587c35b10 code [0x0000027587c35ca0, 0x0000027587c35d68]

GC Heap History (20 events):
Event: 4.074 GC heap before
{Heap before GC invocations=6 (full 0):
 garbage-first heap   total 113664K, used 53795K [0x0000000080000000, 0x0000000100000000)
  region size 1024K, 35 young (35840K), 10 survivors (10240K)
 Metaspace       used 34634K, committed 35968K, reserved 491520K
  class space    used 5088K, committed 5760K, reserved 425984K
}
Event: 4.082 GC heap after
{Heap after GC invocations=7 (full 0):
 garbage-first heap   total 113664K, used 31995K [0x0000000080000000, 0x0000000100000000)
  region size 1024K, 7 young (7168K), 7 survivors (7168K)
 Metaspace       used 34634K, committed 35968K, reserved 491520K
  class space    used 5088K, committed 5760K, reserved 425984K
}
Event: 4.129 GC heap before
{Heap before GC invocations=7 (full 0):
 garbage-first heap   total 113664K, used 33019K [0x0000000080000000, 0x0000000100000000)
  region size 1024K, 9 young (9216K), 7 survivors (7168K)
 Metaspace       used 34979K, committed 36288K, reserved 491520K
  class space    used 5115K, committed 5760K, reserved 425984K
}
Event: 4.134 GC heap after
{Heap after GC invocations=8 (full 0):
 garbage-first heap   total 113664K, used 32504K [0x0000000080000000, 0x0000000100000000)
  region size 1024K, 4 young (4096K), 4 survivors (4096K)
 Metaspace       used 34979K, committed 36288K, reserved 491520K
  class space    used 5115K, committed 5760K, reserved 425984K
}
Event: 4.587 GC heap before
{Heap before GC invocations=9 (full 0):
 garbage-first heap   total 113664K, used 92920K [0x0000000080000000, 0x0000000100000000)
  region size 1024K, 59 young (60416K), 4 survivors (4096K)
 Metaspace       used 39266K, committed 40640K, reserved 491520K
  class space    used 5593K, committed 6272K, reserved 425984K
}
Event: 4.591 GC heap after
{Heap after GC invocations=10 (full 0):
 garbage-first heap   total 113664K, used 36405K [0x0000000080000000, 0x0000000100000000)
  region size 1024K, 8 young (8192K), 8 survivors (8192K)
 Metaspace       used 39266K, committed 40640K, reserved 491520K
  class space    used 5593K, committed 6272K, reserved 425984K
}
Event: 5.069 GC heap before
{Heap before GC invocations=10 (full 0):
 garbage-first heap   total 113664K, used 92725K [0x0000000080000000, 0x0000000100000000)
  region size 1024K, 62 young (63488K), 8 survivors (8192K)
 Metaspace       used 45438K, committed 47040K, reserved 491520K
  class space    used 6444K, committed 7232K, reserved 425984K
}
Event: 5.075 GC heap after
{Heap after GC invocations=11 (full 0):
 garbage-first heap   total 137216K, used 38527K [0x0000000080000000, 0x0000000100000000)
  region size 1024K, 4 young (4096K), 4 survivors (4096K)
 Metaspace       used 45438K, committed 47040K, reserved 491520K
  class space    used 6444K, committed 7232K, reserved 425984K
}
Event: 6.096 GC heap before
{Heap before GC invocations=11 (full 0):
 garbage-first heap   total 137216K, used 112255K [0x0000000080000000, 0x0000000100000000)
  region size 1024K, 76 young (77824K), 4 survivors (4096K)
 Metaspace       used 53871K, committed 55680K, reserved 491520K
  class space    used 7723K, committed 8640K, reserved 425984K
}
Event: 6.102 GC heap after
{Heap after GC invocations=12 (full 0):
 garbage-first heap   total 137216K, used 43090K [0x0000000080000000, 0x0000000100000000)
  region size 1024K, 8 young (8192K), 8 survivors (8192K)
 Metaspace       used 53871K, committed 55680K, reserved 491520K
  class space    used 7723K, committed 8640K, reserved 425984K
}
Event: 7.112 GC heap before
{Heap before GC invocations=12 (full 0):
 garbage-first heap   total 137216K, used 114770K [0x0000000080000000, 0x0000000100000000)
  region size 1024K, 79 young (80896K), 8 survivors (8192K)
 Metaspace       used 56757K, committed 58496K, reserved 491520K
  class space    used 8066K, committed 8896K, reserved 425984K
}
Event: 7.120 GC heap after
{Heap after GC invocations=13 (full 0):
 garbage-first heap   total 137216K, used 48908K [0x0000000080000000, 0x0000000100000000)
  region size 1024K, 10 young (10240K), 10 survivors (10240K)
 Metaspace       used 56757K, committed 58496K, reserved 491520K
  class space    used 8066K, committed 8896K, reserved 425984K
}
Event: 7.778 GC heap before
{Heap before GC invocations=13 (full 0):
 garbage-first heap   total 137216K, used 115468K [0x0000000080000000, 0x0000000100000000)
  region size 1024K, 76 young (77824K), 10 survivors (10240K)
 Metaspace       used 57198K, committed 59008K, reserved 491520K
  class space    used 8093K, committed 8960K, reserved 425984K
}
Event: 7.788 GC heap after
{Heap after GC invocations=14 (full 0):
 garbage-first heap   total 137216K, used 51808K [0x0000000080000000, 0x0000000100000000)
  region size 1024K, 5 young (5120K), 5 survivors (5120K)
 Metaspace       used 57198K, committed 59008K, reserved 491520K
  class space    used 8093K, committed 8960K, reserved 425984K
}
Event: 8.194 GC heap before
{Heap before GC invocations=14 (full 0):
 garbage-first heap   total 137216K, used 117344K [0x0000000080000000, 0x0000000100000000)
  region size 1024K, 70 young (71680K), 5 survivors (5120K)
 Metaspace       used 57240K, committed 59008K, reserved 491520K
  class space    used 8095K, committed 8960K, reserved 425984K
}
Event: 8.199 GC heap after
{Heap after GC invocations=15 (full 0):
 garbage-first heap   total 137216K, used 52278K [0x0000000080000000, 0x0000000100000000)
  region size 1024K, 5 young (5120K), 5 survivors (5120K)
 Metaspace       used 57240K, committed 59008K, reserved 491520K
  class space    used 8095K, committed 8960K, reserved 425984K
}
Event: 8.577 GC heap before
{Heap before GC invocations=15 (full 0):
 garbage-first heap   total 137216K, used 101430K [0x0000000080000000, 0x0000000100000000)
  region size 1024K, 42 young (43008K), 5 survivors (5120K)
 Metaspace       used 58984K, committed 60736K, reserved 491520K
  class space    used 8309K, committed 9152K, reserved 425984K
}
Event: 8.584 GC heap after
{Heap after GC invocations=16 (full 0):
 garbage-first heap   total 137216K, used 72870K [0x0000000080000000, 0x0000000100000000)
  region size 1024K, 9 young (9216K), 9 survivors (9216K)
 Metaspace       used 58984K, committed 60736K, reserved 491520K
  class space    used 8309K, committed 9152K, reserved 425984K
}
Event: 8.945 GC heap before
{Heap before GC invocations=17 (full 0):
 garbage-first heap   total 137216K, used 118950K [0x0000000080000000, 0x0000000100000000)
  region size 1024K, 53 young (54272K), 9 survivors (9216K)
 Metaspace       used 63123K, committed 64960K, reserved 491520K
  class space    used 8756K, committed 9664K, reserved 425984K
}
Event: 8.951 GC heap after
{Heap after GC invocations=18 (full 0):
 garbage-first heap   total 164864K, used 75703K [0x0000000080000000, 0x0000000100000000)
  region size 1024K, 2 young (2048K), 2 survivors (2048K)
 Metaspace       used 63123K, committed 64960K, reserved 491520K
  class space    used 8756K, committed 9664K, reserved 425984K
}

Dll operation events (15 events):
Event: 0.005 Loaded shared library C:\Program Files\Java\jdk-21\bin\java.dll
Event: 0.027 Loaded shared library C:\Program Files\Java\jdk-21\bin\jsvml.dll
Event: 0.050 Loaded shared library C:\Program Files\Java\jdk-21\bin\zip.dll
Event: 0.052 Loaded shared library C:\Program Files\Java\jdk-21\bin\instrument.dll
Event: 0.054 Loaded shared library C:\Program Files\Java\jdk-21\bin\net.dll
Event: 0.055 Loaded shared library C:\Program Files\Java\jdk-21\bin\nio.dll
Event: 0.057 Loaded shared library C:\Program Files\Java\jdk-21\bin\zip.dll
Event: 0.179 Loaded shared library C:\Program Files\Java\jdk-21\bin\jimage.dll
Event: 0.322 Loaded shared library C:\Program Files\Java\jdk-21\bin\verify.dll
Event: 0.487 Loaded shared library D:\.gradle\native\c067742578af261105cb4f569cf0c3c89f3d7b1fecec35dd04571415982c5e48\windows-amd64\native-platform.dll
Event: 0.495 Loaded shared library D:\.gradle\native\100fb08df4bc3b14c8652ba06237920a3bd2aa13389f12d3474272988ae205f9\windows-amd64\native-platform-file-events.dll
Event: 1.039 Loaded shared library C:\Program Files\Java\jdk-21\bin\management.dll
Event: 1.042 Loaded shared library C:\Program Files\Java\jdk-21\bin\management_ext.dll
Event: 1.262 Loaded shared library C:\Program Files\Java\jdk-21\bin\extnet.dll
Event: 1.460 Loaded shared library C:\Program Files\Java\jdk-21\bin\sunmscapi.dll

Deoptimization events (20 events):
Event: 9.172 Thread 0x00000275afede290 Uncommon trap: trap_request=0xffffffde fr.pc=0x0000027587e5fd14 relative=0x0000000000000074
Event: 9.172 Thread 0x00000275afede290 Uncommon trap: reason=class_check action=maybe_recompile pc=0x0000027587e5fd14 method=com.google.common.base.Objects.equal(Ljava/lang/Object;Ljava/lang/Object;)Z @ 11 c2
Event: 9.172 Thread 0x00000275afede290 DEOPT PACKING pc=0x0000027587e5fd14 sp=0x0000008ca42f53e0
Event: 9.172 Thread 0x00000275afede290 DEOPT UNPACKING pc=0x00000275875846a2 sp=0x0000008ca42f5378 mode 2
Event: 9.172 Thread 0x00000275afede290 Uncommon trap: trap_request=0xffffffde fr.pc=0x0000027587e5fd14 relative=0x0000000000000074
Event: 9.172 Thread 0x00000275afede290 Uncommon trap: reason=class_check action=maybe_recompile pc=0x0000027587e5fd14 method=com.google.common.base.Objects.equal(Ljava/lang/Object;Ljava/lang/Object;)Z @ 11 c2
Event: 9.172 Thread 0x00000275afede290 DEOPT PACKING pc=0x0000027587e5fd14 sp=0x0000008ca42f53e0
Event: 9.172 Thread 0x00000275afede290 DEOPT UNPACKING pc=0x00000275875846a2 sp=0x0000008ca42f5378 mode 2
Event: 9.172 Thread 0x00000275afede290 Uncommon trap: trap_request=0xffffffde fr.pc=0x0000027587e5fd14 relative=0x0000000000000074
Event: 9.172 Thread 0x00000275afede290 Uncommon trap: reason=class_check action=maybe_recompile pc=0x0000027587e5fd14 method=com.google.common.base.Objects.equal(Ljava/lang/Object;Ljava/lang/Object;)Z @ 11 c2
Event: 9.172 Thread 0x00000275afede290 DEOPT PACKING pc=0x0000027587e5fd14 sp=0x0000008ca42f53e0
Event: 9.172 Thread 0x00000275afede290 DEOPT UNPACKING pc=0x00000275875846a2 sp=0x0000008ca42f5378 mode 2
Event: 9.224 Thread 0x00000275afede290 Uncommon trap: trap_request=0xffffff45 fr.pc=0x0000027587f47298 relative=0x0000000000000658
Event: 9.225 Thread 0x00000275afede290 Uncommon trap: reason=unstable_if action=reinterpret pc=0x0000027587f47298 method=java.io.WinNTFileSystem.prefixLength(Ljava/lang/String;)I @ 42 c2
Event: 9.225 Thread 0x00000275afede290 DEOPT PACKING pc=0x0000027587f47298 sp=0x0000008ca42f5690
Event: 9.225 Thread 0x00000275afede290 DEOPT UNPACKING pc=0x00000275875846a2 sp=0x0000008ca42f55e8 mode 2
Event: 9.225 Thread 0x00000275afede290 Uncommon trap: trap_request=0xffffff45 fr.pc=0x0000027587cacaa4 relative=0x00000000000002c4
Event: 9.225 Thread 0x00000275afede290 Uncommon trap: reason=unstable_if action=reinterpret pc=0x0000027587cacaa4 method=java.io.WinNTFileSystem.prefixLength(Ljava/lang/String;)I @ 42 c2
Event: 9.225 Thread 0x00000275afede290 DEOPT PACKING pc=0x0000027587cacaa4 sp=0x0000008ca42f5650
Event: 9.225 Thread 0x00000275afede290 DEOPT UNPACKING pc=0x00000275875846a2 sp=0x0000008ca42f55e8 mode 2

Classes loaded (20 events):
Event: 9.220 Loading class javax/xml/parsers/DocumentBuilderFactory
Event: 9.220 Loading class javax/xml/parsers/DocumentBuilderFactory done
Event: 9.220 Loading class javax/xml/parsers/FactoryFinder
Event: 9.220 Loading class javax/xml/parsers/FactoryFinder done
Event: 9.220 Loading class javax/xml/parsers/FactoryFinder$1
Event: 9.220 Loading class javax/xml/parsers/FactoryFinder$1 done
Event: 9.221 Loading class com/sun/org/apache/xerces/internal/jaxp/DocumentBuilderFactoryImpl
Event: 9.222 Loading class com/sun/org/apache/xerces/internal/jaxp/DocumentBuilderFactoryImpl done
Event: 9.222 Loading class com/sun/org/apache/xerces/internal/utils/XMLSecurityManager
Event: 9.222 Loading class com/sun/org/apache/xerces/internal/utils/XMLSecurityManager done
Event: 9.222 Loading class com/sun/org/apache/xerces/internal/utils/XMLSecurityManager$Limit
Event: 9.223 Loading class com/sun/org/apache/xerces/internal/utils/XMLSecurityManager$Limit done
Event: 9.223 Loading class com/sun/org/apache/xerces/internal/utils/XMLSecurityManager$NameMap
Event: 9.223 Loading class com/sun/org/apache/xerces/internal/utils/XMLSecurityManager$NameMap done
Event: 9.223 Loading class com/sun/org/apache/xerces/internal/utils/XMLSecurityPropertyManager
Event: 9.223 Loading class com/sun/org/apache/xerces/internal/utils/XMLSecurityPropertyManager done
Event: 9.224 Loading class com/sun/org/apache/xerces/internal/utils/XMLSecurityPropertyManager$State
Event: 9.224 Loading class com/sun/org/apache/xerces/internal/utils/XMLSecurityPropertyManager$State done
Event: 9.224 Loading class com/sun/org/apache/xerces/internal/utils/XMLSecurityPropertyManager$Property
Event: 9.224 Loading class com/sun/org/apache/xerces/internal/utils/XMLSecurityPropertyManager$Property done

Classes unloaded (0 events):
No events

Classes redefined (0 events):
No events

Internal exceptions (20 events):
Event: 8.294 Thread 0x00000275afede290 Exception <a 'java/lang/ClassNotFoundException'{0x0000000089f826a8}: GradleAnnotationProcessorPatchPlugin$AnnotationProcessorModelBuilderCustomizer> (0x0000000089f826a8) 
thrown [s\open\src\hotspot\share\classfile\systemDictionary.cpp, line 312]
Event: 8.301 Thread 0x00000275afede290 Exception <a 'java/lang/ClassNotFoundException'{0x0000000089ff5590}: org/gradle/tooling/provider/model/internal/DefaultToolingModelBuilderRegistryBeanInfo> (0x0000000089ff5590) 
thrown [s\open\src\hotspot\share\classfile\systemDictionary.cpp, line 312]
Event: 8.302 Thread 0x00000275afede290 Exception <a 'java/lang/ClassNotFoundException'{0x0000000089e08a68}: org/gradle/tooling/provider/model/internal/DefaultToolingModelBuilderRegistryCustomizer> (0x0000000089e08a68) 
thrown [s\open\src\hotspot\share\classfile\systemDictionary.cpp, line 312]
Event: 8.307 Thread 0x00000275afede290 Exception <a 'java/lang/NoSuchMethodError'{0x0000000089e2de88}: 'long java.lang.invoke.DirectMethodHandle$Holder.invokeVirtual(java.lang.Object, java.lang.Object)'> (0x0000000089e2de88) 
thrown [s\open\src\hotspot\share\interpreter\linkResolver.cpp, line 773]
Event: 8.311 Thread 0x00000275afeddc00 Exception <a 'java/lang/NoSuchMethodError'{0x0000000089e947b0}: static Lorg/gradle/internal/build/event/types/DefaultProjectConfigurationSuccessResult;.<clinit>()V> (0x0000000089e947b0) 
thrown [s\open\src\hotspot\share\prims\jni.cpp, line 1106]
Event: 8.311 Thread 0x00000275afeddc00 Exception <a 'java/lang/NoSuchMethodError'{0x0000000089e95888}: static Lorg/gradle/internal/build/event/types/AbstractProjectConfigurationResult;.<clinit>()V> (0x0000000089e95888) 
thrown [s\open\src\hotspot\share\prims\jni.cpp, line 1106]
Event: 8.314 Thread 0x00000275afeddc00 Exception <a 'java/lang/NoSuchMethodError'{0x0000000089ea9f50}: static Lorg/gradle/internal/build/event/types/DefaultPluginApplicationResult;.<clinit>()V> (0x0000000089ea9f50) 
thrown [s\open\src\hotspot\share\prims\jni.cpp, line 1106]
Event: 8.314 Thread 0x00000275afeddc00 Exception <a 'java/lang/NoSuchMethodError'{0x0000000089eb4288}: static Lorg/gradle/internal/build/event/types/DefaultBinaryPluginIdentifier;.<clinit>()V> (0x0000000089eb4288) 
thrown [s\open\src\hotspot\share\prims\jni.cpp, line 1106]
Event: 8.318 Thread 0x00000275afeddc00 Exception <a 'java/lang/NoSuchMethodError'{0x0000000089ec9a80}: static Lorg/gradle/internal/build/event/types/DefaultScriptPluginIdentifier;.<clinit>()V> (0x0000000089ec9a80) 
thrown [s\open\src\hotspot\share\prims\jni.cpp, line 1106]
Event: 8.369 Thread 0x00000275afede290 Implicit null exception at 0x0000027587e38fdd to 0x0000027587e394c0
Event: 8.369 Thread 0x00000275afede290 Implicit null exception at 0x0000027587e39cdf to 0x0000027587e3a19c
Event: 8.505 Thread 0x00000275afede290 Exception <a 'java/lang/ClassNotFoundException'{0x00000000866a4bf8}: sun/misc/SharedSecrets> (0x00000000866a4bf8) 
thrown [s\open\src\hotspot\share\classfile\systemDictionary.cpp, line 312]
Event: 8.505 Thread 0x00000275afede290 Exception <a 'java/lang/ClassNotFoundException'{0x00000000866a6210}: org/gradle/api/internal/plugins/DefaultObjectConfigurationActionBeanInfo> (0x00000000866a6210) 
thrown [s\open\src\hotspot\share\classfile\systemDictionary.cpp, line 312]
Event: 8.506 Thread 0x00000275afede290 Exception <a 'java/lang/ClassNotFoundException'{0x00000000866b93e8}: org/gradle/api/internal/plugins/DefaultObjectConfigurationActionCustomizer> (0x00000000866b93e8) 
thrown [s\open\src\hotspot\share\classfile\systemDictionary.cpp, line 312]
Event: 8.507 Thread 0x00000275afede290 Implicit null exception at 0x0000027587c11ff2 to 0x0000027587c12270
Event: 8.507 Thread 0x00000275afede290 Exception <a 'java/lang/NoSuchMethodError'{0x00000000866c6808}: 'int java.lang.invoke.DirectMethodHandle$Holder.invokeSpecial(java.lang.Object, java.lang.Object, java.lang.Object, int)'> (0x00000000866c6808) 
thrown [s\open\src\hotspot\share\interpreter\linkResolver.cpp, line 773]
Event: 8.508 Thread 0x00000275afede290 Exception <a 'java/lang/NoSuchMethodError'{0x00000000866d7630}: 'java.lang.Object java.lang.invoke.DirectMethodHandle$Holder.invokeStatic(java.lang.Object, java.lang.Object, java.lang.Object, java.lang.Object, int)'> (0x00000000866d7630) 
thrown [s\open\src\hotspot\share\interpreter\linkResolver.cpp, line 773]
Event: 9.227 Thread 0x00000275afede290 Exception <a 'java/lang/NoSuchMethodError'{0x00000000882cdde8}: 'java.lang.Object java.lang.invoke.DirectMethodHandle$Holder.newInvokeSpecial(java.lang.Object, java.lang.Object, java.lang.Object, java.lang.Object, java.lang.Object, java.lang.Object, java.lang.Object, java.lang.Object, java.lang.Object, java.lang.Object, java.lang.Object, java.lang.Object, java.lang.Object, java.lang.Object, java.lang.Object, java.lang.Object)'> (0x00000000882cdde8) 
thrown [s\open\src\hotspot\share\interpreter\linkResolver
Event: 9.227 Thread 0x00000275afede290 Exception <a 'java/lang/NoSuchMethodError'{0x00000000882d49f8}: 'java.lang.Object java.lang.invoke.DirectMethodHandle$Holder.invokeSpecial(java.lang.Object, java.lang.Object, java.lang.Object, java.lang.Object, java.lang.Object, java.lang.Object, java.lang.Object, java.lang.Object, java.lang.Object, java.lang.Object, java.lang.Object, java.lang.Object, java.lang.Object, java.lang.Object, java.lang.Object, java.lang.Object, java.lang.Object)'> (0x00000000882d49f8) 
thrown [s\open\src\hotspot\share\interpret
Event: 9.227 Thread 0x00000275afede290 Exception <a 'java/lang/NoSuchMethodError'{0x00000000882da840}: 'java.lang.Object java.lang.invoke.DelegatingMethodHandle$Holder.reinvoke_L(java.lang.Object, java.lang.Object, java.lang.Object, java.lang.Object, java.lang.Object, java.lang.Object, java.lang.Object, java.lang.Object, java.lang.Object, java.lang.Object, java.lang.Object, java.lang.Object, java.lang.Object, java.lang.Object, java.lang.Object, java.lang.Object)'> (0x00000000882da840) 
thrown [s\open\src\hotspot\share\interpreter\linkResolver.c

ZGC Phase Switch (0 events):
No events

VM Operations (20 events):
Event: 8.175 Executing VM operation: ICBufferFull
Event: 8.175 Executing VM operation: ICBufferFull done
Event: 8.194 Executing VM operation: G1CollectForAllocation (G1 Evacuation Pause)
Event: 8.199 Executing VM operation: G1CollectForAllocation (G1 Evacuation Pause) done
Event: 8.232 Executing VM operation: HandshakeAllThreads (Deoptimize)
Event: 8.232 Executing VM operation: HandshakeAllThreads (Deoptimize) done
Event: 8.357 Executing VM operation: ICBufferFull
Event: 8.358 Executing VM operation: ICBufferFull done
Event: 8.457 Executing VM operation: HandshakeAllThreads (Deoptimize)
Event: 8.457 Executing VM operation: HandshakeAllThreads (Deoptimize) done
Event: 8.577 Executing VM operation: CollectForMetadataAllocation (Metadata GC Threshold)
Event: 8.584 Executing VM operation: CollectForMetadataAllocation (Metadata GC Threshold) done
Event: 8.603 Executing VM operation: G1PauseRemark
Event: 8.609 Executing VM operation: G1PauseRemark done
Event: 8.620 Executing VM operation: G1PauseCleanup
Event: 8.620 Executing VM operation: G1PauseCleanup done
Event: 8.945 Executing VM operation: G1CollectForAllocation (G1 Evacuation Pause)
Event: 8.951 Executing VM operation: G1CollectForAllocation (G1 Evacuation Pause) done
Event: 9.237 Executing VM operation: HandshakeAllThreads (Deoptimize)
Event: 9.237 Executing VM operation: HandshakeAllThreads (Deoptimize) done

Events (20 events):
Event: 8.608 Thread 0x00000275fb134f30 flushing nmethod 0x0000027587cb1b90
Event: 8.608 Thread 0x00000275fb134f30 flushing nmethod 0x0000027587c99a90
Event: 8.608 Thread 0x00000275fb134f30 flushing nmethod 0x0000027587c7e010
Event: 8.608 Thread 0x00000275fb134f30 flushing nmethod 0x0000027587c4f310
Event: 8.608 Thread 0x00000275fb134f30 flushing nmethod 0x0000027587c8bc10
Event: 8.608 Thread 0x00000275fb134f30 flushing nmethod 0x0000027587c26c90
Event: 8.608 Thread 0x00000275fb134f30 flushing nmethod 0x0000027587becf90
Event: 8.608 Thread 0x00000275fb134f30 flushing nmethod 0x0000027587be7810
Event: 8.608 Thread 0x00000275fb134f30 flushing nmethod 0x0000027587c22190
Event: 8.608 Thread 0x00000275fb134f30 flushing nmethod 0x0000027587bec610
Event: 8.608 Thread 0x00000275fb134f30 flushing nmethod 0x0000027587c30d90
Event: 8.608 Thread 0x00000275fb134f30 flushing nmethod 0x0000027587bd8c90
Event: 8.608 Thread 0x00000275fb134f30 flushing nmethod 0x0000027587bd8810
Event: 8.608 Thread 0x00000275fb134f30 flushing nmethod 0x0000027587b51a90
Event: 8.608 Thread 0x00000275fb134f30 flushing nmethod 0x0000027587b36b10
Event: 8.608 Thread 0x00000275fb134f30 flushing nmethod 0x0000027587b92790
Event: 8.608 Thread 0x00000275fb134f30 flushing nmethod 0x0000027587b6d310
Event: 8.608 Thread 0x00000275fb134f30 flushing nmethod 0x0000027587b63010
Event: 8.608 Thread 0x00000275fb134f30 flushing nmethod 0x0000027587b0a190
Event: 8.608 Thread 0x00000275fb134f30 flushing nmethod 0x0000027587ad1190


Dynamic libraries:
0x00007ff6f72e0000 - 0x00007ff6f72f0000 	C:\Program Files\Java\jdk-21\bin\java.exe
0x00007ffc036c0000 - 0x00007ffc03927000 	C:\WINDOWS\SYSTEM32\ntdll.dll
0x00007ffc026c0000 - 0x00007ffc02789000 	C:\WINDOWS\System32\KERNEL32.DLL
0x00007ffc01060000 - 0x00007ffc0144f000 	C:\WINDOWS\System32\KERNELBASE.dll
0x00007ffc00f10000 - 0x00007ffc0105b000 	C:\WINDOWS\System32\ucrtbase.dll
0x00007ffbc8d50000 - 0x00007ffbc8d69000 	C:\Program Files\Java\jdk-21\bin\jli.dll
0x00007ffbb8e60000 - 0x00007ffbb8e7b000 	C:\Program Files\Java\jdk-21\bin\VCRUNTIME140.dll
0x00007ffc03220000 - 0x00007ffc032d4000 	C:\WINDOWS\System32\ADVAPI32.dll
0x00007ffc01d20000 - 0x00007ffc01dc9000 	C:\WINDOWS\System32\msvcrt.dll
0x00007ffc01f20000 - 0x00007ffc01fc6000 	C:\WINDOWS\System32\sechost.dll
0x00007ffc01c00000 - 0x00007ffc01d18000 	C:\WINDOWS\System32\RPCRT4.dll
0x00007ffc032e0000 - 0x00007ffc034a5000 	C:\WINDOWS\System32\USER32.dll
0x00007ffbdd1f0000 - 0x00007ffbdd483000 	C:\WINDOWS\WinSxS\amd64_microsoft.windows.common-controls_6595b64144ccf1df_6.0.26100.7309_none_3e05feeae336a044\COMCTL32.dll
0x00007ffc008a0000 - 0x00007ffc008c7000 	C:\WINDOWS\System32\win32u.dll
0x00007ffc034b0000 - 0x00007ffc034db000 	C:\WINDOWS\System32\GDI32.dll
0x00007ffc00bc0000 - 0x00007ffc00cec000 	C:\WINDOWS\System32\gdi32full.dll
0x00007ffc00e60000 - 0x00007ffc00f03000 	C:\WINDOWS\System32\msvcp_win.dll
0x00007ffbf0de0000 - 0x00007ffbf0deb000 	C:\WINDOWS\SYSTEM32\VERSION.dll
0x00007ffc031e0000 - 0x00007ffc03211000 	C:\WINDOWS\System32\IMM32.DLL
0x00007ffbfb430000 - 0x00007ffbfb43c000 	C:\Program Files\Java\jdk-21\bin\vcruntime140_1.dll
0x00007ffb77da0000 - 0x00007ffb77e2e000 	C:\Program Files\Java\jdk-21\bin\msvcp140.dll
0x00007ffafc490000 - 0x00007ffafd1a5000 	C:\Program Files\Java\jdk-21\bin\server\jvm.dll
0x00007ffc02970000 - 0x00007ffc029e4000 	C:\WINDOWS\System32\WS2_32.dll
0x00007ffc00670000 - 0x00007ffc006ce000 	C:\WINDOWS\SYSTEM32\POWRPROF.dll
0x00007ffbfae20000 - 0x00007ffbfae55000 	C:\WINDOWS\SYSTEM32\WINMM.dll
0x00007ffc00650000 - 0x00007ffc00664000 	C:\WINDOWS\SYSTEM32\UMPDC.dll
0x00007ffbff580000 - 0x00007ffbff59b000 	C:\WINDOWS\SYSTEM32\kernel.appcore.dll
0x00007ffbecb40000 - 0x00007ffbecb4a000 	C:\Program Files\Java\jdk-21\bin\jimage.dll
0x00007ffbfe100000 - 0x00007ffbfe342000 	C:\WINDOWS\SYSTEM32\DBGHELP.DLL
0x00007ffc015d0000 - 0x00007ffc01955000 	C:\WINDOWS\System32\combase.dll
0x00007ffc024c0000 - 0x00007ffc02596000 	C:\WINDOWS\System32\OLEAUT32.dll
0x00007ffbdddf0000 - 0x00007ffbdde2c000 	C:\WINDOWS\SYSTEM32\dbgcore.DLL
0x00007ffc008d0000 - 0x00007ffc00975000 	C:\WINDOWS\System32\bcryptPrimitives.dll
0x00007ffbc8bc0000 - 0x00007ffbc8bcf000 	C:\Program Files\Java\jdk-21\bin\instrument.dll
0x00007ffbb7610000 - 0x00007ffbb762f000 	C:\Program Files\Java\jdk-21\bin\java.dll
0x00007ffc02a80000 - 0x00007ffc031d3000 	C:\WINDOWS\System32\SHELL32.dll
0x00007ffc00cf0000 - 0x00007ffc00e5a000 	C:\WINDOWS\System32\wintypes.dll
0x00007ffbfe3d0000 - 0x00007ffbfec2e000 	C:\WINDOWS\SYSTEM32\windows.storage.dll
0x00007ffc025a0000 - 0x00007ffc02695000 	C:\WINDOWS\System32\SHCORE.dll
0x00007ffc019f0000 - 0x00007ffc01a56000 	C:\WINDOWS\System32\shlwapi.dll
0x00007ffc00730000 - 0x00007ffc00759000 	C:\WINDOWS\SYSTEM32\profapi.dll
0x00007ffb65cb0000 - 0x00007ffb65d87000 	C:\Program Files\Java\jdk-21\bin\jsvml.dll
0x00007ffbb68d0000 - 0x00007ffbb68e8000 	C:\Program Files\Java\jdk-21\bin\zip.dll
0x00007ffbb7710000 - 0x00007ffbb7720000 	C:\Program Files\Java\jdk-21\bin\net.dll
0x00007ffbfa8b0000 - 0x00007ffbfa9d8000 	C:\WINDOWS\SYSTEM32\WINHTTP.dll
0x00007ffbffad0000 - 0x00007ffbffb3b000 	C:\WINDOWS\system32\mswsock.dll
0x00007ffbb75f0000 - 0x00007ffbb7606000 	C:\Program Files\Java\jdk-21\bin\nio.dll
0x00007ffbb68c0000 - 0x00007ffbb68d0000 	C:\Program Files\Java\jdk-21\bin\verify.dll
0x00007ffba27d0000 - 0x00007ffba27f7000 	D:\.gradle\native\c067742578af261105cb4f569cf0c3c89f3d7b1fecec35dd04571415982c5e48\windows-amd64\native-platform.dll
0x00007ffb65fd0000 - 0x00007ffb66114000 	D:\.gradle\native\100fb08df4bc3b14c8652ba06237920a3bd2aa13389f12d3474272988ae205f9\windows-amd64\native-platform-file-events.dll
0x00007ffbb68a0000 - 0x00007ffbb68aa000 	C:\Program Files\Java\jdk-21\bin\management.dll
0x00007ffbb6890000 - 0x00007ffbb689b000 	C:\Program Files\Java\jdk-21\bin\management_ext.dll
0x00007ffc01b60000 - 0x00007ffc01b68000 	C:\WINDOWS\System32\PSAPI.DLL
0x00007ffbffec0000 - 0x00007ffbffedb000 	C:\WINDOWS\SYSTEM32\CRYPTSP.dll
0x00007ffbff4e0000 - 0x00007ffbff51a000 	C:\WINDOWS\system32\rsaenh.dll
0x00007ffbffb80000 - 0x00007ffbffbab000 	C:\WINDOWS\SYSTEM32\USERENV.dll
0x00007ffc00700000 - 0x00007ffc0072a000 	C:\WINDOWS\SYSTEM32\bcrypt.dll
0x00007ffbffd20000 - 0x00007ffbffd2c000 	C:\WINDOWS\SYSTEM32\CRYPTBASE.dll
0x00007ffbfef70000 - 0x00007ffbfefa4000 	C:\WINDOWS\SYSTEM32\IPHLPAPI.DLL
0x00007ffc019e0000 - 0x00007ffc019ea000 	C:\WINDOWS\System32\NSI.dll
0x00007ffbb6840000 - 0x00007ffbb6847000 	C:\Program Files\Java\jdk-21\bin\extnet.dll
0x00007ffbf7930000 - 0x00007ffbf793e000 	C:\Program Files\Java\jdk-21\bin\sunmscapi.dll
0x00007ffc00a40000 - 0x00007ffc00bb7000 	C:\WINDOWS\System32\CRYPT32.dll
0x00007ffc00010000 - 0x00007ffc00040000 	C:\WINDOWS\SYSTEM32\ncrypt.dll
0x00007ffbfffc0000 - 0x00007ffbfffff000 	C:\WINDOWS\SYSTEM32\NTASN1.dll
0x00007ffbe5f20000 - 0x00007ffbe5f28000 	C:\WINDOWS\system32\wshunix.dll

dbghelp: loaded successfully - version: 4.0.5 - missing functions: none
symbol engine: initialized successfully - sym options: 0x614 - pdb path: .;C:\Program Files\Java\jdk-21\bin;C:\WINDOWS\SYSTEM32;C:\WINDOWS\WinSxS\amd64_microsoft.windows.common-controls_6595b64144ccf1df_6.0.26100.7309_none_3e05feeae336a044;C:\Program Files\Java\jdk-21\bin\server;D:\.gradle\native\c067742578af261105cb4f569cf0c3c89f3d7b1fecec35dd04571415982c5e48\windows-amd64;D:\.gradle\native\100fb08df4bc3b14c8652ba06237920a3bd2aa13389f12d3474272988ae205f9\windows-amd64

VM Arguments:
jvm_args: -XX:MaxMetaspaceSize=512m --add-opens=java.base/java.util=ALL-UNNAMED --add-opens=java.base/java.lang=ALL-UNNAMED --add-opens=java.base/java.lang.invoke=ALL-UNNAMED --add-opens=java.prefs/java.util.prefs=ALL-UNNAMED --add-exports=jdk.compiler/com.sun.tools.javac.api=ALL-UNNAMED --add-exports=jdk.compiler/com.sun.tools.javac.util=ALL-UNNAMED --add-opens=java.base/java.nio.charset=ALL-UNNAMED --add-opens=java.base/java.net=ALL-UNNAMED --add-opens=java.base/java.util.concurrent.atomic=ALL-UNNAMED -Xmx2048m -Dfile.encoding=UTF-8 -Duser.country=US -Duser.language=en -Duser.variant -javaagent:D:\.gradle\wrapper\dists\gradle-8.10.2-bin\a04bxjujx95o3nb99gddekhwo\gradle-8.10.2\lib\agents\gradle-instrumentation-agent-8.10.2.jar 
java_command: org.gradle.launcher.daemon.bootstrap.GradleDaemon 8.10.2
java_class_path (initial): D:\.gradle\wrapper\dists\gradle-8.10.2-bin\a04bxjujx95o3nb99gddekhwo\gradle-8.10.2\lib\gradle-daemon-main-8.10.2.jar
Launcher Type: SUN_STANDARD

[Global flags]
     intx CICompilerCount                          = 4                                         {product} {ergonomic}
   size_t CompressedClassSpaceSize                 = 436207616                                 {product} {ergonomic}
     uint ConcGCThreads                            = 3                                         {product} {ergonomic}
     uint G1ConcRefinementThreads                  = 10                                        {product} {ergonomic}
   size_t G1HeapRegionSize                         = 1048576                                   {product} {ergonomic}
    uintx GCDrainStackTargetSize                   = 64                                        {product} {ergonomic}
   size_t InitialHeapSize                          = 264241152                                 {product} {ergonomic}
   size_t MarkStackSize                            = 4194304                                   {product} {ergonomic}
   size_t MaxHeapSize                              = 2147483648                                {product} {command line}
   size_t MaxMetaspaceSize                         = 536870912                                 {product} {command line}
   size_t MaxNewSize                               = 1287651328                                {product} {ergonomic}
   size_t MinHeapDeltaBytes                        = 1048576                                   {product} {ergonomic}
   size_t MinHeapSize                              = 8388608                                   {product} {ergonomic}
    uintx NonNMethodCodeHeapSize                   = 5839372                                {pd product} {ergonomic}
    uintx NonProfiledCodeHeapSize                  = 122909434                              {pd product} {ergonomic}
    uintx ProfiledCodeHeapSize                     = 122909434                              {pd product} {ergonomic}
    uintx ReservedCodeCacheSize                    = 251658240                              {pd product} {ergonomic}
     bool SegmentedCodeCache                       = true                                      {product} {ergonomic}
   size_t SoftMaxHeapSize                          = 2147483648                             {manageable} {ergonomic}
     bool UseCompressedOops                        = true                           {product lp64_product} {ergonomic}
     bool UseG1GC                                  = true                                      {product} {ergonomic}
     bool UseLargePagesIndividualAllocation        = false                                  {pd product} {ergonomic}

Logging:
Log output configuration:
 #0: stdout all=warning uptime,level,tags foldmultilines=false
 #1: stderr all=off uptime,level,tags foldmultilines=false

Environment Variables:
JAVA_HOME=C:\Program Files\Java\jdk-21
PATH=C:\oracle\dbhomeFree\bin;C:\app\HP\product\23ai\dbhomeFree\bin;C:\Program Files\Common Files\Oracle\Java\javapath;C:\Program Files (x86)\Common Files\Oracle\Java\java8path;C:\Program Files (x86)\Common Files\Oracle\Java\javapath;C:\WINDOWS\system32;C:\WINDOWS;C:\WINDOWS\System32\Wbem;C:\WINDOWS\System32\WindowsPowerShell\v1.0\;C:\WINDOWS\System32\OpenSSH\;C:\Program Files (x86)\Microsoft SQL Server\160\Tools\Binn\;C:\Program Files\Microsoft SQL Server\160\Tools\Binn\;C:\Program Files\Microsoft SQL Server\Client SDK\ODBC\170\Tools\Binn\;C:\Program Files\Microsoft SQL Server\160\DTS\Binn\;C:\Program Files (x86)\Microsoft SQL Server\160\DTS\Binn\;C:\Program Files\Azure Data Studio\bin;C:\Program Files\Java\jdk-21\bin;C:\Program Files\Microsoft SQL Server\150\Tools\Binn\;C:\Program Files\nodejs;C:\ProgramData\chocolatey\bin;C:\Program Files\nodejs\;C:\sqlite;C:\Program Files\Git\cmd;C:\Program Files\TortoiseGit\bin;C:\Program Files\dotnet\;C:\Users\HP\AppData\Local\Programs\Python\Python313\Scripts\;C:\Users\HP\AppData\Local\Programs\Python\Python313\;C:\Users\HP\AppData\Local\Programs\Python\Launcher\;C:\Users\HP\AppData\Local\Microsoft\WindowsApps;C:\Program Files\Azure Data Studio\bin;C:\Program Files\JetBrains\IntelliJ IDEA Community Edition 2023.2.5\bin;C:\Users\HP\AppData\Local\Programs\Microsoft VS Code\bin;C:\Program Files\JetBrains\IntelliJ IDEA 2024.3.1.1\bin;C:\Users\HP\.dotnet\tools;C:\Users\HP\AppData\Roaming\npm;C:\Users\HP\AppData\Local\Programs\mongosh\;D:\software\flutter_windows_3.38.0-stable (1)\flutter\bin;D:\software\flutter_3.38.0\flutter\bin;D:\software\flutter_windows_3.35.7-stable\flutter\bin;C:\Users\HP\.dotnet\tools
USERNAME=HP
OS=Windows_NT
PROCESSOR_IDENTIFIER=Intel64 Family 6 Model 154 Stepping 4, GenuineIntel
TMP=C:\Users\HP\AppData\Local\Temp
TEMP=C:\Users\HP\AppData\Local\Temp




Periodic native trim disabled

---------------  S Y S T E M  ---------------

OS:
 Windows 11 , 64 bit Build 26100 (10.0.26100.7309)
OS uptime: 3 days 11:09 hours
Hyper-V role detected

CPU: total 12 (initial active 12) (6 cores per cpu, 2 threads per core) family 6 model 154 stepping 4 microcode 0x437, cx8, cmov, fxsr, ht, mmx, 3dnowpref, sse, sse2, sse3, ssse3, sse4.1, sse4.2, popcnt, lzcnt, tsc, tscinvbit, avx, avx2, aes, erms, clmul, bmi1, bmi2, adx, sha, fma, vzeroupper, clflush, clflushopt, clwb, hv, serialize, rdtscp, rdpid, fsrm, f16c, cet_ibt, cet_ss
Processor Information for all 12 processors :
  Max Mhz: 1300, Current Mhz: 1300, Mhz Limit: 1300

Memory: 4k page, system-wide physical 16016M (2023M free)
TotalPageFile size 26260M (AvailPageFile size 5M)
current process WorkingSet (physical memory assigned to process): 392M, peak: 392M
current process commit charge ("private bytes"): 449M, peak: 451M

vm_info: Java HotSpot(TM) 64-Bit Server VM (21.0.1+12-LTS-29) for windows-amd64 JRE (21.0.1+12-LTS-29), built on 2023-10-05T13:27:09Z by "mach5one" with MS VC++ 17.1 (VS2022)

END.
