#
# There is insufficient memory for the Java Runtime Environment to continue.
# Native memory allocation (malloc) failed to allocate 1079136 bytes. Error detail: Chunk::new
# Possible reasons:
#   The system is out of physical RAM or swap space
#   This process is running with CompressedOops enabled, and the Java Heap may be blocking the growth of the native heap
# Possible solutions:
#   Reduce memory load on the system
#   Increase physical memory or swap space
#   Check if swap backing store is full
#   Decrease Java heap size (-Xmx/-Xms)
#   Decrease number of Java threads
#   Decrease Java thread stack sizes (-Xss)
#   Set larger code cache with -XX:ReservedCodeCacheSize=
#   JVM is running with Zero Based Compressed Oops mode in which the Java heap is
#     placed in the first 32GB address space. The Java Heap base address is the
#     maximum limit for the native heap growth. Please use -XX:HeapBaseMinAddress
#     to set the Java Heap base and to place the Java Heap above 32GB virtual address.
# This output file may be truncated or incomplete.
#
#  Out of Memory Error (arena.cpp:168), pid=13460, tid=12236
#
# JRE version: OpenJDK Runtime Environment (21.0.4) (build 21.0.4+-12508038-b607.1)
# Java VM: OpenJDK 64-Bit Server VM (21.0.4+-12508038-b607.1, mixed mode, tiered, compressed oops, compressed class ptrs, g1 gc, windows-amd64)
# No core dump will be written. Minidumps are not enabled by default on client versions of Windows
#

---------------  S U M M A R Y ------------

Command Line: --add-opens=java.base/java.util=ALL-UNNAMED --add-opens=java.base/java.lang=ALL-UNNAMED --add-opens=java.base/java.lang.invoke=ALL-UNNAMED --add-opens=java.prefs/java.util.prefs=ALL-UNNAMED --add-exports=jdk.compiler/com.sun.tools.javac.api=ALL-UNNAMED --add-exports=jdk.compiler/com.sun.tools.javac.util=ALL-UNNAMED --add-opens=java.base/java.nio.charset=ALL-UNNAMED --add-opens=java.base/java.net=ALL-UNNAMED --add-opens=java.base/java.util.concurrent.atomic=ALL-UNNAMED -Xmx4096m -Dfile.encoding=UTF-8 -Duser.country=US -Duser.language=en -Duser.variant -javaagent:D:\.gradle\wrapper\dists\gradle-8.10.2-bin\a04bxjujx95o3nb99gddekhwo\gradle-8.10.2\lib\agents\gradle-instrumentation-agent-8.10.2.jar org.gradle.launcher.daemon.bootstrap.GradleDaemon 8.10.2

Host: 12th Gen Intel(R) Core(TM) i5-1235U, 12 cores, 15G,  Windows 11 , 64 bit Build 26100 (10.0.26100.7309)
Time: Mon Dec 15 13:05:51 2025 Sri Lanka Standard Time elapsed time: 24.722006 seconds (0d 0h 0m 24s)

---------------  T H R E A D  ---------------

Current thread (0x000002a9c68114a0):  JavaThread "C2 CompilerThread1" daemon [_thread_in_native, id=12236, stack(0x000000ed4ad00000,0x000000ed4ae00000) (1024K)]


Current CompileTask:
C2:  24722 7267       4       java.lang.invoke.MethodType::makeImpl (109 bytes)

Stack: [0x000000ed4ad00000,0x000000ed4ae00000]
Native frames: (J=compiled Java code, j=interpreted, Vv=VM code, C=native code)
V  [jvm.dll+0x6ce539]
V  [jvm.dll+0x85bf03]
V  [jvm.dll+0x85e45e]
V  [jvm.dll+0x85eb43]
V  [jvm.dll+0x27dd06]
V  [jvm.dll+0xbf9cd]
V  [jvm.dll+0xbff03]
V  [jvm.dll+0x2f19c1]
V  [jvm.dll+0x5f8d79]
V  [jvm.dll+0x2503d2]
V  [jvm.dll+0x248e4a]
V  [jvm.dll+0x2468be]
V  [jvm.dll+0x1c58a4]
V  [jvm.dll+0x255fec]
V  [jvm.dll+0x254536]
V  [jvm.dll+0x3efab6]
V  [jvm.dll+0x804418]
V  [jvm.dll+0x6cce0d]
C  [ucrtbase.dll+0x37b0]
C  [KERNEL32.DLL+0x2e8d7]
C  [ntdll.dll+0x8c53c]


---------------  P R O C E S S  ---------------

Threads class SMR info:
_java_thread_list=0x000002a9c3dbaae0, length=56, elements={
0x000002a9a23d7dc0, 0x000002a9beb13fb0, 0x000002a9beaf08c0, 0x000002a9beaf1aa0,
0x000002a9beaf5430, 0x000002a9beaf5e90, 0x000002a9beaf68f0, 0x000002a9beaf7350,
0x000002a9beaf8960, 0x000002a9bec95870, 0x000002a9bee1dd50, 0x000002a9c4021c90,
0x000002a9c4b92c40, 0x000002a9c4c48760, 0x000002a9c3fdbd30, 0x000002a9c321f270,
0x000002a9c3225f20, 0x000002a9bee54920, 0x000002a9becc38d0, 0x000002a9becc5310,
0x000002a9becc66c0, 0x000002a9becc59a0, 0x000002a9becc3240, 0x000002a9becc3f60,
0x000002a9becc4c80, 0x000002a9becc6030, 0x000002a9c4f1cac0, 0x000002a9c4f1c430,
0x000002a9c4f1d150, 0x000002a9c4f1a9f0, 0x000002a9c4f1b710, 0x000002a9c4f19cd0,
0x000002a9c4f1f220, 0x000002a9c4f1bda0, 0x000002a9c4f1f8b0, 0x000002a9c4f1ff40,
0x000002a9c4f205d0, 0x000002a9c4f20c60, 0x000002a9c4f212f0, 0x000002a9c93d9890,
0x000002a9c93d84e0, 0x000002a9c93da5b0, 0x000002a9c93db2d0, 0x000002a9c93dbff0,
0x000002a9c93d8b70, 0x000002a9c93dc680, 0x000002a9c93db960, 0x000002a9c93dac40,
0x000002a9c93d9200, 0x000002a9c93dcd10, 0x000002a9c93dd3a0, 0x000002a9c93d9f20,
0x000002a9c93dfb00, 0x000002a9c68114a0, 0x000002a9c93de0c0, 0x000002a9c77bb310
}

Java Threads: ( => current thread )
  0x000002a9a23d7dc0 JavaThread "main"                              [_thread_blocked, id=22336, stack(0x000000ed46600000,0x000000ed46700000) (1024K)]
  0x000002a9beb13fb0 JavaThread "Reference Handler"          daemon [_thread_blocked, id=13464, stack(0x000000ed46e00000,0x000000ed46f00000) (1024K)]
  0x000002a9beaf08c0 JavaThread "Finalizer"                  daemon [_thread_blocked, id=12864, stack(0x000000ed46f00000,0x000000ed47000000) (1024K)]
  0x000002a9beaf1aa0 JavaThread "Signal Dispatcher"          daemon [_thread_blocked, id=6652, stack(0x000000ed47000000,0x000000ed47100000) (1024K)]
  0x000002a9beaf5430 JavaThread "Attach Listener"            daemon [_thread_blocked, id=19384, stack(0x000000ed47100000,0x000000ed47200000) (1024K)]
  0x000002a9beaf5e90 JavaThread "Service Thread"             daemon [_thread_blocked, id=29848, stack(0x000000ed47200000,0x000000ed47300000) (1024K)]
  0x000002a9beaf68f0 JavaThread "Monitor Deflation Thread"   daemon [_thread_blocked, id=8600, stack(0x000000ed47300000,0x000000ed47400000) (1024K)]
  0x000002a9beaf7350 JavaThread "C2 CompilerThread0"         daemon [_thread_in_native, id=32732, stack(0x000000ed47400000,0x000000ed47500000) (1024K)]
  0x000002a9beaf8960 JavaThread "C1 CompilerThread0"         daemon [_thread_blocked, id=13828, stack(0x000000ed47500000,0x000000ed47600000) (1024K)]
  0x000002a9bec95870 JavaThread "Common-Cleaner"             daemon [_thread_blocked, id=19372, stack(0x000000ed47600000,0x000000ed47700000) (1024K)]
  0x000002a9bee1dd50 JavaThread "Notification Thread"        daemon [_thread_blocked, id=32964, stack(0x000000ed47700000,0x000000ed47800000) (1024K)]
  0x000002a9c4021c90 JavaThread "Daemon health stats"               [_thread_blocked, id=26440, stack(0x000000ed47800000,0x000000ed47900000) (1024K)]
  0x000002a9c4b92c40 JavaThread "Incoming local TCP Connector on port 60732"        [_thread_in_native, id=7692, stack(0x000000ed47900000,0x000000ed47a00000) (1024K)]
  0x000002a9c4c48760 JavaThread "Daemon periodic checks"            [_thread_blocked, id=20228, stack(0x000000ed48300000,0x000000ed48400000) (1024K)]
  0x000002a9c3fdbd30 JavaThread "Daemon"                            [_thread_blocked, id=27884, stack(0x000000ed48400000,0x000000ed48500000) (1024K)]
  0x000002a9c321f270 JavaThread "Handler for socket connection from /127.0.0.1:60732 to /127.0.0.1:60733"        [_thread_in_native, id=18836, stack(0x000000ed48500000,0x000000ed48600000) (1024K)]
  0x000002a9c3225f20 JavaThread "Cancel handler"                    [_thread_blocked, id=17392, stack(0x000000ed48600000,0x000000ed48700000) (1024K)]
  0x000002a9bee54920 JavaThread "Daemon worker"                     [_thread_in_Java, id=30960, stack(0x000000ed48700000,0x000000ed48800000) (1024K)]
  0x000002a9becc38d0 JavaThread "Asynchronous log dispatcher for DefaultDaemonConnection: socket connection from /127.0.0.1:60732 to /127.0.0.1:60733"        [_thread_blocked, id=6044, stack(0x000000ed48800000,0x000000ed48900000) (1024K)]
  0x000002a9becc5310 JavaThread "Stdin handler"                     [_thread_blocked, id=32596, stack(0x000000ed48900000,0x000000ed48a00000) (1024K)]
  0x000002a9becc66c0 JavaThread "Daemon client event forwarder"        [_thread_blocked, id=12004, stack(0x000000ed48a00000,0x000000ed48b00000) (1024K)]
  0x000002a9becc59a0 JavaThread "Cache worker for journal cache (D:\.gradle\caches\journal-1)"        [_thread_blocked, id=25464, stack(0x000000ed48d00000,0x000000ed48e00000) (1024K)]
  0x000002a9becc3240 JavaThread "File lock request listener"        [_thread_in_native, id=31840, stack(0x000000ed48e00000,0x000000ed48f00000) (1024K)]
  0x000002a9becc3f60 JavaThread "Cache worker for file hash cache (D:\.gradle\caches\8.10.2\fileHashes)"        [_thread_in_vm, id=15476, stack(0x000000ed48f00000,0x000000ed49000000) (1024K)]
  0x000002a9becc4c80 JavaThread "Cache worker for file hash cache (D:\Diploma\Final Project\FixMate\.gradle\8.10.2\fileHashes)"        [_thread_blocked, id=6568, stack(0x000000ed49000000,0x000000ed49100000) (1024K)]
  0x000002a9becc6030 JavaThread "Cache worker for Build Output Cleanup Cache (D:\Diploma\Final Project\FixMate\.gradle\buildOutputCleanup)"        [_thread_blocked, id=6028, stack(0x000000ed49100000,0x000000ed49200000) (1024K)]
  0x000002a9c4f1cac0 JavaThread "File watcher server"        daemon [_thread_in_native, id=33768, stack(0x000000ed49200000,0x000000ed49300000) (1024K)]
  0x000002a9c4f1c430 JavaThread "File watcher consumer"      daemon [_thread_blocked, id=11096, stack(0x000000ed49300000,0x000000ed49400000) (1024K)]
  0x000002a9c4f1d150 JavaThread "Cache worker for checksums cache (D:\Diploma\Final Project\FixMate\.gradle\8.10.2\checksums)"        [_thread_blocked, id=29356, stack(0x000000ed49400000,0x000000ed49500000) (1024K)]
  0x000002a9c4f1a9f0 JavaThread "Cache worker for file content cache (D:\.gradle\caches\8.10.2\fileContent)"        [_thread_blocked, id=15928, stack(0x000000ed49500000,0x000000ed49600000) (1024K)]
  0x000002a9c4f1b710 JavaThread "Cache worker for cache directory md-rule (D:\.gradle\caches\8.10.2\md-rule)"        [_thread_blocked, id=25376, stack(0x000000ed49600000,0x000000ed49700000) (1024K)]
  0x000002a9c4f19cd0 JavaThread "Cache worker for cache directory md-supplier (D:\.gradle\caches\8.10.2\md-supplier)"        [_thread_blocked, id=16084, stack(0x000000ed49700000,0x000000ed49800000) (1024K)]
  0x000002a9c4f1f220 JavaThread "Unconstrained build operations"        [_thread_blocked, id=10520, stack(0x000000ed49800000,0x000000ed49900000) (1024K)]
  0x000002a9c4f1bda0 JavaThread "Unconstrained build operations Thread 2"        [_thread_blocked, id=31260, stack(0x000000ed49900000,0x000000ed49a00000) (1024K)]
  0x000002a9c4f1f8b0 JavaThread "Unconstrained build operations Thread 3"        [_thread_blocked, id=6504, stack(0x000000ed49a00000,0x000000ed49b00000) (1024K)]
  0x000002a9c4f1ff40 JavaThread "Unconstrained build operations Thread 4"        [_thread_blocked, id=28452, stack(0x000000ed49b00000,0x000000ed49c00000) (1024K)]
  0x000002a9c4f205d0 JavaThread "Unconstrained build operations Thread 5"        [_thread_blocked, id=17796, stack(0x000000ed49c00000,0x000000ed49d00000) (1024K)]
  0x000002a9c4f20c60 JavaThread "Unconstrained build operations Thread 6"        [_thread_blocked, id=28744, stack(0x000000ed49d00000,0x000000ed49e00000) (1024K)]
  0x000002a9c4f212f0 JavaThread "Unconstrained build operations Thread 7"        [_thread_blocked, id=14556, stack(0x000000ed49e00000,0x000000ed49f00000) (1024K)]
  0x000002a9c93d9890 JavaThread "Unconstrained build operations Thread 8"        [_thread_blocked, id=16780, stack(0x000000ed49f00000,0x000000ed4a000000) (1024K)]
  0x000002a9c93d84e0 JavaThread "Unconstrained build operations Thread 9"        [_thread_blocked, id=3180, stack(0x000000ed4a000000,0x000000ed4a100000) (1024K)]
  0x000002a9c93da5b0 JavaThread "Unconstrained build operations Thread 10"        [_thread_blocked, id=30792, stack(0x000000ed4a100000,0x000000ed4a200000) (1024K)]
  0x000002a9c93db2d0 JavaThread "Unconstrained build operations Thread 11"        [_thread_blocked, id=9316, stack(0x000000ed4a200000,0x000000ed4a300000) (1024K)]
  0x000002a9c93dbff0 JavaThread "Unconstrained build operations Thread 12"        [_thread_in_Java, id=31692, stack(0x000000ed4a300000,0x000000ed4a400000) (1024K)]
  0x000002a9c93d8b70 JavaThread "Unconstrained build operations Thread 13"        [_thread_blocked, id=27772, stack(0x000000ed4a400000,0x000000ed4a500000) (1024K)]
  0x000002a9c93dc680 JavaThread "Unconstrained build operations Thread 14"        [_thread_in_native, id=4580, stack(0x000000ed4a500000,0x000000ed4a600000) (1024K)]
  0x000002a9c93db960 JavaThread "Unconstrained build operations Thread 15"        [_thread_blocked, id=25032, stack(0x000000ed4a600000,0x000000ed4a700000) (1024K)]
  0x000002a9c93dac40 JavaThread "Unconstrained build operations Thread 16"        [_thread_blocked, id=23940, stack(0x000000ed4a700000,0x000000ed4a800000) (1024K)]
  0x000002a9c93d9200 JavaThread "Unconstrained build operations Thread 17"        [_thread_blocked, id=1032, stack(0x000000ed4a800000,0x000000ed4a900000) (1024K)]
  0x000002a9c93dcd10 JavaThread "Unconstrained build operations Thread 18"        [_thread_blocked, id=32352, stack(0x000000ed4a900000,0x000000ed4aa00000) (1024K)]
  0x000002a9c93dd3a0 JavaThread "Unconstrained build operations Thread 19"        [_thread_in_Java, id=26060, stack(0x000000ed4aa00000,0x000000ed4ab00000) (1024K)]
  0x000002a9c93d9f20 JavaThread "Unconstrained build operations Thread 20"        [_thread_blocked, id=3456, stack(0x000000ed4ab00000,0x000000ed4ac00000) (1024K)]
  0x000002a9c93dfb00 JavaThread "Unconstrained build operations Thread 21"        [_thread_blocked, id=10360, stack(0x000000ed4ac00000,0x000000ed4ad00000) (1024K)]
=>0x000002a9c68114a0 JavaThread "C2 CompilerThread1"         daemon [_thread_in_native, id=12236, stack(0x000000ed4ad00000,0x000000ed4ae00000) (1024K)]
  0x000002a9c93de0c0 JavaThread "Unconstrained build operations Thread 22"        [_thread_blocked, id=18148, stack(0x000000ed4ae00000,0x000000ed4af00000) (1024K)]
  0x000002a9c77bb310 JavaThread "C2 CompilerThread2"         daemon [_thread_blocked, id=6564, stack(0x000000ed4af00000,0x000000ed4b000000) (1024K)]
Total: 56

Other Threads:
  0x000002a9be91e7a0 VMThread "VM Thread"                           [id=23244, stack(0x000000ed46d00000,0x000000ed46e00000) (1024K)]
  0x000002a9be8d83d0 WatcherThread "VM Periodic Task Thread"        [id=30916, stack(0x000000ed46c00000,0x000000ed46d00000) (1024K)]
  0x000002a9a28b5e20 WorkerThread "GC Thread#0"                     [id=16884, stack(0x000000ed46700000,0x000000ed46800000) (1024K)]
  0x000002a9c30ecdb0 WorkerThread "GC Thread#1"                     [id=16248, stack(0x000000ed47a00000,0x000000ed47b00000) (1024K)]
  0x000002a9c3446850 WorkerThread "GC Thread#2"                     [id=15524, stack(0x000000ed47b00000,0x000000ed47c00000) (1024K)]
  0x000002a9c3577b30 WorkerThread "GC Thread#3"                     [id=4656, stack(0x000000ed47c00000,0x000000ed47d00000) (1024K)]
  0x000002a9c3577ed0 WorkerThread "GC Thread#4"                     [id=13420, stack(0x000000ed47d00000,0x000000ed47e00000) (1024K)]
  0x000002a9c3578270 WorkerThread "GC Thread#5"                     [id=13180, stack(0x000000ed47e00000,0x000000ed47f00000) (1024K)]
  0x000002a9c4c7c8c0 WorkerThread "GC Thread#6"                     [id=32404, stack(0x000000ed47f00000,0x000000ed48000000) (1024K)]
  0x000002a9c4c45840 WorkerThread "GC Thread#7"                     [id=26540, stack(0x000000ed48000000,0x000000ed48100000) (1024K)]
  0x000002a9c4c45be0 WorkerThread "GC Thread#8"                     [id=25744, stack(0x000000ed48100000,0x000000ed48200000) (1024K)]
  0x000002a9c4c45f80 WorkerThread "GC Thread#9"                     [id=20028, stack(0x000000ed48200000,0x000000ed48300000) (1024K)]
  0x000002a9a28c6d10 ConcurrentGCThread "G1 Main Marker"            [id=30312, stack(0x000000ed46800000,0x000000ed46900000) (1024K)]
  0x000002a9a28c7720 WorkerThread "G1 Conc#0"                       [id=31688, stack(0x000000ed46900000,0x000000ed46a00000) (1024K)]
  0x000002a9c4190060 WorkerThread "G1 Conc#1"                       [id=22116, stack(0x000000ed48b00000,0x000000ed48c00000) (1024K)]
  0x000002a9c4190400 WorkerThread "G1 Conc#2"                       [id=7484, stack(0x000000ed48c00000,0x000000ed48d00000) (1024K)]
  0x000002a9be7aa5e0 ConcurrentGCThread "G1 Refine#0"               [id=16820, stack(0x000000ed46a00000,0x000000ed46b00000) (1024K)]
  0x000002a9be7aae00 ConcurrentGCThread "G1 Service"                [id=3152, stack(0x000000ed46b00000,0x000000ed46c00000) (1024K)]
Total: 18

Threads with active compile tasks:
C2 CompilerThread0    24755 7324 %     4       org.gradle.cache.internal.btree.BTreePersistentIndexedCache$IndexBlock::read @ 16 (94 bytes)
C1 CompilerThread0    24755 7511       3       com.google.common.cache.LocalCache$Segment::expand (282 bytes)
C2 CompilerThread1    24755 7267       4       java.lang.invoke.MethodType::makeImpl (109 bytes)
Total: 3

VM state: not at safepoint (normal execution)

VM Mutex/Monitor currently owned by a thread: None

Heap address: 0x0000000700000000, size: 4096 MB, Compressed Oops mode: Zero based, Oop shift amount: 3

CDS archive(s) not mapped
Compressed class space mapped at: 0x0000000800000000-0x0000000840000000, reserved size: 1073741824
Narrow klass base: 0x0000000800000000, Narrow klass shift: 0, Narrow klass range: 0x40000000

GC Precious Log:
 CardTable entry size: 512
 Card Set container configuration: InlinePtr #cards 4 size 8 Array Of Cards #cards 16 size 48 Howl #buckets 8 coarsen threshold 3686 Howl Bitmap #cards 512 size 80 coarsen threshold 460 Card regions per heap region 1 cards per card region 4096
 CPUs: 12 total, 12 available
 Memory: 16016M
 Large Page Support: Disabled
 NUMA Support: Disabled
 Compressed Oops: Enabled (Zero based)
 Heap Region Size: 2M
 Heap Min Capacity: 8M
 Heap Initial Capacity: 252M
 Heap Max Capacity: 4G
 Pre-touch: Disabled
 Parallel Workers: 10
 Concurrent Workers: 3
 Concurrent Refinement Workers: 10
 Periodic GC: Disabled

Heap:
 garbage-first heap   total 88064K, used 61823K [0x0000000700000000, 0x0000000800000000)
  region size 2048K, 14 young (28672K), 3 survivors (6144K)
 Metaspace       used 66623K, committed 68288K, reserved 1114112K
  class space    used 9096K, committed 9920K, reserved 1048576K

Heap Regions: E=young(eden), S=young(survivor), O=old, HS=humongous(starts), HC=humongous(continues), CS=collection set, F=free, TAMS=top-at-mark-start, PB=parsable bottom
|   0|0x0000000700000000, 0x0000000700200000, 0x0000000700200000|100%|HS|  |TAMS 0x0000000700000000| PB 0x0000000700000000| Complete 
|   1|0x0000000700200000, 0x0000000700400000, 0x0000000700400000|100%|HC|  |TAMS 0x0000000700200000| PB 0x0000000700200000| Complete 
|   2|0x0000000700400000, 0x0000000700600000, 0x0000000700600000|100%| O|  |TAMS 0x0000000700400000| PB 0x0000000700400000| Untracked 
|   3|0x0000000700600000, 0x0000000700800000, 0x0000000700800000|100%| O|  |TAMS 0x0000000700600000| PB 0x0000000700600000| Untracked 
|   4|0x0000000700800000, 0x0000000700a00000, 0x0000000700a00000|100%| O|  |TAMS 0x0000000700800000| PB 0x0000000700800000| Untracked 
|   5|0x0000000700a00000, 0x0000000700c00000, 0x0000000700c00000|100%| O|  |TAMS 0x0000000700a00000| PB 0x0000000700a00000| Untracked 
|   6|0x0000000700c00000, 0x0000000700e00000, 0x0000000700e00000|100%| O|  |TAMS 0x0000000700c00000| PB 0x0000000700c00000| Untracked 
|   7|0x0000000700e00000, 0x0000000701000000, 0x0000000701000000|100%| O|  |TAMS 0x0000000700e00000| PB 0x0000000700e00000| Untracked 
|   8|0x0000000701000000, 0x0000000701200000, 0x0000000701200000|100%| O|  |TAMS 0x0000000701000000| PB 0x0000000701000000| Untracked 
|   9|0x0000000701200000, 0x0000000701400000, 0x0000000701400000|100%| O|  |TAMS 0x0000000701200000| PB 0x0000000701200000| Untracked 
|  10|0x0000000701400000, 0x0000000701600000, 0x0000000701600000|100%| O|  |TAMS 0x0000000701400000| PB 0x0000000701400000| Untracked 
|  11|0x0000000701600000, 0x0000000701600000, 0x0000000701800000|  0%| F|  |TAMS 0x0000000701600000| PB 0x0000000701600000| Untracked 
|  12|0x0000000701800000, 0x0000000701a00000, 0x0000000701a00000|100%| O|  |TAMS 0x0000000701800000| PB 0x0000000701800000| Untracked 
|  13|0x0000000701a00000, 0x0000000701c00000, 0x0000000701c00000|100%| O|  |TAMS 0x0000000701a00000| PB 0x0000000701a00000| Untracked 
|  14|0x0000000701c00000, 0x0000000701e00000, 0x0000000701e00000|100%| O|  |TAMS 0x0000000701c00000| PB 0x0000000701c00000| Untracked 
|  15|0x0000000701e00000, 0x0000000702000000, 0x0000000702000000|100%| O|  |TAMS 0x0000000701e00000| PB 0x0000000701e00000| Untracked 
|  16|0x0000000702000000, 0x0000000702200000, 0x0000000702200000|100%| O|  |TAMS 0x0000000702000000| PB 0x0000000702000000| Untracked 
|  17|0x0000000702200000, 0x0000000702400000, 0x0000000702400000|100%| O|  |TAMS 0x0000000702200000| PB 0x0000000702200000| Untracked 
|  18|0x0000000702400000, 0x0000000702600000, 0x0000000702600000|100%| O|  |TAMS 0x0000000702400000| PB 0x0000000702400000| Untracked 
|  19|0x0000000702600000, 0x0000000702600000, 0x0000000702800000|  0%| F|  |TAMS 0x0000000702600000| PB 0x0000000702600000| Untracked 
|  20|0x0000000702800000, 0x0000000702800000, 0x0000000702a00000|  0%| F|  |TAMS 0x0000000702800000| PB 0x0000000702800000| Untracked 
|  21|0x0000000702a00000, 0x0000000702a00000, 0x0000000702c00000|  0%| F|  |TAMS 0x0000000702a00000| PB 0x0000000702a00000| Untracked 
|  22|0x0000000702c00000, 0x0000000702c5fe40, 0x0000000702e00000| 18%| O|  |TAMS 0x0000000702c00000| PB 0x0000000702c00000| Untracked 
|  23|0x0000000702e00000, 0x0000000703000000, 0x0000000703000000|100%| S|CS|TAMS 0x0000000702e00000| PB 0x0000000702e00000| Complete 
|  24|0x0000000703000000, 0x0000000703200000, 0x0000000703200000|100%| S|CS|TAMS 0x0000000703000000| PB 0x0000000703000000| Complete 
|  25|0x0000000703200000, 0x0000000703400000, 0x0000000703400000|100%| S|CS|TAMS 0x0000000703200000| PB 0x0000000703200000| Complete 
|  26|0x0000000703400000, 0x0000000703400000, 0x0000000703600000|  0%| F|  |TAMS 0x0000000703400000| PB 0x0000000703400000| Untracked 
|  27|0x0000000703600000, 0x0000000703600000, 0x0000000703800000|  0%| F|  |TAMS 0x0000000703600000| PB 0x0000000703600000| Untracked 
|  28|0x0000000703800000, 0x0000000703800000, 0x0000000703a00000|  0%| F|  |TAMS 0x0000000703800000| PB 0x0000000703800000| Untracked 
|  29|0x0000000703a00000, 0x0000000703a00000, 0x0000000703c00000|  0%| F|  |TAMS 0x0000000703a00000| PB 0x0000000703a00000| Untracked 
|  30|0x0000000703c00000, 0x0000000703c00000, 0x0000000703e00000|  0%| F|  |TAMS 0x0000000703c00000| PB 0x0000000703c00000| Untracked 
|  31|0x0000000703e00000, 0x0000000703e00000, 0x0000000704000000|  0%| F|  |TAMS 0x0000000703e00000| PB 0x0000000703e00000| Untracked 
|  32|0x0000000704000000, 0x00000007041dd920, 0x0000000704200000| 93%| E|  |TAMS 0x0000000704000000| PB 0x0000000704000000| Complete 
|  33|0x0000000704200000, 0x0000000704400000, 0x0000000704400000|100%| E|CS|TAMS 0x0000000704200000| PB 0x0000000704200000| Complete 
|  34|0x0000000704400000, 0x0000000704600000, 0x0000000704600000|100%| E|CS|TAMS 0x0000000704400000| PB 0x0000000704400000| Complete 
|  35|0x0000000704600000, 0x0000000704800000, 0x0000000704800000|100%| E|CS|TAMS 0x0000000704600000| PB 0x0000000704600000| Complete 
|  36|0x0000000704800000, 0x0000000704a00000, 0x0000000704a00000|100%| E|CS|TAMS 0x0000000704800000| PB 0x0000000704800000| Complete 
| 114|0x000000070e400000, 0x000000070e600000, 0x000000070e600000|100%| E|CS|TAMS 0x000000070e400000| PB 0x000000070e400000| Complete 
| 115|0x000000070e600000, 0x000000070e800000, 0x000000070e800000|100%| E|CS|TAMS 0x000000070e600000| PB 0x000000070e600000| Complete 
| 116|0x000000070e800000, 0x000000070ea00000, 0x000000070ea00000|100%| E|CS|TAMS 0x000000070e800000| PB 0x000000070e800000| Complete 
| 117|0x000000070ea00000, 0x000000070ec00000, 0x000000070ec00000|100%| E|CS|TAMS 0x000000070ea00000| PB 0x000000070ea00000| Complete 
| 118|0x000000070ec00000, 0x000000070ee00000, 0x000000070ee00000|100%| E|CS|TAMS 0x000000070ec00000| PB 0x000000070ec00000| Complete 
| 125|0x000000070fa00000, 0x000000070fc00000, 0x000000070fc00000|100%| E|  |TAMS 0x000000070fa00000| PB 0x000000070fa00000| Complete 

Card table byte_map: [0x000002a9b7420000,0x000002a9b7c20000] _byte_map_base: 0x000002a9b3c20000

Marking Bits: (CMBitMap*) 0x000002a9a28b6430
 Bits: [0x000002a9b7c20000, 0x000002a9bbc20000)

Polling page: 0x000002a9a25f0000

Metaspace:

Usage:
  Non-class:     56.18 MB used.
      Class:      8.88 MB used.
       Both:     65.06 MB used.

Virtual space:
  Non-class space:       64.00 MB reserved,      57.00 MB ( 89%) committed,  1 nodes.
      Class space:        1.00 GB reserved,       9.69 MB ( <1%) committed,  1 nodes.
             Both:        1.06 GB reserved,      66.69 MB (  6%) committed. 

Chunk freelists:
   Non-Class:  6.11 MB
       Class:  6.27 MB
        Both:  12.38 MB

MaxMetaspaceSize: unlimited
CompressedClassSpaceSize: 1.00 GB
Initial GC threshold: 21.00 MB
Current GC threshold: 97.94 MB
CDS: off
 - commit_granule_bytes: 65536.
 - commit_granule_words: 8192.
 - virtual_space_node_default_size: 8388608.
 - enlarge_chunks_in_place: 1.
 - use_allocation_guard: 0.


Internal statistics:

num_allocs_failed_limit: 9.
num_arena_births: 3040.
num_arena_deaths: 0.
num_vsnodes_births: 2.
num_vsnodes_deaths: 0.
num_space_committed: 1067.
num_space_uncommitted: 0.
num_chunks_returned_to_freelist: 9.
num_chunks_taken_from_freelist: 5743.
num_chunk_merges: 9.
num_chunk_splits: 3731.
num_chunks_enlarged: 2303.
num_inconsistent_stats: 0.

CodeHeap 'non-profiled nmethods': size=120000Kb used=4127Kb max_used=4127Kb free=115872Kb
 bounds [0x000002a9aea50000, 0x000002a9aee60000, 0x000002a9b5f80000]
CodeHeap 'profiled nmethods': size=120000Kb used=13094Kb max_used=13094Kb free=106905Kb
 bounds [0x000002a9a6f80000, 0x000002a9a7c50000, 0x000002a9ae4b0000]
CodeHeap 'non-nmethods': size=5760Kb used=1983Kb max_used=2016Kb free=3777Kb
 bounds [0x000002a9ae4b0000, 0x000002a9ae720000, 0x000002a9aea50000]
 total_blobs=7688 nmethods=6934 adapters=658
 compilation: enabled
              stopped_count=0, restarted_count=0
 full_count=0

Compilation events (20 events):
Event: 24.715 Thread 0x000002a9beaf8960 nmethod 7468 0x000002a9a7c37c90 code [0x000002a9a7c37e40, 0x000002a9a7c38038]
Event: 24.715 Thread 0x000002a9beaf8960 7465       3       org.gradle.internal.snapshot.impl.DirectorySnapshotter$DefaultExcludes$$Lambda/0x000000080033e800::test (8 bytes)
Event: 24.715 Thread 0x000002a9beaf8960 nmethod 7465 0x000002a9a7c38110 code [0x000002a9a7c382c0, 0x000002a9a7c38520]
Event: 24.715 Thread 0x000002a9beaf8960 7466       3       org.gradle.internal.snapshot.impl.DirectorySnapshotter$DefaultExcludes$EndMatcher::test (9 bytes)
Event: 24.715 Thread 0x000002a9beaf8960 nmethod 7466 0x000002a9a7c38610 code [0x000002a9a7c38800, 0x000002a9a7c38d30]
Event: 24.715 Thread 0x000002a9beaf8960 7470       3       sun.nio.ch.Util::isBufferTooLarge (15 bytes)
Event: 24.716 Thread 0x000002a9beaf8960 nmethod 7470 0x000002a9a7c38f90 code [0x000002a9a7c39120, 0x000002a9a7c39270]
Event: 24.716 Thread 0x000002a9beaf8960 7467       1       org.gradle.internal.operations.DefaultBuildOperationRunner$CallableBuildOperationWorker::getReturnValue (5 bytes)
Event: 24.716 Thread 0x000002a9beaf8960 nmethod 7467 0x000002a9aee51c10 code [0x000002a9aee51da0, 0x000002a9aee51e70]
Event: 24.716 Thread 0x000002a9beaf8960 7471       3       com.google.common.cache.LocalCache$EntryFactory$2::copyEntry (21 bytes)
Event: 24.716 Thread 0x000002a9beaf8960 nmethod 7471 0x000002a9a7c39310 code [0x000002a9a7c394c0, 0x000002a9a7c396e8]
Event: 24.716 Thread 0x000002a9beaf8960 7472       3       com.google.common.cache.LocalCache$EntryFactory::copyAccessEntry (37 bytes)
Event: 24.716 Thread 0x000002a9beaf8960 nmethod 7472 0x000002a9a7c39810 code [0x000002a9a7c39a80, 0x000002a9a7c3a520]
Event: 24.716 Thread 0x000002a9beaf8960 7474       1       org.gradle.internal.snapshot.SnapshottingFilter$1::isEmpty (2 bytes)
Event: 24.716 Thread 0x000002a9beaf8960 nmethod 7474 0x000002a9aee51f10 code [0x000002a9aee520a0, 0x000002a9aee52168]
Event: 24.717 Thread 0x000002a9beaf8960 7475       3       org.gradle.internal.snapshot.SnapshotUtil$1::handleUnrelatedToAnyChild (5 bytes)
Event: 24.717 Thread 0x000002a9beaf8960 nmethod 7475 0x000002a9a7c3a810 code [0x000002a9a7c3a9c0, 0x000002a9a7c3acf8]
Event: 24.717 Thread 0x000002a9beaf8960 7476       3       org.gradle.internal.snapshot.SnapshotUtil$1::handleUnrelatedToAnyChild (13 bytes)
Event: 24.718 Thread 0x000002a9beaf8960 nmethod 7476 0x000002a9a7c3ae10 code [0x000002a9a7c3afc0, 0x000002a9a7c3b290]
Event: 24.719 Thread 0x000002a9beaf8960 7477       3       java.util.AbstractCollection::containsAll (38 bytes)

GC Heap History (20 events):
Event: 9.282 GC heap before
{Heap before GC invocations=5 (full 0):
 garbage-first heap   total 75776K, used 72303K [0x0000000700000000, 0x0000000800000000)
  region size 2048K, 31 young (63488K), 5 survivors (10240K)
 Metaspace       used 29548K, committed 30208K, reserved 1114112K
  class space    used 3776K, committed 4096K, reserved 1048576K
}
Event: 9.292 GC heap after
{Heap after GC invocations=6 (full 0):
 garbage-first heap   total 88064K, used 23614K [0x0000000700000000, 0x0000000800000000)
  region size 2048K, 6 young (12288K), 6 survivors (12288K)
 Metaspace       used 29548K, committed 30208K, reserved 1114112K
  class space    used 3776K, committed 4096K, reserved 1048576K
}
Event: 11.361 GC heap before
{Heap before GC invocations=6 (full 0):
 garbage-first heap   total 88064K, used 62526K [0x0000000700000000, 0x0000000800000000)
  region size 2048K, 25 young (51200K), 6 survivors (12288K)
 Metaspace       used 34794K, committed 35648K, reserved 1114112K
  class space    used 4637K, committed 5056K, reserved 1048576K
}
Event: 11.371 GC heap after
{Heap after GC invocations=7 (full 0):
 garbage-first heap   total 88064K, used 26419K [0x0000000700000000, 0x0000000800000000)
  region size 2048K, 3 young (6144K), 3 survivors (6144K)
 Metaspace       used 34794K, committed 35648K, reserved 1114112K
  class space    used 4637K, committed 5056K, reserved 1048576K
}
Event: 11.509 GC heap before
{Heap before GC invocations=7 (full 0):
 garbage-first heap   total 88064K, used 28467K [0x0000000700000000, 0x0000000800000000)
  region size 2048K, 5 young (10240K), 3 survivors (6144K)
 Metaspace       used 35130K, committed 35968K, reserved 1114112K
  class space    used 4704K, committed 5120K, reserved 1048576K
}
Event: 11.514 GC heap after
{Heap after GC invocations=8 (full 0):
 garbage-first heap   total 88064K, used 26602K [0x0000000700000000, 0x0000000800000000)
  region size 2048K, 2 young (4096K), 2 survivors (4096K)
 Metaspace       used 35130K, committed 35968K, reserved 1114112K
  class space    used 4704K, committed 5120K, reserved 1048576K
}
Event: 13.218 GC heap before
{Heap before GC invocations=9 (full 0):
 garbage-first heap   total 88064K, used 71658K [0x0000000700000000, 0x0000000800000000)
  region size 2048K, 24 young (49152K), 2 survivors (4096K)
 Metaspace       used 41508K, committed 42752K, reserved 1114112K
  class space    used 5640K, committed 6272K, reserved 1048576K
}
Event: 13.225 GC heap after
{Heap after GC invocations=10 (full 0):
 garbage-first heap   total 88064K, used 29383K [0x0000000700000000, 0x0000000800000000)
  region size 2048K, 3 young (6144K), 3 survivors (6144K)
 Metaspace       used 41508K, committed 42752K, reserved 1114112K
  class space    used 5640K, committed 6272K, reserved 1048576K
}
Event: 14.014 GC heap before
{Heap before GC invocations=10 (full 0):
 garbage-first heap   total 88064K, used 72391K [0x0000000700000000, 0x0000000800000000)
  region size 2048K, 25 young (51200K), 3 survivors (6144K)
 Metaspace       used 46578K, committed 47808K, reserved 1114112K
  class space    used 6227K, committed 6848K, reserved 1048576K
}
Event: 14.023 GC heap after
{Heap after GC invocations=11 (full 0):
 garbage-first heap   total 88064K, used 32642K [0x0000000700000000, 0x0000000800000000)
  region size 2048K, 4 young (8192K), 4 survivors (8192K)
 Metaspace       used 46578K, committed 47808K, reserved 1114112K
  class space    used 6227K, committed 6848K, reserved 1048576K
}
Event: 15.066 GC heap before
{Heap before GC invocations=11 (full 0):
 garbage-first heap   total 88064K, used 71554K [0x0000000700000000, 0x0000000800000000)
  region size 2048K, 23 young (47104K), 4 survivors (8192K)
 Metaspace       used 49616K, committed 51008K, reserved 1114112K
  class space    used 6723K, committed 7424K, reserved 1048576K
}
Event: 15.073 GC heap after
{Heap after GC invocations=12 (full 0):
 garbage-first heap   total 88064K, used 34786K [0x0000000700000000, 0x0000000800000000)
  region size 2048K, 2 young (4096K), 2 survivors (4096K)
 Metaspace       used 49616K, committed 51008K, reserved 1114112K
  class space    used 6723K, committed 7424K, reserved 1048576K
}
Event: 16.644 GC heap before
{Heap before GC invocations=12 (full 0):
 garbage-first heap   total 88064K, used 71650K [0x0000000700000000, 0x0000000800000000)
  region size 2048K, 21 young (43008K), 2 survivors (4096K)
 Metaspace       used 55510K, committed 57024K, reserved 1114112K
  class space    used 7468K, committed 8192K, reserved 1048576K
}
Event: 16.648 GC heap after
{Heap after GC invocations=13 (full 0):
 garbage-first heap   total 88064K, used 36040K [0x0000000700000000, 0x0000000800000000)
  region size 2048K, 2 young (4096K), 2 survivors (4096K)
 Metaspace       used 55510K, committed 57024K, reserved 1114112K
  class space    used 7468K, committed 8192K, reserved 1048576K
}
Event: 18.873 GC heap before
{Heap before GC invocations=13 (full 0):
 garbage-first heap   total 88064K, used 58568K [0x0000000700000000, 0x0000000800000000)
  region size 2048K, 14 young (28672K), 2 survivors (4096K)
 Metaspace       used 58646K, committed 60096K, reserved 1114112K
  class space    used 7915K, committed 8640K, reserved 1048576K
}
Event: 18.879 GC heap after
{Heap after GC invocations=14 (full 0):
 garbage-first heap   total 88064K, used 37085K [0x0000000700000000, 0x0000000800000000)
  region size 2048K, 2 young (4096K), 2 survivors (4096K)
 Metaspace       used 58646K, committed 60096K, reserved 1114112K
  class space    used 7915K, committed 8640K, reserved 1048576K
}
Event: 22.191 GC heap before
{Heap before GC invocations=15 (full 0):
 garbage-first heap   total 88064K, used 75997K [0x0000000700000000, 0x0000000800000000)
  region size 2048K, 21 young (43008K), 2 survivors (4096K)
 Metaspace       used 63311K, committed 65024K, reserved 1114112K
  class space    used 8675K, committed 9536K, reserved 1048576K
}
Event: 22.196 GC heap after
{Heap after GC invocations=16 (full 0):
 garbage-first heap   total 88064K, used 39412K [0x0000000700000000, 0x0000000800000000)
  region size 2048K, 3 young (6144K), 3 survivors (6144K)
 Metaspace       used 63311K, committed 65024K, reserved 1114112K
  class space    used 8675K, committed 9536K, reserved 1048576K
}
Event: 24.193 GC heap before
{Heap before GC invocations=16 (full 0):
 garbage-first heap   total 88064K, used 74228K [0x0000000700000000, 0x0000000800000000)
  region size 2048K, 20 young (40960K), 3 survivors (6144K)
 Metaspace       used 66004K, committed 67648K, reserved 1114112K
  class space    used 9006K, committed 9856K, reserved 1048576K
}
Event: 24.206 GC heap after
{Heap after GC invocations=17 (full 0):
 garbage-first heap   total 88064K, used 43391K [0x0000000700000000, 0x0000000800000000)
  region size 2048K, 3 young (6144K), 3 survivors (6144K)
 Metaspace       used 66004K, committed 67648K, reserved 1114112K
  class space    used 9006K, committed 9856K, reserved 1048576K
}

Dll operation events (3 events):
Event: 0.030 Loaded shared library C:\Program Files\Android\Android Studio\jbr\bin\java.dll
Event: 0.119 Loaded shared library C:\Program Files\Android\Android Studio\jbr\bin\zip.dll
Event: 1.322 Loaded shared library C:\Program Files\Android\Android Studio\jbr\bin\verify.dll

Deoptimization events (20 events):
Event: 24.300 Thread 0x000002a9bee54920 DEOPT PACKING pc=0x000002a9aec12958 sp=0x000000ed487f8130
Event: 24.300 Thread 0x000002a9bee54920 DEOPT UNPACKING pc=0x000002a9ae5046a2 sp=0x000000ed487f80d0 mode 2
Event: 24.478 Thread 0x000002a9bee54920 Uncommon trap: trap_request=0xffffff45 fr.pc=0x000002a9aec7fd08 relative=0x0000000000000228
Event: 24.478 Thread 0x000002a9bee54920 Uncommon trap: reason=unstable_if action=reinterpret pc=0x000002a9aec7fd08 method=org.gradle.internal.snapshot.PathUtil.equalChars(CCLorg/gradle/internal/snapshot/CaseSensitivity;)Z @ 11 c2
Event: 24.478 Thread 0x000002a9bee54920 DEOPT PACKING pc=0x000002a9aec7fd08 sp=0x000000ed487f3530
Event: 24.479 Thread 0x000002a9bee54920 DEOPT UNPACKING pc=0x000002a9ae5046a2 sp=0x000000ed487f34d0 mode 2
Event: 24.479 Thread 0x000002a9bee54920 Uncommon trap: trap_request=0xffffff45 fr.pc=0x000002a9aeda1688 relative=0x0000000000000068
Event: 24.479 Thread 0x000002a9bee54920 Uncommon trap: reason=unstable_if action=reinterpret pc=0x000002a9aeda1688 method=org.gradle.internal.snapshot.PathUtil.compareCharsIgnoringCase(CC)I @ 11 c2
Event: 24.479 Thread 0x000002a9bee54920 DEOPT PACKING pc=0x000002a9aeda1688 sp=0x000000ed487f32a0
Event: 24.479 Thread 0x000002a9bee54920 DEOPT UNPACKING pc=0x000002a9ae5046a2 sp=0x000000ed487f3240 mode 2
Event: 24.510 Thread 0x000002a9c93db960 Uncommon trap: trap_request=0xffffff54 fr.pc=0x000002a9aebb1e98 relative=0x0000000000005e38
Event: 24.510 Thread 0x000002a9c93db960 Uncommon trap: reason=speculate_null_assert action=make_not_entrant pc=0x000002a9aebb1e98 method=jdk.internal.util.ReferencedKeyMap.existingKey(Ljdk/internal/util/ReferencedKeyMap;Ljava/lang/Object;)Ljava/lang/Object; @ 18 c2
Event: 24.510 Thread 0x000002a9c93db960 DEOPT PACKING pc=0x000002a9aebb1e98 sp=0x000000ed4a6fd4e0
Event: 24.510 Thread 0x000002a9c93db960 DEOPT UNPACKING pc=0x000002a9ae5046a2 sp=0x000000ed4a6fd3c0 mode 2
Event: 24.516 Thread 0x000002a9bee54920 Uncommon trap: trap_request=0xffffff45 fr.pc=0x000002a9aee46278 relative=0x0000000000000818
Event: 24.516 Thread 0x000002a9bee54920 Uncommon trap: reason=unstable_if action=reinterpret pc=0x000002a9aee46278 method=org.gradle.internal.snapshot.VfsRelativePath.isPrefix(Ljava/lang/String;ILjava/lang/String;ILorg/gradle/internal/snapshot/CaseSensitivity;)Z @ 101 c2
Event: 24.516 Thread 0x000002a9bee54920 DEOPT PACKING pc=0x000002a9aee46278 sp=0x000000ed487f4240
Event: 24.516 Thread 0x000002a9bee54920 DEOPT UNPACKING pc=0x000002a9ae5046a2 sp=0x000000ed487f41c8 mode 2
Event: 24.583 Thread 0x000002a9c93d9f20 DEOPT PACKING pc=0x000002a9a74a21b1 sp=0x000000ed4abfd330
Event: 24.583 Thread 0x000002a9c93d9f20 DEOPT UNPACKING pc=0x000002a9ae504e42 sp=0x000000ed4abfc830 mode 0

Classes loaded (20 events):
Event: 22.745 Loading class jdk/internal/access/JavaObjectInputFilterAccess
Event: 22.745 Loading class jdk/internal/access/JavaObjectInputFilterAccess done
Event: 22.745 Loading class java/lang/System$Logger$Level
Event: 22.745 Loading class java/lang/System$Logger$Level done
Event: 22.746 Loading class jdk/internal/event/DeserializationEvent
Event: 22.746 Loading class jdk/internal/event/DeserializationEvent done
Event: 22.747 Loading class java/io/ObjectInputStream$FieldValues
Event: 22.747 Loading class java/io/ObjectInputStream$GetField
Event: 22.747 Loading class java/io/ObjectInputStream$GetField done
Event: 22.747 Loading class java/io/ObjectInputStream$FieldValues done
Event: 22.763 Loading class sun/reflect/ReflectionFactory
Event: 22.763 Loading class sun/reflect/ReflectionFactory done
Event: 22.763 Loading class sun/reflect/ReflectionFactory$1
Event: 22.763 Loading class sun/reflect/ReflectionFactory$1 done
Event: 23.843 Loading class java/util/Collections$ReverseComparator
Event: 23.844 Loading class java/util/Collections$ReverseComparator done
Event: 23.844 Loading class java/util/Collections$ReverseComparator2
Event: 23.844 Loading class java/util/Collections$ReverseComparator2 done
Event: 24.068 Loading class java/util/LinkedList$LLSpliterator
Event: 24.068 Loading class java/util/LinkedList$LLSpliterator done

Classes unloaded (0 events):
No events

Classes redefined (0 events):
No events

Internal exceptions (20 events):
Event: 21.408 Thread 0x000002a9bee54920 Implicit null exception at 0x000002a9aed31ece to 0x000002a9aed32210
Event: 21.630 Thread 0x000002a9bee54920 Exception <a 'java/lang/NoSuchMethodError'{0x00000007030dc280}: 'java.lang.Object java.lang.invoke.DirectMethodHandle$Holder.invokeInterface(java.lang.Object, java.lang.Object, int)'> (0x00000007030dc280) 
thrown [s\src\hotspot\share\interpreter\linkResolver.cpp, line 784]
Event: 22.161 Thread 0x000002a9bee54920 Exception <a 'java/lang/NoSuchMethodError'{0x0000000702d1fc00}: 'java.lang.Object java.lang.invoke.DirectMethodHandle$Holder.invokeVirtual(java.lang.Object, java.lang.Object, java.lang.Object, java.lang.Object, java.lang.Object, java.lang.Object, java.lang.Object, java.lang.Object, java.lang.Object, java.lang.Object, java.lang.Object, java.lang.Object, java.lang.Object, java.lang.Object, java.lang.Object, java.lang.Object, java.lang.Object)'> (0x0000000702d1fc00) 
thrown [s\src\hotspot\share\interpreter\li
Event: 22.162 Thread 0x000002a9bee54920 Exception <a 'java/lang/NoSuchMethodError'{0x0000000702d25ad0}: 'java.lang.Object java.lang.invoke.DirectMethodHandle$Holder.invokeSpecial(java.lang.Object, java.lang.Object, java.lang.Object, java.lang.Object, java.lang.Object, java.lang.Object, java.lang.Object, java.lang.Object, java.lang.Object, java.lang.Object, java.lang.Object, java.lang.Object, java.lang.Object, java.lang.Object, java.lang.Object, java.lang.Object, java.lang.Object, java.lang.Object)'> (0x0000000702d25ad0) 
thrown [s\src\hotspot\sh
Event: 22.163 Thread 0x000002a9bee54920 Exception <a 'java/lang/NoSuchMethodError'{0x0000000702d2b028}: 'java.lang.Object java.lang.invoke.DelegatingMethodHandle$Holder.reinvoke_L(java.lang.Object, java.lang.Object, java.lang.Object, java.lang.Object, java.lang.Object, java.lang.Object, java.lang.Object, java.lang.Object, java.lang.Object, java.lang.Object, java.lang.Object, java.lang.Object, java.lang.Object, java.lang.Object, java.lang.Object, java.lang.Object, java.lang.Object)'> (0x0000000702d2b028) 
thrown [s\src\hotspot\share\interpreter\l
Event: 22.184 Thread 0x000002a9bee54920 Exception <a 'java/lang/NoSuchMethodError'{0x0000000702de0798}: 'void java.lang.invoke.DirectMethodHandle$Holder.invokeStatic(java.lang.Object, java.lang.Object, java.lang.Object, java.lang.Object, java.lang.Object, java.lang.Object)'> (0x0000000702de0798) 
thrown [s\src\hotspot\share\interpreter\linkResolver.cpp, line 784]
Event: 22.668 Thread 0x000002a9bee54920 Exception <a 'java/lang/NoSuchMethodError'{0x000000070e8ef798}: static Lorg/gradle/api/internal/catalog/DefaultVersionCatalog;.<clinit>()V> (0x000000070e8ef798) 
thrown [s\src\hotspot\share\prims\jni.cpp, line 1135]
Event: 22.679 Thread 0x000002a9bee54920 Exception <a 'java/lang/NoSuchMethodError'{0x000000070e940418}: static [Ljava/lang/Object;.<clinit>()V> (0x000000070e940418) 
thrown [s\src\hotspot\share\prims\jni.cpp, line 1135]
Event: 22.689 Thread 0x000002a9bee54920 Exception <a 'java/lang/NoSuchMethodError'{0x000000070e968600}: static Lorg/gradle/api/internal/catalog/DependencyModel;.<clinit>()V> (0x000000070e968600) 
thrown [s\src\hotspot\share\prims\jni.cpp, line 1135]
Event: 22.689 Thread 0x000002a9bee54920 Exception <a 'java/lang/NoSuchMethodError'{0x000000070e96ca80}: static Lorg/gradle/api/internal/catalog/AbstractContextAwareModel;.<clinit>()V> (0x000000070e96ca80) 
thrown [s\src\hotspot\share\prims\jni.cpp, line 1135]
Event: 22.693 Thread 0x000002a9bee54920 Exception <a 'java/lang/NoSuchMethodError'{0x000000070e985b60}: static Lorg/gradle/api/internal/artifacts/dependencies/AbstractVersionConstraint;.<clinit>()V> (0x000000070e985b60) 
thrown [s\src\hotspot\share\prims\jni.cpp, line 1135]
Event: 22.714 Thread 0x000002a9bee54920 Exception <a 'java/lang/NoSuchMethodError'{0x000000070e9e9d20}: static Lorg/gradle/api/internal/catalog/PluginModel;.<clinit>()V> (0x000000070e9e9d20) 
thrown [s\src\hotspot\share\prims\jni.cpp, line 1135]
Event: 22.721 Thread 0x000002a9bee54920 Exception <a 'java/lang/NoSuchMethodError'{0x000000070e602fb8}: static Lorg/gradle/api/internal/catalog/VersionModel;.<clinit>()V> (0x000000070e602fb8) 
thrown [s\src\hotspot\share\prims\jni.cpp, line 1135]
Event: 22.732 Thread 0x000002a9bee54920 Exception <a 'java/lang/NoSuchMethodError'{0x000000070e625f70}: 'void java.lang.invoke.DirectMethodHandle$Holder.invokeSpecial(java.lang.Object, java.lang.Object, java.lang.Object, int)'> (0x000000070e625f70) 
thrown [s\src\hotspot\share\interpreter\linkResolver.cpp, line 784]
Event: 23.008 Thread 0x000002a9bee54920 Exception <a 'java/lang/NoSuchMethodError'{0x00000007048f9db0}: 'int java.lang.invoke.DirectMethodHandle$Holder.invokeSpecialIFC(java.lang.Object, java.lang.Object, java.lang.Object)'> (0x00000007048f9db0) 
thrown [s\src\hotspot\share\interpreter\linkResolver.cpp, line 784]
Event: 23.142 Thread 0x000002a9bee54920 Exception <a 'java/lang/NoSuchMethodError'{0x00000007044a7ff0}: 'java.lang.Object java.lang.invoke.DirectMethodHandle$Holder.invokeSpecial(java.lang.Object, java.lang.Object, java.lang.Object, java.lang.Object, java.lang.Object, long)'> (0x00000007044a7ff0) 
thrown [s\src\hotspot\share\interpreter\linkResolver.cpp, line 784]
Event: 23.146 Thread 0x000002a9bee54920 Exception <a 'java/lang/NoSuchMethodError'{0x00000007044c7aa8}: 'void java.lang.invoke.DirectMethodHandle$Holder.invokeStatic(java.lang.Object, java.lang.Object, java.lang.Object, int, java.lang.Object)'> (0x00000007044c7aa8) 
thrown [s\src\hotspot\share\interpreter\linkResolver.cpp, line 784]
Event: 24.071 Thread 0x000002a9bee54920 Exception <a 'java/lang/IncompatibleClassChangeError'{0x000000070364fbf0}: Found class java.lang.Object, but interface was expected> (0x000000070364fbf0) 
thrown [s\src\hotspot\share\interpreter\linkResolver.cpp, line 851]
Event: 24.360 Thread 0x000002a9bee54920 Exception <a 'java/lang/NoSuchMethodError'{0x000000070eabc9f8}: 'java.lang.Object java.lang.invoke.DirectMethodHandle$Holder.newInvokeSpecial(java.lang.Object, java.lang.Object, java.lang.Object, java.lang.Object, int, java.lang.Object)'> (0x000000070eabc9f8) 
thrown [s\src\hotspot\share\interpreter\linkResolver.cpp, line 784]
Event: 24.362 Thread 0x000002a9bee54920 Exception <a 'java/lang/NoSuchMethodError'{0x000000070eac52a8}: 'java.lang.Object java.lang.invoke.Invokers$Holder.linkToTargetMethod(java.lang.Object, java.lang.Object, java.lang.Object, int, java.lang.Object, java.lang.Object)'> (0x000000070eac52a8) 
thrown [s\src\hotspot\share\interpreter\linkResolver.cpp, line 784]

ZGC Phase Switch (0 events):
No events

VM Operations (20 events):
Event: 20.112 Executing VM operation: HandshakeAllThreads (Deoptimize)
Event: 20.113 Executing VM operation: HandshakeAllThreads (Deoptimize) done
Event: 21.119 Executing VM operation: Cleanup
Event: 21.120 Executing VM operation: Cleanup done
Event: 22.125 Executing VM operation: Cleanup
Event: 22.125 Executing VM operation: Cleanup done
Event: 22.191 Executing VM operation: G1CollectForAllocation (G1 Evacuation Pause)
Event: 22.196 Executing VM operation: G1CollectForAllocation (G1 Evacuation Pause) done
Event: 23.016 Executing VM operation: HandshakeAllThreads (Deoptimize)
Event: 23.016 Executing VM operation: HandshakeAllThreads (Deoptimize) done
Event: 23.275 Executing VM operation: ICBufferFull
Event: 23.275 Executing VM operation: ICBufferFull done
Event: 23.673 Executing VM operation: ICBufferFull
Event: 23.673 Executing VM operation: ICBufferFull done
Event: 23.917 Executing VM operation: HandshakeAllThreads (Deoptimize)
Event: 23.918 Executing VM operation: HandshakeAllThreads (Deoptimize) done
Event: 24.182 Executing VM operation: G1CollectForAllocation (G1 Evacuation Pause)
Event: 24.206 Executing VM operation: G1CollectForAllocation (G1 Evacuation Pause) done
Event: 24.609 Executing VM operation: ICBufferFull
Event: 24.609 Executing VM operation: ICBufferFull done

Memory protections (0 events):
No events

Nmethod flushes (20 events):
Event: 18.925 Thread 0x000002a9be91e7a0 flushing  nmethod 0x000002a9a7473090
Event: 18.925 Thread 0x000002a9be91e7a0 flushing  nmethod 0x000002a9a7475b90
Event: 18.925 Thread 0x000002a9be91e7a0 flushing  nmethod 0x000002a9aeaff510
Event: 18.925 Thread 0x000002a9be91e7a0 flushing  nmethod 0x000002a9aeb65d90
Event: 18.925 Thread 0x000002a9be91e7a0 flushing  nmethod 0x000002a9a6fe7390
Event: 18.925 Thread 0x000002a9be91e7a0 flushing  nmethod 0x000002a9a6fe9a90
Event: 18.925 Thread 0x000002a9be91e7a0 flushing  nmethod 0x000002a9a6feac90
Event: 18.925 Thread 0x000002a9be91e7a0 flushing  nmethod 0x000002a9a70c6b10
Event: 18.925 Thread 0x000002a9be91e7a0 flushing  nmethod 0x000002a9a7111310
Event: 18.925 Thread 0x000002a9be91e7a0 flushing  nmethod 0x000002a9a7115290
Event: 18.925 Thread 0x000002a9be91e7a0 flushing  nmethod 0x000002a9a7116010
Event: 18.925 Thread 0x000002a9be91e7a0 flushing  nmethod 0x000002a9a7117a90
Event: 18.925 Thread 0x000002a9be91e7a0 flushing  nmethod 0x000002a9a7119810
Event: 18.925 Thread 0x000002a9be91e7a0 flushing  nmethod 0x000002a9a7152b90
Event: 18.925 Thread 0x000002a9be91e7a0 flushing  nmethod 0x000002a9a7154410
Event: 18.925 Thread 0x000002a9be91e7a0 flushing  nmethod 0x000002a9a7155490
Event: 18.925 Thread 0x000002a9be91e7a0 flushing  nmethod 0x000002a9a728b310
Event: 18.925 Thread 0x000002a9be91e7a0 flushing  nmethod 0x000002a9a734df90
Event: 18.925 Thread 0x000002a9be91e7a0 flushing  nmethod 0x000002a9a734f110
Event: 18.925 Thread 0x000002a9be91e7a0 flushing  nmethod 0x000002a9a7494a10

Events (20 events):
Event: 24.146 Thread 0x000002a9bee54920 Thread added: 0x000002a9c4f205d0
Event: 24.147 Thread 0x000002a9bee54920 Thread added: 0x000002a9c4f20c60
Event: 24.147 Thread 0x000002a9bee54920 Thread added: 0x000002a9c4f212f0
Event: 24.147 Thread 0x000002a9bee54920 Thread added: 0x000002a9c93d9890
Event: 24.147 Thread 0x000002a9bee54920 Thread added: 0x000002a9c93d84e0
Event: 24.148 Thread 0x000002a9bee54920 Thread added: 0x000002a9c93da5b0
Event: 24.148 Thread 0x000002a9bee54920 Thread added: 0x000002a9c93db2d0
Event: 24.465 Thread 0x000002a9bee54920 Thread added: 0x000002a9c93dbff0
Event: 24.468 Thread 0x000002a9bee54920 Thread added: 0x000002a9c93d8b70
Event: 24.472 Thread 0x000002a9bee54920 Thread added: 0x000002a9c93dc680
Event: 24.480 Thread 0x000002a9bee54920 Thread added: 0x000002a9c93db960
Event: 24.484 Thread 0x000002a9bee54920 Thread added: 0x000002a9c93dac40
Event: 24.491 Thread 0x000002a9bee54920 Thread added: 0x000002a9c93d9200
Event: 24.495 Thread 0x000002a9bee54920 Thread added: 0x000002a9c93dcd10
Event: 24.498 Thread 0x000002a9bee54920 Thread added: 0x000002a9c93dd3a0
Event: 24.502 Thread 0x000002a9bee54920 Thread added: 0x000002a9c93d9f20
Event: 24.510 Thread 0x000002a9bee54920 Thread added: 0x000002a9c93dfb00
Event: 24.513 Thread 0x000002a9beaf8960 Thread added: 0x000002a9c68114a0
Event: 24.516 Thread 0x000002a9bee54920 Thread added: 0x000002a9c93de0c0
Event: 24.680 Thread 0x000002a9beaf8960 Thread added: 0x000002a9c77bb310


Dynamic libraries:
0x00007ff65e950000 - 0x00007ff65e95a000 	C:\Program Files\Android\Android Studio\jbr\bin\java.exe
0x00007ffc036c0000 - 0x00007ffc03927000 	C:\WINDOWS\SYSTEM32\ntdll.dll
0x00007ffc026c0000 - 0x00007ffc02789000 	C:\WINDOWS\System32\KERNEL32.DLL
0x00007ffc01060000 - 0x00007ffc0144f000 	C:\WINDOWS\System32\KERNELBASE.dll
0x00007ffc00f10000 - 0x00007ffc0105b000 	C:\WINDOWS\System32\ucrtbase.dll
0x00007ffb97390000 - 0x00007ffb973a8000 	C:\Program Files\Android\Android Studio\jbr\bin\jli.dll
0x00007ffc032e0000 - 0x00007ffc034a5000 	C:\WINDOWS\System32\USER32.dll
0x00007ffc008a0000 - 0x00007ffc008c7000 	C:\WINDOWS\System32\win32u.dll
0x00007ffc034b0000 - 0x00007ffc034db000 	C:\WINDOWS\System32\GDI32.dll
0x00007ffc00bc0000 - 0x00007ffc00cec000 	C:\WINDOWS\System32\gdi32full.dll
0x00007ffc00e60000 - 0x00007ffc00f03000 	C:\WINDOWS\System32\msvcp_win.dll
0x00007ffbc8d70000 - 0x00007ffbc8d8b000 	C:\Program Files\Android\Android Studio\jbr\bin\VCRUNTIME140.dll
0x00007ffbdd1f0000 - 0x00007ffbdd483000 	C:\WINDOWS\WinSxS\amd64_microsoft.windows.common-controls_6595b64144ccf1df_6.0.26100.7309_none_3e05feeae336a044\COMCTL32.dll
0x00007ffc01d20000 - 0x00007ffc01dc9000 	C:\WINDOWS\System32\msvcrt.dll
0x00007ffc031e0000 - 0x00007ffc03211000 	C:\WINDOWS\System32\IMM32.DLL
0x00007ffbf7980000 - 0x00007ffbf798c000 	C:\Program Files\Android\Android Studio\jbr\bin\vcruntime140_1.dll
0x00007ffb52100000 - 0x00007ffb5218d000 	C:\Program Files\Android\Android Studio\jbr\bin\msvcp140.dll
0x00007ffb365a0000 - 0x00007ffb37223000 	C:\Program Files\Android\Android Studio\jbr\bin\server\jvm.dll
0x00007ffc03220000 - 0x00007ffc032d4000 	C:\WINDOWS\System32\ADVAPI32.dll
0x00007ffc01f20000 - 0x00007ffc01fc6000 	C:\WINDOWS\System32\sechost.dll
0x00007ffc01c00000 - 0x00007ffc01d18000 	C:\WINDOWS\System32\RPCRT4.dll
0x00007ffc02970000 - 0x00007ffc029e4000 	C:\WINDOWS\System32\WS2_32.dll
0x00007ffc00670000 - 0x00007ffc006ce000 	C:\WINDOWS\SYSTEM32\POWRPROF.dll
0x00007ffbfae20000 - 0x00007ffbfae55000 	C:\WINDOWS\SYSTEM32\WINMM.dll
0x00007ffbf0de0000 - 0x00007ffbf0deb000 	C:\WINDOWS\SYSTEM32\VERSION.dll
0x00007ffc00650000 - 0x00007ffc00664000 	C:\WINDOWS\SYSTEM32\UMPDC.dll
0x00007ffbff580000 - 0x00007ffbff59b000 	C:\WINDOWS\SYSTEM32\kernel.appcore.dll
0x00007ffbed340000 - 0x00007ffbed34a000 	C:\Program Files\Android\Android Studio\jbr\bin\jimage.dll
0x00007ffbfe100000 - 0x00007ffbfe342000 	C:\WINDOWS\SYSTEM32\DBGHELP.DLL
0x00007ffc015d0000 - 0x00007ffc01955000 	C:\WINDOWS\System32\combase.dll
0x00007ffc024c0000 - 0x00007ffc02596000 	C:\WINDOWS\System32\OLEAUT32.dll
0x00007ffbdddf0000 - 0x00007ffbdde2c000 	C:\WINDOWS\SYSTEM32\dbgcore.DLL
0x00007ffc008d0000 - 0x00007ffc00975000 	C:\WINDOWS\System32\bcryptPrimitives.dll
0x00007ffbc0bb0000 - 0x00007ffbc0bbe000 	C:\Program Files\Android\Android Studio\jbr\bin\instrument.dll
0x00007ffbb5f60000 - 0x00007ffbb5f80000 	C:\Program Files\Android\Android Studio\jbr\bin\java.dll
0x00007ffbb5f40000 - 0x00007ffbb5f58000 	C:\Program Files\Android\Android Studio\jbr\bin\zip.dll
0x00007ffc02a80000 - 0x00007ffc031d3000 	C:\WINDOWS\System32\SHELL32.dll
0x00007ffc00cf0000 - 0x00007ffc00e5a000 	C:\WINDOWS\System32\wintypes.dll
0x00007ffbfe3d0000 - 0x00007ffbfec2e000 	C:\WINDOWS\SYSTEM32\windows.storage.dll
0x00007ffc025a0000 - 0x00007ffc02695000 	C:\WINDOWS\System32\SHCORE.dll
0x00007ffc019f0000 - 0x00007ffc01a56000 	C:\WINDOWS\System32\shlwapi.dll
0x00007ffc00730000 - 0x00007ffc00759000 	C:\WINDOWS\SYSTEM32\profapi.dll
0x00007ffbecdc0000 - 0x00007ffbecdd0000 	C:\Program Files\Android\Android Studio\jbr\bin\net.dll
0x00007ffbfa8b0000 - 0x00007ffbfa9d8000 	C:\WINDOWS\SYSTEM32\WINHTTP.dll
0x00007ffbffad0000 - 0x00007ffbffb3b000 	C:\WINDOWS\system32\mswsock.dll
0x00007ffba69a0000 - 0x00007ffba69b6000 	C:\Program Files\Android\Android Studio\jbr\bin\nio.dll
0x00007ffbfd240000 - 0x00007ffbfd250000 	C:\Program Files\Android\Android Studio\jbr\bin\verify.dll
0x00007ffba27d0000 - 0x00007ffba27f7000 	D:\.gradle\native\c067742578af261105cb4f569cf0c3c89f3d7b1fecec35dd04571415982c5e48\windows-amd64\native-platform.dll
0x00007ffb65fd0000 - 0x00007ffb66114000 	D:\.gradle\native\100fb08df4bc3b14c8652ba06237920a3bd2aa13389f12d3474272988ae205f9\windows-amd64\native-platform-file-events.dll
0x00007ffbddf60000 - 0x00007ffbddf69000 	C:\Program Files\Android\Android Studio\jbr\bin\management.dll
0x00007ffbcd900000 - 0x00007ffbcd90b000 	C:\Program Files\Android\Android Studio\jbr\bin\management_ext.dll
0x00007ffc01b60000 - 0x00007ffc01b68000 	C:\WINDOWS\System32\PSAPI.DLL
0x00007ffbffec0000 - 0x00007ffbffedb000 	C:\WINDOWS\SYSTEM32\CRYPTSP.dll
0x00007ffbff4e0000 - 0x00007ffbff51a000 	C:\WINDOWS\system32\rsaenh.dll
0x00007ffbffb80000 - 0x00007ffbffbab000 	C:\WINDOWS\SYSTEM32\USERENV.dll
0x00007ffc00700000 - 0x00007ffc0072a000 	C:\WINDOWS\SYSTEM32\bcrypt.dll
0x00007ffbffd20000 - 0x00007ffbffd2c000 	C:\WINDOWS\SYSTEM32\CRYPTBASE.dll
0x00007ffbfef70000 - 0x00007ffbfefa4000 	C:\WINDOWS\SYSTEM32\IPHLPAPI.DLL
0x00007ffc019e0000 - 0x00007ffc019ea000 	C:\WINDOWS\System32\NSI.dll
0x00007ffbec650000 - 0x00007ffbec659000 	C:\Program Files\Android\Android Studio\jbr\bin\extnet.dll
0x00007ffbe5f20000 - 0x00007ffbe5f28000 	C:\WINDOWS\system32\wshunix.dll

dbghelp: loaded successfully - version: 4.0.5 - missing functions: none
symbol engine: initialized successfully - sym options: 0x614 - pdb path: .;C:\Program Files\Android\Android Studio\jbr\bin;C:\WINDOWS\SYSTEM32;C:\WINDOWS\WinSxS\amd64_microsoft.windows.common-controls_6595b64144ccf1df_6.0.26100.7309_none_3e05feeae336a044;C:\Program Files\Android\Android Studio\jbr\bin\server;D:\.gradle\native\c067742578af261105cb4f569cf0c3c89f3d7b1fecec35dd04571415982c5e48\windows-amd64;D:\.gradle\native\100fb08df4bc3b14c8652ba06237920a3bd2aa13389f12d3474272988ae205f9\windows-amd64

VM Arguments:
jvm_args: --add-opens=java.base/java.util=ALL-UNNAMED --add-opens=java.base/java.lang=ALL-UNNAMED --add-opens=java.base/java.lang.invoke=ALL-UNNAMED --add-opens=java.prefs/java.util.prefs=ALL-UNNAMED --add-exports=jdk.compiler/com.sun.tools.javac.api=ALL-UNNAMED --add-exports=jdk.compiler/com.sun.tools.javac.util=ALL-UNNAMED --add-opens=java.base/java.nio.charset=ALL-UNNAMED --add-opens=java.base/java.net=ALL-UNNAMED --add-opens=java.base/java.util.concurrent.atomic=ALL-UNNAMED -Xmx4096m -Dfile.encoding=UTF-8 -Duser.country=US -Duser.language=en -Duser.variant -javaagent:D:\.gradle\wrapper\dists\gradle-8.10.2-bin\a04bxjujx95o3nb99gddekhwo\gradle-8.10.2\lib\agents\gradle-instrumentation-agent-8.10.2.jar 
java_command: org.gradle.launcher.daemon.bootstrap.GradleDaemon 8.10.2
java_class_path (initial): D:\.gradle\wrapper\dists\gradle-8.10.2-bin\a04bxjujx95o3nb99gddekhwo\gradle-8.10.2\lib\gradle-daemon-main-8.10.2.jar
Launcher Type: SUN_STANDARD

[Global flags]
     intx CICompilerCount                          = 4                                         {product} {ergonomic}
     uint ConcGCThreads                            = 3                                         {product} {ergonomic}
     uint G1ConcRefinementThreads                  = 10                                        {product} {ergonomic}
   size_t G1HeapRegionSize                         = 2097152                                   {product} {ergonomic}
    uintx GCDrainStackTargetSize                   = 64                                        {product} {ergonomic}
   size_t InitialHeapSize                          = 264241152                                 {product} {ergonomic}
   size_t MarkStackSize                            = 4194304                                   {product} {ergonomic}
   size_t MaxHeapSize                              = 4294967296                                {product} {command line}
   size_t MaxNewSize                               = 2575302656                                {product} {ergonomic}
   size_t MinHeapDeltaBytes                        = 2097152                                   {product} {ergonomic}
   size_t MinHeapSize                              = 8388608                                   {product} {ergonomic}
    uintx NonNMethodCodeHeapSize                   = 5839372                                {pd product} {ergonomic}
    uintx NonProfiledCodeHeapSize                  = 122909434                              {pd product} {ergonomic}
    uintx ProfiledCodeHeapSize                     = 122909434                              {pd product} {ergonomic}
    uintx ReservedCodeCacheSize                    = 251658240                              {pd product} {ergonomic}
     bool SegmentedCodeCache                       = true                                      {product} {ergonomic}
   size_t SoftMaxHeapSize                          = 4294967296                             {manageable} {ergonomic}
     bool UseCompressedOops                        = true                           {product lp64_product} {ergonomic}
     bool UseG1GC                                  = true                                      {product} {ergonomic}
     bool UseLargePagesIndividualAllocation        = false                                  {pd product} {ergonomic}

Logging:
Log output configuration:
 #0: stdout all=warning uptime,level,tags foldmultilines=false
 #1: stderr all=off uptime,level,tags foldmultilines=false

Environment Variables:
JAVA_HOME=C:\Program Files\Java\jdk-21
PATH=C:\oracle\dbhomeFree\bin;C:\app\HP\product\23ai\dbhomeFree\bin;C:\Program Files\Common Files\Oracle\Java\javapath;C:\Program Files (x86)\Common Files\Oracle\Java\java8path;C:\Program Files (x86)\Common Files\Oracle\Java\javapath;C:\WINDOWS\system32;C:\WINDOWS;C:\WINDOWS\System32\Wbem;C:\WINDOWS\System32\WindowsPowerShell\v1.0\;C:\WINDOWS\System32\OpenSSH\;C:\Program Files (x86)\Microsoft SQL Server\160\Tools\Binn\;C:\Program Files\Microsoft SQL Server\160\Tools\Binn\;C:\Program Files\Microsoft SQL Server\Client SDK\ODBC\170\Tools\Binn\;C:\Program Files\Microsoft SQL Server\160\DTS\Binn\;C:\Program Files (x86)\Microsoft SQL Server\160\DTS\Binn\;C:\Program Files\Azure Data Studio\bin;C:\Program Files\Java\jdk-21\bin;C:\Program Files\Microsoft SQL Server\150\Tools\Binn\;C:\Program Files\nodejs;C:\ProgramData\chocolatey\bin;C:\Program Files\nodejs\;C:\sqlite;C:\Program Files\Git\cmd;C:\Program Files\TortoiseGit\bin;C:\Program Files\dotnet\;C:\Users\HP\AppData\Local\Programs\Python\Python313\Scripts\;C:\Users\HP\AppData\Local\Programs\Python\Python313\;C:\Users\HP\AppData\Local\Programs\Python\Launcher\;C:\Users\HP\AppData\Local\Microsoft\WindowsApps;C:\Program Files\Azure Data Studio\bin;C:\Program Files\JetBrains\IntelliJ IDEA Community Edition 2023.2.5\bin;C:\Users\HP\AppData\Local\Programs\Microsoft VS Code\bin;C:\Program Files\JetBrains\IntelliJ IDEA 2024.3.1.1\bin;C:\Users\HP\.dotnet\tools;C:\Users\HP\AppData\Roaming\npm;C:\Users\HP\AppData\Local\Programs\mongosh\;D:\software\flutter_windows_3.38.0-stable (1)\flutter\bin;D:\software\flutter_3.38.0\flutter\bin;D:\software\flutter_windows_3.35.7-stable\flutter\bin;C:\Users\HP\.dotnet\tools
USERNAME=HP
OS=Windows_NT
PROCESSOR_IDENTIFIER=Intel64 Family 6 Model 154 Stepping 4, GenuineIntel
TMP=C:\Users\HP\AppData\Local\Temp
TEMP=C:\Users\HP\AppData\Local\Temp




Periodic native trim disabled

JNI global refs:
JNI global refs: 27, weak refs: 0

JNI global refs memory usage: 835, weak refs: 833

Process memory usage:
Resident Set Size: 322376K (1% of 16400712K total physical memory with 625032K free physical memory)

OOME stack traces (most recent first):
Classloader memory used:
Loader org.gradle.internal.classloader.VisitableURLClassLoader                         : 33221K
Loader bootstrap                                                                       : 22804K
Loader org.gradle.initialization.MixInLegacyTypesClassLoader                           : 9448K
Loader jdk.internal.loader.ClassLoaders$PlatformClassLoader                            : 497K
Loader org.gradle.internal.classloader.VisitableURLClassLoader                         : 353K
Loader jdk.internal.loader.ClassLoaders$AppClassLoader                                 : 234K
Loader jdk.internal.reflect.DelegatingClassLoader                                      : 75336B

Classes loaded by more than one classloader:
Class Program                                                                         : loaded 3 times (x 68B)
Class org.gradle.internal.classloader.ClassLoaderHierarchy                            : loaded 2 times (x 66B)
Class org.gradle.api.internal.classpath.ManifestUtil                                  : loaded 2 times (x 67B)
Class org.gradle.internal.classloader.DefaultClassLoaderFactory                       : loaded 2 times (x 78B)
Class org.gradle.internal.classloader.ClassLoaderVisitor                              : loaded 2 times (x 72B)
Class org.gradle.api.internal.classpath.EffectiveClassPath                            : loaded 2 times (x 86B)
Class org.gradle.api.internal.DefaultClassPathProvider                                : loaded 2 times (x 72B)
Class [Lorg.gradle.api.internal.ClassPathProvider;                                    : loaded 2 times (x 65B)
Class org.gradle.api.internal.ClassPathProvider                                       : loaded 2 times (x 66B)
Class org.gradle.internal.service.UnknownServiceException                             : loaded 2 times (x 79B)
Class org.gradle.internal.classpath.TransformedClassPath                              : loaded 2 times (x 92B)
Class org.gradle.internal.classloader.InstrumentingClassLoader                        : loaded 2 times (x 66B)
Class org.gradle.internal.service.ServiceLocator                                      : loaded 2 times (x 66B)
Class org.gradle.internal.InternalTransformer                                         : loaded 2 times (x 66B)
Class org.gradle.internal.classloader.ClasspathUtil$1                                 : loaded 2 times (x 72B)
Class org.gradle.api.internal.classpath.DefaultModuleRegistry$DefaultModule           : loaded 2 times (x 82B)
Class org.gradle.api.internal.classpath.Module                                        : loaded 2 times (x 66B)
Class org.gradle.api.internal.classpath.UnknownModuleException                        : loaded 2 times (x 78B)
Class org.gradle.api.internal.DefaultClassPathRegistry                                : loaded 2 times (x 72B)
Class org.gradle.api.internal.ClassPathRegistry                                       : loaded 2 times (x 66B)
Class org.gradle.internal.classpath.DefaultClassPath$ImmutableUniqueList              : loaded 2 times (x 195B)
Class org.gradle.internal.classloader.FilteringClassLoader                            : loaded 2 times (x 101B)
Class Settings_gradle$1                                                               : loaded 2 times (x 70B)
Class org.gradle.internal.classpath.ClassPath                                         : loaded 2 times (x 66B)
Class org.gradle.api.UncheckedIOException                                             : loaded 2 times (x 78B)
Class org.gradle.internal.installation.GradleInstallation$1                           : loaded 2 times (x 71B)
Class org.gradle.api.internal.classpath.ModuleRegistry                                : loaded 2 times (x 66B)
Class org.gradle.api.internal.classpath.DefaultModuleRegistry                         : loaded 2 times (x 82B)
Class org.gradle.internal.service.ServiceLookupException                              : loaded 2 times (x 78B)
Class org.gradle.internal.classloader.ClassLoaderFactory                              : loaded 2 times (x 66B)
Class org.gradle.internal.service.CachingServiceLocator                               : loaded 2 times (x 78B)
Class org.gradle.internal.classloader.ClasspathUtil                                   : loaded 2 times (x 67B)
Class org.gradle.api.specs.Spec                                                       : loaded 2 times (x 66B)
Class org.gradle.internal.classloader.VisitableURLClassLoader$InstrumentingVisitableURLClassLoader: loaded 2 times (x 119B)
Class org.gradle.internal.classloader.VisitableURLClassLoader$Spec                    : loaded 2 times (x 70B)
Class org.gradle.internal.classpath.DefaultClassPath                                  : loaded 2 times (x 86B)
Class org.gradle.internal.classloader.ClassLoaderSpec                                 : loaded 2 times (x 67B)
Class Settings_gradle$1$1                                                             : loaded 2 times (x 70B)
Class org.gradle.internal.classloader.VisitableURLClassLoader                         : loaded 2 times (x 113B)
Class Settings_gradle                                                                 : loaded 2 times (x 124B)
Class org.gradle.internal.Cast                                                        : loaded 2 times (x 67B)
Class org.gradle.api.Action                                                           : loaded 2 times (x 66B)
Class org.gradle.internal.classpath.DefaultClassPath$ImmutableUniqueList$Builder      : loaded 2 times (x 71B)
Class org.gradle.api.GradleException                                                  : loaded 2 times (x 78B)
Class org.gradle.internal.IoActions                                                   : loaded 2 times (x 67B)
Class org.gradle.internal.classloader.SystemClassLoaderSpec                           : loaded 2 times (x 67B)
Class org.gradle.api.internal.classpath.GlobalCacheRootsProvider                      : loaded 2 times (x 66B)
Class org.gradle.internal.installation.CurrentGradleInstallationLocator               : loaded 2 times (x 67B)
Class org.gradle.internal.service.DefaultServiceLocator                               : loaded 2 times (x 79B)
Class org.gradle.internal.installation.CurrentGradleInstallation                      : loaded 2 times (x 69B)
Class org.gradle.util.internal.GUtil                                                  : loaded 2 times (x 67B)
Class org.gradle.internal.installation.GradleInstallation                             : loaded 2 times (x 71B)

---------------  S Y S T E M  ---------------

OS:
 Windows 11 , 64 bit Build 26100 (10.0.26100.7309)
OS uptime: 3 days 10:54 hours
Hyper-V role detected

CPU: total 12 (initial active 12) (6 cores per cpu, 2 threads per core) family 6 model 154 stepping 4 microcode 0x437, cx8, cmov, fxsr, ht, mmx, 3dnowpref, sse, sse2, sse3, ssse3, sse4.1, sse4.2, popcnt, lzcnt, tsc, tscinvbit, avx, avx2, aes, erms, clmul, bmi1, bmi2, adx, sha, fma, vzeroupper, clflush, clflushopt, clwb, hv, serialize, rdtscp, rdpid, fsrm, f16c, cet_ibt, cet_ss
Processor Information for all 12 processors :
  Max Mhz: 1300, Current Mhz: 1300, Mhz Limit: 1300

Memory: 4k page, system-wide physical 16016M (609M free)
TotalPageFile size 26229M (AvailPageFile size 5M)
current process WorkingSet (physical memory assigned to process): 315M, peak: 315M
current process commit charge ("private bytes"): 353M, peak: 385M

vm_info: OpenJDK 64-Bit Server VM (21.0.4+-12508038-b607.1) for windows-amd64 JRE (21.0.4+-12508038-b607.1), built on 2024-10-16T17:23:34Z by "builder" with MS VC++ 16.10 / 16.11 (VS2019)

END.
